Component: ARM Compiler 6.15 Tool: armlink [5dd79300]

==============================================================================

Section Cross References

    startup_stm32h743xx.o(RESET) refers to startup_stm32h743xx.o(STACK) for __initial_sp
    startup_stm32h743xx.o(RESET) refers to startup_stm32h743xx.o(.text) for Reset_Handler
    startup_stm32h743xx.o(RESET) refers to stm32h7xx_it.o(.text.NMI_Handler) for NMI_Handler
    startup_stm32h743xx.o(RESET) refers to stm32h7xx_it.o(.text.HardFault_Handler) for HardFault_Handler
    startup_stm32h743xx.o(RESET) refers to stm32h7xx_it.o(.text.MemManage_Handler) for MemManage_Handler
    startup_stm32h743xx.o(RESET) refers to stm32h7xx_it.o(.text.BusFault_Handler) for BusFault_Handler
    startup_stm32h743xx.o(RESET) refers to stm32h7xx_it.o(.text.UsageFault_Handler) for UsageFault_Handler
    startup_stm32h743xx.o(RESET) refers to stm32h7xx_it.o(.text.SVC_Handler) for SVC_Handler
    startup_stm32h743xx.o(RESET) refers to stm32h7xx_it.o(.text.DebugMon_Handler) for DebugMon_Handler
    startup_stm32h743xx.o(RESET) refers to stm32h7xx_it.o(.text.PendSV_Handler) for PendSV_Handler
    startup_stm32h743xx.o(RESET) refers to stm32h7xx_it.o(.text.SysTick_Handler) for SysTick_Handler
    startup_stm32h743xx.o(RESET) refers to stm32h7xx_it.o(.text.EXTI3_IRQHandler) for EXTI3_IRQHandler
    startup_stm32h743xx.o(RESET) refers to stm32h7xx_it.o(.text.DMA1_Stream0_IRQHandler) for DMA1_Stream0_IRQHandler
    startup_stm32h743xx.o(RESET) refers to stm32h7xx_it.o(.text.DMA1_Stream1_IRQHandler) for DMA1_Stream1_IRQHandler
    startup_stm32h743xx.o(RESET) refers to stm32h7xx_it.o(.text.DMA1_Stream2_IRQHandler) for DMA1_Stream2_IRQHandler
    startup_stm32h743xx.o(RESET) refers to stm32h7xx_it.o(.text.EXTI9_5_IRQHandler) for EXTI9_5_IRQHandler
    startup_stm32h743xx.o(RESET) refers to stm32h7xx_it.o(.text.TIM2_IRQHandler) for TIM2_IRQHandler
    startup_stm32h743xx.o(RESET) refers to stm32h7xx_it.o(.text.TIM3_IRQHandler) for TIM3_IRQHandler
    startup_stm32h743xx.o(RESET) refers to stm32h7xx_it.o(.text.TIM4_IRQHandler) for TIM4_IRQHandler
    startup_stm32h743xx.o(RESET) refers to stm32h7xx_it.o(.text.USART3_IRQHandler) for USART3_IRQHandler
    startup_stm32h743xx.o(RESET) refers to stm32h7xx_it.o(.text.EXTI15_10_IRQHandler) for EXTI15_10_IRQHandler
    startup_stm32h743xx.o(RESET) refers to stm32h7xx_it.o(.text.UART8_IRQHandler) for UART8_IRQHandler
    startup_stm32h743xx.o(.text) refers to system_stm32h7xx.o(.text.SystemInit) for SystemInit
    startup_stm32h743xx.o(.text) refers to entry.o(.ARM.Collect$$$$00000000) for __main
    main.o(.text.main) refers to stm32h7xx_hal.o(.text.HAL_Init) for HAL_Init
    main.o(.text.main) refers to main.o(.text.SystemClock_Config) for SystemClock_Config
    main.o(.text.main) refers to gpio.o(.text.MX_GPIO_Init) for MX_GPIO_Init
    main.o(.text.main) refers to dma.o(.text.MX_DMA_Init) for MX_DMA_Init
    main.o(.text.main) refers to usart.o(.text.MX_UART8_Init) for MX_UART8_Init
    main.o(.text.main) refers to usart.o(.text.MX_USART1_UART_Init) for MX_USART1_UART_Init
    main.o(.text.main) refers to usart.o(.text.MX_USART3_UART_Init) for MX_USART3_UART_Init
    main.o(.text.main) refers to tim.o(.text.MX_TIM2_Init) for MX_TIM2_Init
    main.o(.text.main) refers to tim.o(.text.MX_TIM3_Init) for MX_TIM3_Init
    main.o(.text.main) refers to tim.o(.text.MX_TIM4_Init) for MX_TIM4_Init
    main.o(.text.main) refers to tim.o(.text.MX_TIM1_Init) for MX_TIM1_Init
    main.o(.text.main) refers to i2c.o(.text.MX_I2C3_Init) for MX_I2C3_Init
    main.o(.text.main) refers to usermain.o(.text.UserInit) for UserInit
    main.o(.text.main) refers to usermain.o(.text.UserLoop) for UserLoop
    main.o(.ARM.exidx.text.main) refers to main.o(.text.main) for [Anonymous Symbol]
    main.o(.text.SystemClock_Config) refers to memseta.o(.text) for __aeabi_memclr4
    main.o(.text.SystemClock_Config) refers to stm32h7xx_hal_pwr_ex.o(.text.HAL_PWREx_ConfigSupply) for HAL_PWREx_ConfigSupply
    main.o(.text.SystemClock_Config) refers to stm32h7xx_hal_rcc.o(.text.HAL_RCC_OscConfig) for HAL_RCC_OscConfig
    main.o(.text.SystemClock_Config) refers to main.o(.text.Error_Handler) for Error_Handler
    main.o(.text.SystemClock_Config) refers to stm32h7xx_hal_rcc.o(.text.HAL_RCC_ClockConfig) for HAL_RCC_ClockConfig
    main.o(.text.SystemClock_Config) refers to stm32h7xx_hal_rcc.o(.text.HAL_RCC_EnableCSS) for HAL_RCC_EnableCSS
    main.o(.ARM.exidx.text.SystemClock_Config) refers to main.o(.text.SystemClock_Config) for [Anonymous Symbol]
    main.o(.text.Error_Handler) refers to stm32h7xx_hal_gpio.o(.text.HAL_GPIO_WritePin) for HAL_GPIO_WritePin
    main.o(.ARM.exidx.text.Error_Handler) refers to main.o(.text.Error_Handler) for [Anonymous Symbol]
    gpio.o(.text.MX_GPIO_Init) refers to stm32h7xx_hal_gpio.o(.text.HAL_GPIO_WritePin) for HAL_GPIO_WritePin
    gpio.o(.text.MX_GPIO_Init) refers to stm32h7xx_hal_gpio.o(.text.HAL_GPIO_Init) for HAL_GPIO_Init
[...]
    __aeabi_llsl                             0x080003c1   Thumb Code    30  llshl.o(.text)
    _ll_shift_l                              0x080003c1   Thumb Code     0  llshl.o(.text)
    __aeabi_llsr                             0x080003df   Thumb Code    32  llushr.o(.text)
    _ll_ushift_r                             0x080003df   Thumb Code     0  llushr.o(.text)
    __I$use$fp                               0x080003ff   Thumb Code     0  iusefp.o(.text)
    __aeabi_dadd                             0x080003ff   Thumb Code   322  dadd.o(.text)
    __aeabi_dsub                             0x08000541   Thumb Code     6  dadd.o(.text)
    __aeabi_drsub                            0x08000547   Thumb Code     6  dadd.o(.text)
    __aeabi_dmul                             0x0800054d   Thumb Code   228  dmul.o(.text)
    __aeabi_ddiv                             0x08000631   Thumb Code   222  ddiv.o(.text)
    __aeabi_d2ulz                            0x0800070f   Thumb Code    48  dfixul.o(.text)
    __aeabi_cdrcmple                         0x08000741   Thumb Code    48  cdrcmple.o(.text)
    __scatterload                            0x08000771   Thumb Code    28  init.o(.text)
    __scatterload_rt2                        0x08000771   Thumb Code     0  init.o(.text)
    __aeabi_lasr                             0x08000795   Thumb Code    36  llsshr.o(.text)
    _ll_sshift_r                             0x08000795   Thumb Code     0  llsshr.o(.text)
    _double_round                            0x080007b9   Thumb Code    30  depilogue.o(.text)
    _double_epilogue                         0x080007d7   Thumb Code   156  depilogue.o(.text)
    BusFault_Handler                         0x08000879   Thumb Code     4  stm32h7xx_it.o(.text.BusFault_Handler)
    Char2Short                               0x08000881   Thumb Code    20  gyro.o(.text.Char2Short)
    DMA1_Stream0_IRQHandler                  0x08000899   Thumb Code    16  stm32h7xx_it.o(.text.DMA1_Stream0_IRQHandler)
    DMA1_Stream1_IRQHandler                  0x080008a9   Thumb Code    16  stm32h7xx_it.o(.text.DMA1_Stream1_IRQHandler)
    DMA1_Stream2_IRQHandler                  0x080008b9   Thumb Code    16  stm32h7xx_it.o(.text.DMA1_Stream2_IRQHandler)
    DebugMon_Handler                         0x08001361   Thumb Code     2  stm32h7xx_it.o(.text.DebugMon_Handler)
    DebugRangingLaser                        0x08001369   Thumb Code    40  miscellaneous.o(.text.DebugRangingLaser)
    DiffuseReflectionLaserInit               0x08001391   Thumb Code    60  diffusereflectionlaser.o(.text.DiffuseReflectionLaserInit)
    DiffuseReflectionLaserStateJudge         0x080013d1   Thumb Code   164  diffusereflectionlaser.o(.text.DiffuseReflectionLaserStateJudge)
    EXTI15_10_IRQHandler                     0x08001479   Thumb Code    12  stm32h7xx_it.o(.text.EXTI15_10_IRQHandler)
    EXTI3_IRQHandler                         0x08001489   Thumb Code    10  stm32h7xx_it.o(.text.EXTI3_IRQHandler)
    EXTI9_5_IRQHandler                       0x08001499   Thumb Code    12  stm32h7xx_it.o(.text.EXTI9_5_IRQHandler)
    Error_Handler                            0x080014a9   Thumb Code    34  main.o(.text.Error_Handler)
    GraySensorConfigTest                     0x080014d1   Thumb Code   132  graysensor.o(.text.GraySensorConfigTest)
    GraySensorFifteenAnalogValueGet          0x08001559   Thumb Code   132  graysensor.o(.text.GraySensorFifteenAnalogValueGet)
    GraySensorInit                           0x080015e1   Thumb Code    30  graysensor.o(.text.GraySensorInit)
    GyroCheckSumJudge                        0x08001601   Thumb Code    96  gyro.o(.text.GyroCheckSumJudge)
    GyroEulerAnglesProcess                   0x08001661   Thumb Code    56  gyro.o(.text.GyroEulerAnglesProcess)
    GyroGetAllAngles                         0x08001699   Thumb Code    76  gyro.o(.text.GyroGetAllAngles)
    GyroInit                                 0x080016e9   Thumb Code    36  gyro.o(.text.GyroInit)
    GyroOpen                                 0x08001711   Thumb Code    80  gyro.o(.text.GyroOpen)
    HAL_DMA_Abort                            0x08001761   Thumb Code  2446  stm32h7xx_hal_dma.o(.text.HAL_DMA_Abort)
    HAL_DMA_Abort_IT                         0x080020f1   Thumb Code  1724  stm32h7xx_hal_dma.o(.text.HAL_DMA_Abort_IT)
    HAL_DMA_IRQHandler                       0x080027b1   Thumb Code  4624  stm32h7xx_hal_dma.o(.text.HAL_DMA_IRQHandler)
    HAL_DMA_Init                             0x080039c1   Thumb Code  2432  stm32h7xx_hal_dma.o(.text.HAL_DMA_Init)
    HAL_DMA_Start_IT                         0x08004341   Thumb Code  1814  stm32h7xx_hal_dma.o(.text.HAL_DMA_Start_IT)
    HAL_Delay                                0x08004a59   Thumb Code    68  stm32h7xx_hal.o(.text.HAL_Delay)
    HAL_GPIO_EXTI_Callback                   0x08004aa1   Thumb Code    66  callbackaction.o(.text.HAL_GPIO_EXTI_Callback)
    HAL_GPIO_EXTI_IRQHandler                 0x08004ae9   Thumb Code    54  stm32h7xx_hal_gpio.o(.text.HAL_GPIO_EXTI_IRQHandler)
    HAL_GPIO_Init                            0x08004b21   Thumb Code   978  stm32h7xx_hal_gpio.o(.text.HAL_GPIO_Init)
    HAL_GPIO_ReadPin                         0x08004ef9   Thumb Code    48  stm32h7xx_hal_gpio.o(.text.HAL_GPIO_ReadPin)
    HAL_GPIO_TogglePin                       0x08004f29   Thumb Code    42  stm32h7xx_hal_gpio.o(.text.HAL_GPIO_TogglePin)
    HAL_GPIO_WritePin                        0x08004f59   Thumb Code    52  stm32h7xx_hal_gpio.o(.text.HAL_GPIO_WritePin)
    HAL_GetREVID                             0x08004f91   Thumb Code    14  stm32h7xx_hal.o(.text.HAL_GetREVID)
    HAL_GetTick                              0x08004fa1   Thumb Code    12  stm32h7xx_hal.o(.text.HAL_GetTick)
    HAL_I2CEx_ConfigAnalogFilter             0x08004fb1   Thumb Code   152  stm32h7xx_hal_i2c_ex.o(.text.HAL_I2CEx_ConfigAnalogFilter)
    HAL_I2CEx_ConfigDigitalFilter            0x08005049   Thumb Code   162  stm32h7xx_hal_i2c_ex.o(.text.HAL_I2CEx_ConfigDigitalFilter)
    HAL_I2C_Init                             0x080050f1   Thumb Code   264  stm32h7xx_hal_i2c.o(.text.HAL_I2C_Init)
    HAL_I2C_Master_Receive                   0x080051f9   Thumb Code   560  stm32h7xx_hal_i2c.o(.text.HAL_I2C_Master_Receive)
    HAL_I2C_Master_Transmit                  0x08005429   Thumb Code   558  stm32h7xx_hal_i2c.o(.text.HAL_I2C_Master_Transmit)
    HAL_I2C_MspInit                          0x08005659   Thumb Code   254  i2c.o(.text.HAL_I2C_MspInit)
    HAL_IncTick                              0x08005759   Thumb Code    26  stm32h7xx_hal.o(.text.HAL_IncTick)
    HAL_Init                                 0x08005779   Thumb Code   124  stm32h7xx_hal.o(.text.HAL_Init)
    HAL_InitTick                             0x080057f9   Thumb Code   138  stm32h7xx_hal.o(.text.HAL_InitTick)
    HAL_MspInit                              0x08005889   Thumb Code    44  stm32h7xx_hal_msp.o(.text.HAL_MspInit)
    HAL_NVIC_DisableIRQ                      0x080058b9   Thumb Code    24  stm32h7xx_hal_cortex.o(.text.HAL_NVIC_DisableIRQ)
    HAL_NVIC_EnableIRQ                       0x080058d1   Thumb Code    24  stm32h7xx_hal_cortex.o(.text.HAL_NVIC_EnableIRQ)
    HAL_NVIC_SetPriority                     0x080058e9   Thumb Code    60  stm32h7xx_hal_cortex.o(.text.HAL_NVIC_SetPriority)
    HAL_NVIC_SetPriorityGrouping             0x08005929   Thumb Code    16  stm32h7xx_hal_cortex.o(.text.HAL_NVIC_SetPriorityGrouping)
    HAL_PWREx_ConfigSupply                   0x08005939   Thumb Code   162  stm32h7xx_hal_pwr_ex.o(.text.HAL_PWREx_ConfigSupply)
    HAL_RCCEx_GetD3PCLK1Freq                 0x080059e1   Thumb Code    38  stm32h7xx_hal_rcc_ex.o(.text.HAL_RCCEx_GetD3PCLK1Freq)
    HAL_RCCEx_GetPLL2ClockFreq               0x08005a09   Thumb Code   688  stm32h7xx_hal_rcc_ex.o(.text.HAL_RCCEx_GetPLL2ClockFreq)
    HAL_RCCEx_GetPLL3ClockFreq               0x08005cb9   Thumb Code   688  stm32h7xx_hal_rcc_ex.o(.text.HAL_RCCEx_GetPLL3ClockFreq)
    HAL_RCCEx_PeriphCLKConfig                0x08005f69   Thumb Code  4054  stm32h7xx_hal_rcc_ex.o(.text.HAL_RCCEx_PeriphCLKConfig)
    HAL_RCC_CSSCallback                      0x08006f41   Thumb Code     2  stm32h7xx_hal_rcc.o(.text.HAL_RCC_CSSCallback)
    HAL_RCC_ClockConfig                      0x08006f49   Thumb Code  1178  stm32h7xx_hal_rcc.o(.text.HAL_RCC_ClockConfig)
    HAL_RCC_EnableCSS                        0x080073e9   Thumb Code    18  stm32h7xx_hal_rcc.o(.text.HAL_RCC_EnableCSS)
    HAL_RCC_GetHCLKFreq                      0x08007401   Thumb Code    84  stm32h7xx_hal_rcc.o(.text.HAL_RCC_GetHCLKFreq)
    HAL_RCC_GetPCLK1Freq                     0x08007459   Thumb Code    38  stm32h7xx_hal_rcc.o(.text.HAL_RCC_GetPCLK1Freq)
    HAL_RCC_GetPCLK2Freq                     0x08007481   Thumb Code    38  stm32h7xx_hal_rcc.o(.text.HAL_RCC_GetPCLK2Freq)
    HAL_RCC_GetSysClockFreq                  0x080074a9   Thumb Code   788  stm32h7xx_hal_rcc.o(.text.HAL_RCC_GetSysClockFreq)
    HAL_RCC_NMI_IRQHandler                   0x080077c1   Thumb Code    42  stm32h7xx_hal_rcc.o(.text.HAL_RCC_NMI_IRQHandler)
    HAL_RCC_OscConfig                        0x080077f1   Thumb Code  2726  stm32h7xx_hal_rcc.o(.text.HAL_RCC_OscConfig)
    HAL_SYSTICK_Config                       0x08008299   Thumb Code    16  stm32h7xx_hal_cortex.o(.text.HAL_SYSTICK_Config)
    HAL_TIMEx_Break2Callback                 0x080082a9   Thumb Code     8  stm32h7xx_hal_tim_ex.o(.text.HAL_TIMEx_Break2Callback)
    HAL_TIMEx_BreakCallback                  0x080082b1   Thumb Code     8  stm32h7xx_hal_tim_ex.o(.text.HAL_TIMEx_BreakCallback)
    HAL_TIMEx_CommutCallback                 0x080082b9   Thumb Code     8  stm32h7xx_hal_tim_ex.o(.text.HAL_TIMEx_CommutCallback)
    HAL_TIMEx_ConfigBreakDeadTime            0x080082c1   Thumb Code   274  stm32h7xx_hal_tim_ex.o(.text.HAL_TIMEx_ConfigBreakDeadTime)
    HAL_TIMEx_MasterConfigSynchronization    0x080083d9   Thumb Code   326  stm32h7xx_hal_tim_ex.o(.text.HAL_TIMEx_MasterConfigSynchronization)
    HAL_TIM_Base_Init                        0x08008521   Thumb Code   178  stm32h7xx_hal_tim.o(.text.HAL_TIM_Base_Init)
    HAL_TIM_Base_MspInit                     0x080085d9   Thumb Code   262  tim.o(.text.HAL_TIM_Base_MspInit)
    HAL_TIM_Base_Start_IT                    0x080086e1   Thumb Code   242  stm32h7xx_hal_tim.o(.text.HAL_TIM_Base_Start_IT)
    HAL_TIM_ConfigClockSource                0x080087d9   Thumb Code   482  stm32h7xx_hal_tim.o(.text.HAL_TIM_ConfigClockSource)
    HAL_TIM_IC_CaptureCallback               0x080089c1   Thumb Code     8  stm32h7xx_hal_tim.o(.text.HAL_TIM_IC_CaptureCallback)
    HAL_TIM_IRQHandler                       0x080089c9   Thumb Code   700  stm32h7xx_hal_tim.o(.text.HAL_TIM_IRQHandler)
    HAL_TIM_MspPostInit                      0x08008c89   Thumb Code   104  tim.o(.text.HAL_TIM_MspPostInit)
    HAL_TIM_OC_DelayElapsedCallback          0x08008cf1   Thumb Code     8  stm32h7xx_hal_tim.o(.text.HAL_TIM_OC_DelayElapsedCallback)
    HAL_TIM_PWM_ConfigChannel                0x08008cf9   Thumb Code   418  stm32h7xx_hal_tim.o(.text.HAL_TIM_PWM_ConfigChannel)
    HAL_TIM_PWM_Init                         0x08008ea1   Thumb Code   178  stm32h7xx_hal_tim.o(.text.HAL_TIM_PWM_Init)
    HAL_TIM_PWM_MspInit                      0x08008f59   Thumb Code     8  stm32h7xx_hal_tim.o(.text.HAL_TIM_PWM_MspInit)
    HAL_TIM_PWM_PulseFinishedCallback        0x08008f61   Thumb Code     8  stm32h7xx_hal_tim.o(.text.HAL_TIM_PWM_PulseFinishedCallback)
    HAL_TIM_PWM_Start                        0x08008f69   Thumb Code   626  stm32h7xx_hal_tim.o(.text.HAL_TIM_PWM_Start)
    HAL_TIM_PeriodElapsedCallback            0x080091e1   Thumb Code    92  callbackaction.o(.text.HAL_TIM_PeriodElapsedCallback)
    HAL_TIM_TriggerCallback                  0x08009241   Thumb Code     8  stm32h7xx_hal_tim.o(.text.HAL_TIM_TriggerCallback)
    HAL_UARTEx_DisableFifoMode               0x08009249   Thumb Code   124  stm32h7xx_hal_uart_ex.o(.text.HAL_UARTEx_DisableFifoMode)
    HAL_UARTEx_RxEventCallback               0x080092c9   Thumb Code    14  stm32h7xx_hal_uart.o(.text.HAL_UARTEx_RxEventCallback)
    HAL_UARTEx_RxFifoFullCallback            0x080092d9   Thumb Code     8  stm32h7xx_hal_uart_ex.o(.text.HAL_UARTEx_RxFifoFullCallback)
    HAL_UARTEx_SetRxFifoThreshold            0x080092e1   Thumb Code   140  stm32h7xx_hal_uart_ex.o(.text.HAL_UARTEx_SetRxFifoThreshold)
    HAL_UARTEx_SetTxFifoThreshold            0x08009371   Thumb Code   140  stm32h7xx_hal_uart_ex.o(.text.HAL_UARTEx_SetTxFifoThreshold)
    HAL_UARTEx_TxFifoEmptyCallback           0x08009401   Thumb Code     8  stm32h7xx_hal_uart_ex.o(.text.HAL_UARTEx_TxFifoEmptyCallback)
    HAL_UARTEx_WakeupCallback                0x08009409   Thumb Code     8  stm32h7xx_hal_uart_ex.o(.text.HAL_UARTEx_WakeupCallback)
    HAL_UART_ErrorCallback                   0x08009411   Thumb Code     8  stm32h7xx_hal_uart.o(.text.HAL_UART_ErrorCallback)
    HAL_UART_IRQHandler                      0x08009419   Thumb Code  1486  stm32h7xx_hal_uart.o(.text.HAL_UART_IRQHandler)
    HAL_UART_Init                            0x080099e9   Thumb Code   178  stm32h7xx_hal_uart.o(.text.HAL_UART_Init)
    HAL_UART_MspInit                         0x08009aa1   Thumb Code   742  usart.o(.text.HAL_UART_MspInit)
    HAL_UART_Receive_DMA                     0x08009d89   Thumb Code   174  stm32h7xx_hal_uart.o(.text.HAL_UART_Receive_DMA)
    HAL_UART_RxCpltCallback                  0x08009e39   Thumb Code   464  callbackaction.o(.text.HAL_UART_RxCpltCallback)
    HAL_UART_RxHalfCpltCallback              0x0800a009   Thumb Code     8  stm32h7xx_hal_uart.o(.text.HAL_UART_RxHalfCpltCallback)
    HAL_UART_Transmit                        0x0800a011   Thumb Code   358  stm32h7xx_hal_uart.o(.text.HAL_UART_Transmit)
    HAL_UART_Transmit_DMA                    0x0800a179   Thumb Code   314  stm32h7xx_hal_uart.o(.text.HAL_UART_Transmit_DMA)
    HAL_UART_TxCpltCallback                  0x0800a2b9   Thumb Code    38  callbackaction.o(.text.HAL_UART_TxCpltCallback)
    HAL_UART_TxHalfCpltCallback              0x0800a2e1   Thumb Code     8  stm32h7xx_hal_uart.o(.text.HAL_UART_TxHalfCpltCallback)
    HardFault_Handler                        0x0800a2e9   Thumb Code     4  stm32h7xx_it.o(.text.HardFault_Handler)
    LeftDiffuseReflectionLaserChangeReset    0x0800a749   Thumb Code    14  diffusereflectionlaser.o(.text.LeftDiffuseReflectionLaserChangeReset)
    LeftDiffuseReflectionLaserChangeSet      0x0800a759   Thumb Code    14  diffusereflectionlaser.o(.text.LeftDiffuseReflectionLaserChangeSet)
    LeftDiffuseReflectionLaserIsChange       0x0800a769   Thumb Code    12  diffusereflectionlaser.o(.text.LeftDiffuseReflectionLaserIsChange)
    MX_DMA_Init                              0x0800a779   Thumb Code    96  dma.o(.text.MX_DMA_Init)
    MX_GPIO_Init                             0x0800a7d9   Thumb Code   446  gpio.o(.text.MX_GPIO_Init)
    MX_I2C3_Init                             0x0800a999   Thumb Code   118  i2c.o(.text.MX_I2C3_Init)
    MX_TIM1_Init                             0x0800aa11   Thumb Code   378  tim.o(.text.MX_TIM1_Init)
    MX_TIM2_Init                             0x0800ab91   Thumb Code   136  tim.o(.text.MX_TIM2_Init)
    MX_TIM3_Init                             0x0800ac19   Thumb Code   140  tim.o(.text.MX_TIM3_Init)
    MX_TIM4_Init                             0x0800aca9   Thumb Code   142  tim.o(.text.MX_TIM4_Init)
    MX_UART8_Init                            0x0800ad39   Thumb Code   142  usart.o(.text.MX_UART8_Init)
    MX_USART1_UART_Init                      0x0800adc9   Thumb Code   142  usart.o(.text.MX_USART1_UART_Init)
    MX_USART3_UART_Init                      0x0800ae59   Thumb Code   142  usart.o(.text.MX_USART3_UART_Init)
    MemManage_Handler                        0x0800aee9   Thumb Code     4  stm32h7xx_it.o(.text.MemManage_Handler)
    NMI_Handler                              0x0800aef1   Thumb Code    10  stm32h7xx_it.o(.text.NMI_Handler)
    PendSV_Handler                           0x0800af71   Thumb Code     2  stm32h7xx_it.o(.text.PendSV_Handler)
    RangingLaserDistanceGet                  0x0800b309   Thumb Code    52  ranginglaser.o(.text.RangingLaserDistanceGet)
    RangingLaserDistanceProcess              0x0800b341   Thumb Code   114  ranginglaser.o(.text.RangingLaserDistanceProcess)
    RangingLaserInit                         0x0800b3b9   Thumb Code   394  ranginglaser.o(.text.RangingLaserInit)
    RangingLaserOpen                         0x0800b549   Thumb Code    44  ranginglaser.o(.text.RangingLaserOpen)
    RightDiffuseReflectionLaserChangeReset   0x0800b579   Thumb Code    14  diffusereflectionlaser.o(.text.RightDiffuseReflectionLaserChangeReset)
    RightDiffuseReflectionLaserChangeSet     0x0800b589   Thumb Code    14  diffusereflectionlaser.o(.text.RightDiffuseReflectionLaserChangeSet)
    RightDiffuseReflectionLaserIsChange      0x0800b599   Thumb Code    12  diffusereflectionlaser.o(.text.RightDiffuseReflectionLaserIsChange)
    SVC_Handler                              0x0800b5a9   Thumb Code     2  stm32h7xx_it.o(.text.SVC_Handler)
    ServoMotorAngleSet                       0x0800b5b1   Thumb Code   314  servomotor.o(.text.ServoMotorAngleSet)
    ServoMotorInit                           0x0800b6f1   Thumb Code    84  servomotor.o(.text.ServoMotorInit)
    SysTick_Handler                          0x0800b7a1   Thumb Code     8  stm32h7xx_it.o(.text.SysTick_Handler)
    SystemClock_Config                       0x0800b7a9   Thumb Code   236  main.o(.text.SystemClock_Config)
    SystemInit                               0x0800b899   Thumb Code   360  system_stm32h7xx.o(.text.SystemInit)
    TIM2_IRQHandler                          0x0800ba01   Thumb Code    16  stm32h7xx_it.o(.text.TIM2_IRQHandler)
    TIM3_IRQHandler                          0x0800ba11   Thumb Code    16  stm32h7xx_it.o(.text.TIM3_IRQHandler)
    TIM4_IRQHandler                          0x0800ba21   Thumb Code    16  stm32h7xx_it.o(.text.TIM4_IRQHandler)
    TIM_Base_SetConfig                       0x0800ba31   Thumb Code   410  stm32h7xx_hal_tim.o(.text.TIM_Base_SetConfig)
    TIM_CCxChannelCmd                        0x0800bbd1   Thumb Code    56  stm32h7xx_hal_tim.o(.text.TIM_CCxChannelCmd)
    TIM_ETR_SetConfig                        0x0800bc09   Thumb Code    52  stm32h7xx_hal_tim.o(.text.TIM_ETR_SetConfig)
    TIM_OC2_SetConfig                        0x0800bdc1   Thumb Code   370  stm32h7xx_hal_tim.o(.text.TIM_OC2_SetConfig)
    UART8_IRQHandler                         0x0800c3c9   Thumb Code    16  stm32h7xx_it.o(.text.UART8_IRQHandler)
    UART_AdvFeatureConfig                    0x0800c461   Thumb Code   330  stm32h7xx_hal_uart.o(.text.UART_AdvFeatureConfig)
    UART_CheckIdleState                      0x0800c5b1   Thumb Code   172  stm32h7xx_hal_uart.o(.text.UART_CheckIdleState)
    UART_SetConfig                           0x0800c8c9   Thumb Code  2362  stm32h7xx_hal_uart.o(.text.UART_SetConfig)
    UART_Start_Receive_DMA                   0x0800d209   Thumb Code   232  stm32h7xx_hal_uart.o(.text.UART_Start_Receive_DMA)
    UART_WaitOnFlagUntilTimeout              0x0800d2f1   Thumb Code   272  stm32h7xx_hal_uart.o(.text.UART_WaitOnFlagUntilTimeout)
    USART3_IRQHandler                        0x0800d401   Thumb Code    16  stm32h7xx_it.o(.text.USART3_IRQHandler)
    UsageFault_Handler                       0x0800d411   Thumb Code     4  stm32h7xx_it.o(.text.UsageFault_Handler)
    UserInit                                 0x0800d419   Thumb Code    74  usermain.o(.text.UserInit)
    UserLoop                                 0x0800d469   Thumb Code     8  usermain.o(.text.UserLoop)
    VL53L0X_CheckAndLoadInterruptSettings    0x0800d471   Thumb Code   232  vl53l0x_api.o(.text.VL53L0X_CheckAndLoadInterruptSettings)
    VL53L0X_ClearInterruptMask               0x0800d559   Thumb Code   170  vl53l0x_api.o(.text.VL53L0X_ClearInterruptMask)
    VL53L0X_DataInit                         0x0800d609   Thumb Code   780  vl53l0x_api.o(.text.VL53L0X_DataInit)
    VL53L0X_GetDeviceMode                    0x0800d919   Thumb Code    28  vl53l0x_api.o(.text.VL53L0X_GetDeviceMode)
    VL53L0X_GetDeviceParameters              0x0800d939   Thumb Code   300  vl53l0x_api.o(.text.VL53L0X_GetDeviceParameters)
    VL53L0X_GetFractionEnable                0x0800da69   Thumb Code    58  vl53l0x_api.o(.text.VL53L0X_GetFractionEnable)
    VL53L0X_GetInterMeasurementPeriodMilliSeconds 0x0800daa9   Thumb Code   108  vl53l0x_api.o(.text.VL53L0X_GetInterMeasurementPeriodMilliSeconds)
    VL53L0X_GetInterruptMaskStatus           0x0800db19   Thumb Code    70  vl53l0x_api.o(.text.VL53L0X_GetInterruptMaskStatus)
    VL53L0X_GetInterruptThresholds           0x0800db61   Thumb Code   102  vl53l0x_api.o(.text.VL53L0X_GetInterruptThresholds)
    VL53L0X_GetLimitCheckEnable              0x0800dbc9   Thumb Code    76  vl53l0x_api.o(.text.VL53L0X_GetLimitCheckEnable)
    VL53L0X_GetLimitCheckValue               0x0800dc19   Thumb Code   302  vl53l0x_api.o(.text.VL53L0X_GetLimitCheckValue)
    VL53L0X_GetMeasurementDataReady          0x0800dd49   Thumb Code   138  vl53l0x_api.o(.text.VL53L0X_GetMeasurementDataReady)
    VL53L0X_GetMeasurementTimingBudgetMicroSeconds 0x0800ddd9   Thumb Code    34  vl53l0x_api.o(.text.VL53L0X_GetMeasurementTimingBudgetMicroSeconds)
    VL53L0X_GetOffsetCalibrationDataMicroMeter 0x0800de01   Thumb Code    34  vl53l0x_api.o(.text.VL53L0X_GetOffsetCalibrationDataMicroMeter)
    VL53L0X_GetRangingMeasurementData        0x0800de29   Thumb Code   614  vl53l0x_api.o(.text.VL53L0X_GetRangingMeasurementData)
    VL53L0X_GetSequenceStepEnables           0x0800e091   Thumb Code   200  vl53l0x_api.o(.text.VL53L0X_GetSequenceStepEnables)
    VL53L0X_GetVcselPulsePeriod              0x0800e159   Thumb Code    46  vl53l0x_api.o(.text.VL53L0X_GetVcselPulsePeriod)
    VL53L0X_GetWrapAroundCheckEnable         0x0800e189   Thumb Code   110  vl53l0x_api.o(.text.VL53L0X_GetWrapAroundCheckEnable)
    VL53L0X_GetXTalkCompensationEnable       0x0800e1f9   Thumb Code    36  vl53l0x_api.o(.text.VL53L0X_GetXTalkCompensationEnable)
    VL53L0X_GetXTalkCompensationRateMegaCps  0x0800e221   Thumb Code   106  vl53l0x_api.o(.text.VL53L0X_GetXTalkCompensationRateMegaCps)
    VL53L0X_PerformRefCalibration            0x0800e291   Thumb Code    40  vl53l0x_api.o(.text.VL53L0X_PerformRefCalibration)
    VL53L0X_PerformRefSpadManagement         0x0800e2b9   Thumb Code    38  vl53l0x_api.o(.text.VL53L0X_PerformRefSpadManagement)
    VL53L0X_PerformSingleMeasurement         0x0800e2e1   Thumb Code   118  vl53l0x_api.o(.text.VL53L0X_PerformSingleMeasurement)
    VL53L0X_PerformSingleRangingMeasurement  0x0800e359   Thumb Code   108  vl53l0x_api.o(.text.VL53L0X_PerformSingleRangingMeasurement)
    VL53L0X_PollingDelay                     0x0800e3c9   Thumb Code    26  vl53l0x_platform.o(.text.VL53L0X_PollingDelay)
    VL53L0X_RdByte                           0x0800e3e9   Thumb Code    90  vl53l0x_platform.o(.text.VL53L0X_RdByte)
    VL53L0X_RdDWord                          0x0800e449   Thumb Code   112  vl53l0x_platform.o(.text.VL53L0X_RdDWord)
    VL53L0X_RdWord                           0x0800e4b9   Thumb Code   116  vl53l0x_platform.o(.text.VL53L0X_RdWord)
    VL53L0X_ReadMulti                        0x0800e531   Thumb Code    94  vl53l0x_platform.o(.text.VL53L0X_ReadMulti)
    VL53L0X_SetDeviceMode                    0x0800e591   Thumb Code    76  vl53l0x_api.o(.text.VL53L0X_SetDeviceMode)
    VL53L0X_SetGpioConfig                    0x0800e5e1   Thumb Code   660  vl53l0x_api.o(.text.VL53L0X_SetGpioConfig)
    VL53L0X_SetLimitCheckEnable              0x0800e879   Thumb Code   318  vl53l0x_api.o(.text.VL53L0X_SetLimitCheckEnable)
    VL53L0X_SetLimitCheckValue               0x0800e9b9   Thumb Code   194  vl53l0x_api.o(.text.VL53L0X_SetLimitCheckValue)
    VL53L0X_SetMeasurementTimingBudgetMicroSeconds 0x0800ea81   Thumb Code    34  vl53l0x_api.o(.text.VL53L0X_SetMeasurementTimingBudgetMicroSeconds)
    VL53L0X_SetSequenceStepEnable            0x0800eaa9   Thumb Code   392  vl53l0x_api.o(.text.VL53L0X_SetSequenceStepEnable)
    VL53L0X_StartMeasurement                 0x0800ec31   Thumb Code   468  vl53l0x_api.o(.text.VL53L0X_StartMeasurement)
    VL53L0X_StaticInit                       0x0800ee09   Thumb Code   872  vl53l0x_api.o(.text.VL53L0X_StaticInit)
    VL53L0X_UpdateByte                       0x0800f171   Thumb Code   118  vl53l0x_platform.o(.text.VL53L0X_UpdateByte)
    VL53L0X_WaitDeviceBooted                 0x0800f1e9   Thumb Code    18  vl53l0x_api.o(.text.VL53L0X_WaitDeviceBooted)
    VL53L0X_WrByte                           0x0800f201   Thumb Code    84  vl53l0x_platform.o(.text.VL53L0X_WrByte)
    VL53L0X_WrWord                           0x0800f259   Thumb Code    90  vl53l0x_platform.o(.text.VL53L0X_WrWord)
    VL53L0X_WriteMulti                       0x0800f2b9   Thumb Code   128  vl53l0x_platform.o(.text.VL53L0X_WriteMulti)
    VL53L0X_calc_dmax                        0x0800f339   Thumb Code   552  vl53l0x_api_core.o(.text.VL53L0X_calc_dmax)
    VL53L0X_calc_macro_period_ps             0x0800f561   Thumb Code    46  vl53l0x_api_core.o(.text.VL53L0X_calc_macro_period_ps)
    VL53L0X_calc_sigma_estimate              0x0800f591   Thumb Code  1076  vl53l0x_api_core.o(.text.VL53L0X_calc_sigma_estimate)
    VL53L0X_calc_timeout_mclks               0x0800f9c9   Thumb Code    84  vl53l0x_api_core.o(.text.VL53L0X_calc_timeout_mclks)
    VL53L0X_calc_timeout_us                  0x0800fa21   Thumb Code    92  vl53l0x_api_core.o(.text.VL53L0X_calc_timeout_us)
    VL53L0X_decode_timeout                   0x0800fa81   Thumb Code    34  vl53l0x_api_core.o(.text.VL53L0X_decode_timeout)
    VL53L0X_decode_vcsel_period              0x0800faa9   Thumb Code    36  vl53l0x_api_core.o(.text.VL53L0X_decode_vcsel_period)
    VL53L0X_device_read_strobe               0x0800fad1   Thumb Code   158  vl53l0x_api_core.o(.text.VL53L0X_device_read_strobe)
    VL53L0X_encode_timeout                   0x0800fb71   Thumb Code    86  vl53l0x_api_core.o(.text.VL53L0X_encode_timeout)
    VL53L0X_get_info_from_device             0x0800fbc9   Thumb Code  2078  vl53l0x_api_core.o(.text.VL53L0X_get_info_from_device)
    VL53L0X_get_measurement_timing_budget_micro_seconds 0x080103e9   Thumb Code   384  vl53l0x_api_core.o(.text.VL53L0X_get_measurement_timing_budget_micro_seconds)
    VL53L0X_get_offset_calibration_data_micro_meter 0x08010569   Thumb Code   126  vl53l0x_api_calibration.o(.text.VL53L0X_get_offset_calibration_data_micro_meter)
    VL53L0X_get_pal_range_status             0x080105e9   Thumb Code  1046  vl53l0x_api_core.o(.text.VL53L0X_get_pal_range_status)
    VL53L0X_get_total_signal_rate            0x08010a01   Thumb Code    68  vl53l0x_api_core.o(.text.VL53L0X_get_total_signal_rate)
    VL53L0X_get_total_xtalk_rate             0x08010a49   Thumb Code    92  vl53l0x_api_core.o(.text.VL53L0X_get_total_xtalk_rate)
    VL53L0X_get_vcsel_pulse_period           0x08010aa9   Thumb Code   118  vl53l0x_api_core.o(.text.VL53L0X_get_vcsel_pulse_period)
    VL53L0X_isqrt                            0x08010b21   Thumb Code   104  vl53l0x_api_core.o(.text.VL53L0X_isqrt)
    VL53L0X_load_tuning_settings             0x08010b89   Thumb Code   496  vl53l0x_api_core.o(.text.VL53L0X_load_tuning_settings)
    VL53L0X_measurement_poll_for_completion  0x08010d79   Thumb Code   106  vl53l0x_api_core.o(.text.VL53L0X_measurement_poll_for_completion)
    VL53L0X_perform_phase_calibration        0x08010de9   Thumb Code   246  vl53l0x_api_calibration.o(.text.VL53L0X_perform_phase_calibration)
    VL53L0X_perform_ref_calibration          0x08010ee1   Thumb Code   154  vl53l0x_api_calibration.o(.text.VL53L0X_perform_ref_calibration)
    VL53L0X_perform_ref_spad_management      0x08010f81   Thumb Code  1076  vl53l0x_api_calibration.o(.text.VL53L0X_perform_ref_spad_management)
    VL53L0X_perform_single_ref_calibration   0x080113b9   Thumb Code   132  vl53l0x_api_calibration.o(.text.VL53L0X_perform_single_ref_calibration)
    VL53L0X_perform_vhv_calibration          0x08011441   Thumb Code   254  vl53l0x_api_calibration.o(.text.VL53L0X_perform_vhv_calibration)
    VL53L0X_ref_calibration_io               0x08011541   Thumb Code   376  vl53l0x_api_calibration.o(.text.VL53L0X_ref_calibration_io)
    VL53L0X_set_measurement_timing_budget_micro_seconds 0x080116b9   Thumb Code   512  vl53l0x_api_core.o(.text.VL53L0X_set_measurement_timing_budget_micro_seconds)
    VL53L0X_set_reference_spads              0x080118b9   Thumb Code   364  vl53l0x_api_calibration.o(.text.VL53L0X_set_reference_spads)
    _I2CRead                                 0x08011a29   Thumb Code    74  vl53l0x_platform.o(.text._I2CRead)
    _I2CWrite                                0x08011a79   Thumb Code    70  vl53l0x_platform.o(.text._I2CWrite)
    enable_ref_spads                         0x08011bd1   Thumb Code   260  vl53l0x_api_calibration.o(.text.enable_ref_spads)
    enable_spad_bit                          0x08011cd9   Thumb Code    88  vl53l0x_api_calibration.o(.text.enable_spad_bit)
    fputc                                    0x08011d31   Thumb Code    38  miscellaneous.o(.text.fputc)
    get_next_good_spad                       0x08011d59   Thumb Code   218  vl53l0x_api_calibration.o(.text.get_next_good_spad)
    get_ref_spad_map                         0x08011e39   Thumb Code    32  vl53l0x_api_calibration.o(.text.get_ref_spad_map)
    get_sequence_step_timeout                0x08011e59   Thumb Code   460  vl53l0x_api_core.o(.text.get_sequence_step_timeout)
    is_aperture                              0x08012029   Thumb Code    52  vl53l0x_api_calibration.o(.text.is_aperture)
    main                                     0x08012061   Thumb Code    70  main.o(.text.main)
    perform_ref_signal_measurement           0x080120a9   Thumb Code   214  vl53l0x_api_calibration.o(.text.perform_ref_signal_measurement)
    sequence_step_enabled                    0x08012181   Thumb Code   138  vl53l0x_api.o(.text.sequence_step_enabled)
    set_ref_spad_map                         0x08012211   Thumb Code    32  vl53l0x_api_calibration.o(.text.set_ref_spad_map)
    set_sequence_step_timeout                0x08012231   Thumb Code   528  vl53l0x_api_core.o(.text.set_sequence_step_timeout)
    __0printf                                0x08012441   Thumb Code    22  printfa.o(i.__0printf)
    __1printf                                0x08012441   Thumb Code     0  printfa.o(i.__0printf)
    __2printf                                0x08012441   Thumb Code     0  printfa.o(i.__0printf)
    __c89printf                              0x08012441   Thumb Code     0  printfa.o(i.__0printf)
    printf                                   0x08012441   Thumb Code     0  printfa.o(i.__0printf)
    __scatterload_copy                       0x08012461   Thumb Code    14  handlers.o(i.__scatterload_copy)
    __scatterload_null                       0x0801246f   Thumb Code     2  handlers.o(i.__scatterload_null)
    __scatterload_zeroinit                   0x08012471   Thumb Code    14  handlers.o(i.__scatterload_zeroinit)
    D1CorePrescTable                         0x08012d32   Data          16  system_stm32h7xx.o(.rodata.D1CorePrescTable)
    UARTPrescTable                           0x08012d5a   Data          24  stm32h7xx_hal_uart.o(.rodata.UARTPrescTable)
    Region$$Table$$Base                      0x08012d78   Number         0  anon$$obj.o(Region$$Table)
    Region$$Table$$Limit                     0x08012d98   Number         0  anon$$obj.o(Region$$Table)
    __stdout                                 0x24000000   Data           4  stdout.o(.data)
    DefaultTuningSettings                    0x24000004   Data         243  vl53l0x_api.o(.data.DefaultTuningSettings)
    Dev                                      0x240000f8   Data           4  ranginglaser.o(.data.Dev)
    InterruptThresholdSettings               0x24000100   Data         438  vl53l0x_api.o(.data.InterruptThresholdSettings)
    SystemCoreClock                          0x240002b8   Data           4  system_stm32h7xx.o(.data.SystemCoreClock)
    SystemD2Clock                            0x240002bc   Data           4  system_stm32h7xx.o(.data.SystemD2Clock)
    refArrayQuadrants                        0x240002c0   Data          16  vl53l0x_api_calibration.o(.data.refArrayQuadrants)
    uwTickFreq                               0x240002d0   Data           1  stm32h7xx_hal.o(.data.uwTickFreq)
    uwTickPrio                               0x240002d4   Data           4  stm32h7xx_hal.o(.data.uwTickPrio)
    GraySensorRecieveFlag                    0x240002ec   Data           1  graysensor.o(.bss.GraySensorRecieveFlag)
    GraySensorTransferFlag                   0x240002ed   Data           1  graysensor.o(.bss.GraySensorTransferFlag)
    GyroOpenFlag                             0x240002ee   Data           1  gyro.o(.bss.GyroOpenFlag)
    GyroReceiveBuffer                        0x240002ef   Data          11  gyro.o(.bss.GyroReceiveBuffer)
    GyroReceiveNum                           0x240002fa   Data           1  gyro.o(.bss.GyroReceiveNum)
    Left_DFLaser_Change_State                0x24000300   Data           1  diffusereflectionlaser.o(.bss.Left_DFLaser_Change_State)
    Left_DRLaser_State                       0x24000301   Data           1  diffusereflectionlaser.o(.bss.Left_DRLaser_State)
    PhaseCal                                 0x24000302   Data           1  ranginglaser.o(.bss.PhaseCal)
    RangingData                              0x24000304   Data          28  ranginglaser.o(.bss.RangingData)
    RangingLaserDistance                     0x24000320   Data           2  ranginglaser.o(.bss.RangingLaserDistance)
    Right_DFLaser_Change_State               0x24000322   Data           1  diffusereflectionlaser.o(.bss.Right_DFLaser_Change_State)
    Right_DRLaser_State                      0x24000323   Data           1  diffusereflectionlaser.o(.bss.Right_DRLaser_State)
    Status                                   0x24000324   Data           1  ranginglaser.o(.bss.Status)
    VhvSettings                              0x24000325   Data           1  ranginglaser.o(.bss.VhvSettings)
    _I2CBuffer                               0x24000326   Data          64  vl53l0x_platform.o(.bss._I2CBuffer)
    hdma_uart8_rx                            0x24000368   Data         120  usart.o(.bss.hdma_uart8_rx)
    hdma_usart3_rx                           0x240003e0   Data         120  usart.o(.bss.hdma_usart3_rx)
    hdma_usart3_tx                           0x24000458   Data         120  usart.o(.bss.hdma_usart3_tx)
    hi2c3                                    0x240004d0   Data          76  i2c.o(.bss.hi2c3)
    htim1                                    0x2400051c   Data          76  tim.o(.bss.htim1)
    htim2                                    0x24000568   Data          76  tim.o(.bss.htim2)
    htim3                                    0x240005b4   Data          76  tim.o(.bss.htim3)
    htim4                                    0x24000600   Data          76  tim.o(.bss.htim4)
    huart1                                   0x2400064c   Data         144  usart.o(.bss.huart1)
    huart3                                   0x240006dc   Data         144  usart.o(.bss.huart3)
    huart8                                   0x2400076c   Data         144  usart.o(.bss.huart8)
    isApertureSpads                          0x240007fc   Data           1  ranginglaser.o(.bss.isApertureSpads)
    refSpadCount                             0x24000800   Data           4  ranginglaser.o(.bss.refSpadCount)
    uwTick                                   0x24000804   Data           4  stm32h7xx_hal.o(.bss.uwTick)
    vl53l0x_c                                0x24000808   Data         400  ranginglaser.o(.bss.vl53l0x_c)
    __initial_sp                             0x24000d98   Data           0  startup_stm32h743xx.o(STACK)



==============================================================================

Memory Map of the image

  Image Entry point : 0x08000299

  Load Region LR_IROM1 (Base: 0x08000000, Size: 0x00013070, Max: 0x00200000, ABSOLUTE)

    Execution Region ER_IROM1 (Exec base: 0x08000000, Load base: 0x08000000, Size: 0x00012d98, Max: 0x00200000, ABSOLUTE)

    Exec Addr    Load Addr    Size         Type   Attr      Idx    E Section Name        Object

    0x08000000   0x08000000   0x00000298   Data   RO            3    RESET               startup_stm32h743xx.o
    0x08000298   0x08000298   0x00000000   Code   RO         2292  * .ARM.Collect$$$$00000000  mc_w.l(entry.o)
    0x08000298   0x08000298   0x00000004   Code   RO         2337    .ARM.Collect$$$$00000001  mc_w.l(entry2.o)
    0x0800029c   0x0800029c   0x00000004   Code   RO         2340    .ARM.Collect$$$$00000004  mc_w.l(entry5.o)
    0x080002a0   0x080002a0   0x00000000   Code   RO         2342    .ARM.Collect$$$$00000008  mc_w.l(entry7b.o)
    0x080002a0   0x080002a0   0x00000000   Code   RO         2344    .ARM.Collect$$$$0000000A  mc_w.l(entry8b.o)
    0x080002a0   0x080002a0   0x00000008   Code   RO         2345    .ARM.Collect$$$$0000000B  mc_w.l(entry9a.o)
    0x080002a8   0x080002a8   0x00000000   Code   RO         2347    .ARM.Collect$$$$0000000D  mc_w.l(entry10a.o)
    0x080002a8   0x080002a8   0x00000000   Code   RO         2349    .ARM.Collect$$$$0000000F  mc_w.l(entry11a.o)
    0x080002a8   0x080002a8   0x00000004   Code   RO         2338    .ARM.Collect$$$$00002712  mc_w.l(entry2.o)
    0x080002ac   0x080002ac   0x00000024   Code   RO            4    .text               startup_stm32h743xx.o
    0x080002d0   0x080002d0   0x00000062   Code   RO         2295    .text               mc_w.l(uldiv.o)
    0x08000332   0x08000332   0x00000008   Code   RO         2297    .text               mc_w.l(siabs.o)
    0x0800033a   0x0800033a   0x00000024   Code   RO         2301    .text               mc_w.l(memcpya.o)
    0x0800035e   0x0800035e   0x00000024   Code   RO         2303    .text               mc_w.l(memseta.o)
    0x08000382   0x08000382   0x00000012   Code   RO         2305    .text               mc_w.l(strcpy.o)
    0x08000394   0x08000394   0x0000002c   Code   RO         2361    .text               mc_w.l(uidiv.o)
    0x080003c0   0x080003c0   0x0000001e   Code   RO         2363    .text               mc_w.l(llshl.o)
    0x080003de   0x080003de   0x00000020   Code   RO         2365    .text               mc_w.l(llushr.o)
    0x080003fe   0x080003fe   0x00000000   Code   RO         2367    .text               mc_w.l(iusefp.o)
    0x080003fe   0x080003fe   0x0000014e   Code   RO         2368    .text               mf_w.l(dadd.o)
    0x0800054c   0x0800054c   0x000000e4   Code   RO         2370    .text               mf_w.l(dmul.o)
    0x08000630   0x08000630   0x000000de   Code   RO         2372    .text               mf_w.l(ddiv.o)
    0x0800070e   0x0800070e   0x00000030   Code   RO         2374    .text               mf_w.l(dfixul.o)
    0x0800073e   0x0800073e   0x00000002   PAD
    0x08000740   0x08000740   0x00000030   Code   RO         2376    .text               mf_w.l(cdrcmple.o)
    0x08000770   0x08000770   0x00000024   Code   RO         2378    .text               mc_w.l(init.o)
    0x08000794   0x08000794   0x00000024   Code   RO         2380    .text               mc_w.l(llsshr.o)
    0x080007b8   0x080007b8   0x000000ba   Code   RO         2382    .text               mf_w.l(depilogue.o)
    0x08000872   0x08000872   0x00000006   PAD
    0x08000878   0x08000878   0x00000004   Code   RO          109    .text.BusFault_Handler  stm32h7xx_it.o
    0x0800087c   0x0800087c   0x00000004   PAD
    0x08000880   0x08000880   0x00000014   Code   RO         1771    .text.Char2Short    gyro.o
    0x08000894   0x08000894   0x00000004   PAD
    0x08000898   0x08000898   0x00000010   Code   RO          123    .text.DMA1_Stream0_IRQHandler  stm32h7xx_it.o
    0x080008a8   0x080008a8   0x00000010   Code   RO          125    .text.DMA1_Stream1_IRQHandler  stm32h7xx_it.o
    0x080008b8   0x080008b8   0x00000010   Code   RO          127    .text.DMA1_Stream2_IRQHandler  stm32h7xx_it.o
    0x080008c8   0x080008c8   0x000001cc   Code   RO          548    .text.DMA_CalcBaseAndBitshift  stm32h7xx_hal_dma.o
    0x08000a94   0x08000a94   0x00000004   PAD
    0x08000a98   0x08000a98   0x0000017e   Code   RO          550    .text.DMA_CalcDMAMUXChannelBaseAndMask  stm32h7xx_hal_dma.o
    0x08000c16   0x08000c16   0x00000002   PAD
    0x08000c18   0x08000c18   0x0000012e   Code   RO          552    .text.DMA_CalcDMAMUXRequestGenBaseAndMask  stm32h7xx_hal_dma.o
    0x08000d46   0x08000d46   0x00000002   PAD
    0x08000d48   0x08000d48   0x000000f8   Code   RO          546    .text.DMA_CheckFifoParam  stm32h7xx_hal_dma.o
    0x08000e40   0x08000e40   0x00000520   Code   RO          558    .text.DMA_SetConfig  stm32h7xx_hal_dma.o
    0x08001360   0x08001360   0x00000002   Code   RO          115    .text.DebugMon_Handler  stm32h7xx_it.o
    0x08001362   0x08001362   0x00000006   PAD
    0x08001368   0x08001368   0x00000028   Code   RO          168    .text.DebugRangingLaser  miscellaneous.o
    0x08001390   0x08001390   0x0000003c   Code   RO         1672    .text.DiffuseReflectionLaserInit  diffusereflectionlaser.o
    0x080013cc   0x080013cc   0x00000004   PAD
    0x080013d0   0x080013d0   0x000000a4   Code   RO         1686    .text.DiffuseReflectionLaserStateJudge  diffusereflectionlaser.o
    0x08001474   0x08001474   0x00000004   PAD
    0x08001478   0x08001478   0x0000000c   Code   RO          139    .text.EXTI15_10_IRQHandler  stm32h7xx_it.o
    0x08001484   0x08001484   0x00000004   PAD
    0x08001488   0x08001488   0x0000000a   Code   RO          121    .text.EXTI3_IRQHandler  stm32h7xx_it.o
    0x08001492   0x08001492   0x00000006   PAD
    0x08001498   0x08001498   0x0000000c   Code   RO          129    .text.EXTI9_5_IRQHandler  stm32h7xx_it.o
    0x080014a4   0x080014a4   0x00000004   PAD
    0x080014a8   0x080014a8   0x00000022   Code   RO           15    .text.Error_Handler  main.o
    0x080014ca   0x080014ca   0x00000006   PAD
    0x080014d0   0x080014d0   0x00000084   Code   RO         1706    .text.GraySensorConfigTest  graysensor.o
    0x08001554   0x08001554   0x00000004   PAD
    0x08001558   0x08001558   0x00000084   Code   RO         1728    .text.GraySensorFifteenAnalogValueGet  graysensor.o
    0x080015dc   0x080015dc   0x00000004   PAD
    0x080015e0   0x080015e0   0x0000001e   Code   RO         1704    .text.GraySensorInit  graysensor.o
    0x080015fe   0x080015fe   0x00000002   PAD
    0x08001600   0x08001600   0x00000060   Code   RO         1773    .text.GyroCheckSumJudge  gyro.o
    0x08001660   0x08001660   0x00000038   Code   RO         1775    .text.GyroEulerAnglesProcess  gyro.o
    0x08001698   0x08001698   0x0000004c   Code   RO         1777    .text.GyroGetAllAngles  gyro.o
    0x080016e4   0x080016e4   0x00000004   PAD
    0x080016e8   0x080016e8   0x00000024   Code   RO         1755    .text.GyroInit      gyro.o
    0x0800170c   0x0800170c   0x00000004   PAD
    0x08001710   0x08001710   0x00000050   Code   RO         1757    .text.GyroOpen      gyro.o
    0x08001760   0x08001760   0x0000098e   Code   RO          562    .text.HAL_DMA_Abort  stm32h7xx_hal_dma.o
    0x080020ee   0x080020ee   0x00000002   PAD
    0x080020f0   0x080020f0   0x000006bc   Code   RO          564    .text.HAL_DMA_Abort_IT  stm32h7xx_hal_dma.o
    0x080027ac   0x080027ac   0x00000004   PAD
    0x080027b0   0x080027b0   0x00001210   Code   RO          568    .text.HAL_DMA_IRQHandler  stm32h7xx_hal_dma.o
    0x080039c0   0x080039c0   0x00000980   Code   RO          544    .text.HAL_DMA_Init  stm32h7xx_hal_dma.o
    0x08004340   0x08004340   0x00000716   Code   RO          560    .text.HAL_DMA_Start_IT  stm32h7xx_hal_dma.o
    0x08004a56   0x08004a56   0x00000002   PAD
    0x08004a58   0x08004a58   0x00000044   Code   RO          808    .text.HAL_Delay     stm32h7xx_hal.o
    0x08004a9c   0x08004a9c   0x00000004   PAD
    0x08004aa0   0x08004aa0   0x00000042   Code   RO         1663    .text.HAL_GPIO_EXTI_Callback  callbackaction.o
    0x08004ae2   0x08004ae2   0x00000006   PAD
    0x08004ae8   0x08004ae8   0x00000036   Code   RO          504    .text.HAL_GPIO_EXTI_IRQHandler  stm32h7xx_hal_gpio.o
    0x08004b1e   0x08004b1e   0x00000002   PAD
    0x08004b20   0x08004b20   0x000003d2   Code   RO          492    .text.HAL_GPIO_Init  stm32h7xx_hal_gpio.o
    0x08004ef2   0x08004ef2   0x00000006   PAD
    0x08004ef8   0x08004ef8   0x00000030   Code   RO          496    .text.HAL_GPIO_ReadPin  stm32h7xx_hal_gpio.o
    0x08004f28   0x08004f28   0x0000002a   Code   RO          500    .text.HAL_GPIO_TogglePin  stm32h7xx_hal_gpio.o
    0x08004f52   0x08004f52   0x00000006   PAD
    0x08004f58   0x08004f58   0x00000034   Code   RO          498    .text.HAL_GPIO_WritePin  stm32h7xx_hal_gpio.o
    0x08004f8c   0x08004f8c   0x00000004   PAD
    0x08004f90   0x08004f90   0x0000000e   Code   RO          816    .text.HAL_GetREVID  stm32h7xx_hal.o
    0x08004f9e   0x08004f9e   0x00000002   PAD
    0x08004fa0   0x08004fa0   0x0000000c   Code   RO          800    .text.HAL_GetTick   stm32h7xx_hal.o
    0x08004fac   0x08004fac   0x00000004   PAD
    0x08004fb0   0x08004fb0   0x00000098   Code   RO         1059    .text.HAL_I2CEx_ConfigAnalogFilter  stm32h7xx_hal_i2c_ex.o
    0x08005048   0x08005048   0x000000a2   Code   RO         1061    .text.HAL_I2CEx_ConfigDigitalFilter  stm32h7xx_hal_i2c_ex.o
    0x080050ea   0x080050ea   0x00000006   PAD
    0x080050f0   0x080050f0   0x00000108   Code   RO          894    .text.HAL_I2C_Init  stm32h7xx_hal_i2c.o
    0x080051f8   0x080051f8   0x00000230   Code   RO          912    .text.HAL_I2C_Master_Receive  stm32h7xx_hal_i2c.o
    0x08005428   0x08005428   0x0000022e   Code   RO          902    .text.HAL_I2C_Master_Transmit  stm32h7xx_hal_i2c.o
    0x08005656   0x08005656   0x00000002   PAD
    0x08005658   0x08005658   0x000000fe   Code   RO           43    .text.HAL_I2C_MspInit  i2c.o
    0x08005756   0x08005756   0x00000002   PAD
    0x08005758   0x08005758   0x0000001a   Code   RO          798    .text.HAL_IncTick   stm32h7xx_hal.o
    0x08005772   0x08005772   0x00000006   PAD
    0x08005778   0x08005778   0x0000007c   Code   RO          788    .text.HAL_Init      stm32h7xx_hal.o
    0x080057f4   0x080057f4   0x00000004   PAD
    0x080057f8   0x080057f8   0x0000008a   Code   RO          790    .text.HAL_InitTick  stm32h7xx_hal.o
    0x08005882   0x08005882   0x00000006   PAD
    0x08005888   0x08005888   0x0000002c   Code   RO          150    .text.HAL_MspInit   stm32h7xx_hal_msp.o
    0x080058b4   0x080058b4   0x00000004   PAD
    0x080058b8   0x080058b8   0x00000018   Code   RO          238    .text.HAL_NVIC_DisableIRQ  stm32h7xx_hal_cortex.o
    0x080058d0   0x080058d0   0x00000018   Code   RO          234    .text.HAL_NVIC_EnableIRQ  stm32h7xx_hal_cortex.o
    0x080058e8   0x080058e8   0x0000003c   Code   RO          226    .text.HAL_NVIC_SetPriority  stm32h7xx_hal_cortex.o
    0x08005924   0x08005924   0x00000004   PAD
    0x08005928   0x08005928   0x00000010   Code   RO          222    .text.HAL_NVIC_SetPriorityGrouping  stm32h7xx_hal_cortex.o
    0x08005938   0x08005938   0x000000a2   Code   RO          701    .text.HAL_PWREx_ConfigSupply  stm32h7xx_hal_pwr_ex.o
    0x080059da   0x080059da   0x00000006   PAD
    0x080059e0   0x080059e0   0x00000026   Code   RO          346    .text.HAL_RCCEx_GetD3PCLK1Freq  stm32h7xx_hal_rcc_ex.o
    0x08005a06   0x08005a06   0x00000002   PAD
    0x08005a08   0x08005a08   0x000002b0   Code   RO          342    .text.HAL_RCCEx_GetPLL2ClockFreq  stm32h7xx_hal_rcc_ex.o
    0x08005cb8   0x08005cb8   0x000002b0   Code   RO          344    .text.HAL_RCCEx_GetPLL3ClockFreq  stm32h7xx_hal_rcc_ex.o
    0x08005f68   0x08005f68   0x00000fd6   Code   RO          330    .text.HAL_RCCEx_PeriphCLKConfig  stm32h7xx_hal_rcc_ex.o
    0x08006f3e   0x08006f3e   0x00000002   PAD
    0x08006f40   0x08006f40   0x00000002   Code   RO          321    .text.HAL_RCC_CSSCallback  stm32h7xx_hal_rcc.o
    0x08006f42   0x08006f42   0x00000006   PAD
    0x08006f48   0x08006f48   0x0000049a   Code   RO          299    .text.HAL_RCC_ClockConfig  stm32h7xx_hal_rcc.o
    0x080073e2   0x080073e2   0x00000006   PAD
    0x080073e8   0x080073e8   0x00000012   Code   RO          305    .text.HAL_RCC_EnableCSS  stm32h7xx_hal_rcc.o
    0x080073fa   0x080073fa   0x00000006   PAD
    0x08007400   0x08007400   0x00000054   Code   RO          309    .text.HAL_RCC_GetHCLKFreq  stm32h7xx_hal_rcc.o
    0x08007454   0x08007454   0x00000004   PAD
    0x08007458   0x08007458   0x00000026   Code   RO          311    .text.HAL_RCC_GetPCLK1Freq  stm32h7xx_hal_rcc.o
    0x0800747e   0x0800747e   0x00000002   PAD
    0x08007480   0x08007480   0x00000026   Code   RO          313    .text.HAL_RCC_GetPCLK2Freq  stm32h7xx_hal_rcc.o
    0x080074a6   0x080074a6   0x00000002   PAD
    0x080074a8   0x080074a8   0x00000314   Code   RO          301    .text.HAL_RCC_GetSysClockFreq  stm32h7xx_hal_rcc.o
    0x080077bc   0x080077bc   0x00000004   PAD
    0x080077c0   0x080077c0   0x0000002a   Code   RO          319    .text.HAL_RCC_NMI_IRQHandler  stm32h7xx_hal_rcc.o
    0x080077ea   0x080077ea   0x00000006   PAD
    0x080077f0   0x080077f0   0x00000aa6   Code   RO          297    .text.HAL_RCC_OscConfig  stm32h7xx_hal_rcc.o
    0x08008296   0x08008296   0x00000002   PAD
    0x08008298   0x08008298   0x00000010   Code   RO          246    .text.HAL_SYSTICK_Config  stm32h7xx_hal_cortex.o
    0x080082a8   0x080082a8   0x00000008   Code   RO         1438    .text.HAL_TIMEx_Break2Callback  stm32h7xx_hal_tim_ex.o
    0x080082b0   0x080082b0   0x00000008   Code   RO         1436    .text.HAL_TIMEx_BreakCallback  stm32h7xx_hal_tim_ex.o
    0x080082b8   0x080082b8   0x00000008   Code   RO         1432    .text.HAL_TIMEx_CommutCallback  stm32h7xx_hal_tim_ex.o
    0x080082c0   0x080082c0   0x00000112   Code   RO         1422    .text.HAL_TIMEx_ConfigBreakDeadTime  stm32h7xx_hal_tim_ex.o
    0x080083d2   0x080083d2   0x00000006   PAD
    0x080083d8   0x080083d8   0x00000146   Code   RO         1420    .text.HAL_TIMEx_MasterConfigSynchronization  stm32h7xx_hal_tim_ex.o
    0x0800851e   0x0800851e   0x00000002   PAD
    0x08008520   0x08008520   0x000000b2   Code   RO         1103    .text.HAL_TIM_Base_Init  stm32h7xx_hal_tim.o
    0x080085d2   0x080085d2   0x00000006   PAD
    0x080085d8   0x080085d8   0x00000106   Code   RO           65    .text.HAL_TIM_Base_MspInit  tim.o
    0x080086de   0x080086de   0x00000002   PAD
    0x080086e0   0x080086e0   0x000000f2   Code   RO         1117    .text.HAL_TIM_Base_Start_IT  stm32h7xx_hal_tim.o
    0x080087d2   0x080087d2   0x00000006   PAD
    0x080087d8   0x080087d8   0x000001e2   Code   RO         1299    .text.HAL_TIM_ConfigClockSource  stm32h7xx_hal_tim.o
    0x080089ba   0x080089ba   0x00000006   PAD
    0x080089c0   0x080089c0   0x00000008   Code   RO         1239    .text.HAL_TIM_IC_CaptureCallback  stm32h7xx_hal_tim.o
    0x080089c8   0x080089c8   0x000002bc   Code   RO         1237    .text.HAL_TIM_IRQHandler  stm32h7xx_hal_tim.o
    0x08008c84   0x08008c84   0x00000004   PAD
    0x08008c88   0x08008c88   0x00000068   Code   RO           57    .text.HAL_TIM_MspPostInit  tim.o
    0x08008cf0   0x08008cf0   0x00000008   Code   RO         1241    .text.HAL_TIM_OC_DelayElapsedCallback  stm32h7xx_hal_tim.o
    0x08008cf8   0x08008cf8   0x000001a2   Code   RO         1273    .text.HAL_TIM_PWM_ConfigChannel  stm32h7xx_hal_tim.o
    0x08008e9a   0x08008e9a   0x00000006   PAD
    0x08008ea0   0x08008ea0   0x000000b2   Code   RO         1157    .text.HAL_TIM_PWM_Init  stm32h7xx_hal_tim.o
    0x08008f52   0x08008f52   0x00000006   PAD
    0x08008f58   0x08008f58   0x00000008   Code   RO         1159    .text.HAL_TIM_PWM_MspInit  stm32h7xx_hal_tim.o
    0x08008f60   0x08008f60   0x00000008   Code   RO         1243    .text.HAL_TIM_PWM_PulseFinishedCallback  stm32h7xx_hal_tim.o
    0x08008f68   0x08008f68   0x00000272   Code   RO         1165    .text.HAL_TIM_PWM_Start  stm32h7xx_hal_tim.o
    0x080091da   0x080091da   0x00000006   PAD
    0x080091e0   0x080091e0   0x0000005c   Code   RO         1657    .text.HAL_TIM_PeriodElapsedCallback  callbackaction.o
    0x0800923c   0x0800923c   0x00000004   PAD
    0x08009240   0x08009240   0x00000008   Code   RO         1247    .text.HAL_TIM_TriggerCallback  stm32h7xx_hal_tim.o
    0x08009248   0x08009248   0x0000007c   Code   RO         1621    .text.HAL_UARTEx_DisableFifoMode  stm32h7xx_hal_uart_ex.o
    0x080092c4   0x080092c4   0x00000004   PAD
    0x080092c8   0x080092c8   0x0000000e   Code   RO         1545    .text.HAL_UARTEx_RxEventCallback  stm32h7xx_hal_uart.o
    0x080092d6   0x080092d6   0x00000002   PAD
    0x080092d8   0x080092d8   0x00000008   Code   RO         1603    .text.HAL_UARTEx_RxFifoFullCallback  stm32h7xx_hal_uart_ex.o
    0x080092e0   0x080092e0   0x0000008c   Code   RO         1625    .text.HAL_UARTEx_SetRxFifoThreshold  stm32h7xx_hal_uart_ex.o
    0x0800936c   0x0800936c   0x00000004   PAD
    0x08009370   0x08009370   0x0000008c   Code   RO         1623    .text.HAL_UARTEx_SetTxFifoThreshold  stm32h7xx_hal_uart_ex.o
    0x080093fc   0x080093fc   0x00000004   PAD
    0x08009400   0x08009400   0x00000008   Code   RO         1605    .text.HAL_UARTEx_TxFifoEmptyCallback  stm32h7xx_hal_uart_ex.o
    0x08009408   0x08009408   0x00000008   Code   RO         1601    .text.HAL_UARTEx_WakeupCallback  stm32h7xx_hal_uart_ex.o
    0x08009410   0x08009410   0x00000008   Code   RO         1543    .text.HAL_UART_ErrorCallback  stm32h7xx_hal_uart.o
    0x08009418   0x08009418   0x000005ce   Code   RO         1539    .text.HAL_UART_IRQHandler  stm32h7xx_hal_uart.o
    0x080099e6   0x080099e6   0x00000002   PAD
    0x080099e8   0x080099e8   0x000000b2   Code   RO         1451    .text.HAL_UART_Init  stm32h7xx_hal_uart.o
    0x08009a9a   0x08009a9a   0x00000006   PAD
    0x08009aa0   0x08009aa0   0x000002e6   Code   RO           86    .text.HAL_UART_MspInit  usart.o
    0x08009d86   0x08009d86   0x00000002   PAD
    0x08009d88   0x08009d88   0x000000ae   Code   RO         1499    .text.HAL_UART_Receive_DMA  stm32h7xx_hal_uart.o
    0x08009e36   0x08009e36   0x00000002   PAD
    0x08009e38   0x08009e38   0x000001d0   Code   RO         1659    .text.HAL_UART_RxCpltCallback  callbackaction.o
    0x0800a008   0x0800a008   0x00000008   Code   RO         1555    .text.HAL_UART_RxHalfCpltCallback  stm32h7xx_hal_uart.o
    0x0800a010   0x0800a010   0x00000166   Code   RO         1471    .text.HAL_UART_Transmit  stm32h7xx_hal_uart.o
    0x0800a176   0x0800a176   0x00000002   PAD
    0x0800a178   0x0800a178   0x0000013a   Code   RO         1491    .text.HAL_UART_Transmit_DMA  stm32h7xx_hal_uart.o
    0x0800a2b2   0x0800a2b2   0x00000006   PAD
    0x0800a2b8   0x0800a2b8   0x00000026   Code   RO         1661    .text.HAL_UART_TxCpltCallback  callbackaction.o
    0x0800a2de   0x0800a2de   0x00000002   PAD
    0x0800a2e0   0x0800a2e0   0x00000008   Code   RO         1551    .text.HAL_UART_TxHalfCpltCallback  stm32h7xx_hal_uart.o
    0x0800a2e8   0x0800a2e8   0x00000004   Code   RO          105    .text.HardFault_Handler  stm32h7xx_it.o
    0x0800a2ec   0x0800a2ec   0x00000004   PAD
    0x0800a2f0   0x0800a2f0   0x00000042   Code   RO         1034    .text.I2C_Flush_TXDR  stm32h7xx_hal_i2c.o
    0x0800a332   0x0800a332   0x00000006   PAD
    0x0800a338   0x0800a338   0x000000f0   Code   RO         1050    .text.I2C_IsAcknowledgeFailed  stm32h7xx_hal_i2c.o
    0x0800a428   0x0800a428   0x00000050   Code   RO          906    .text.I2C_TransferConfig  stm32h7xx_hal_i2c.o
    0x0800a478   0x0800a478   0x00000096   Code   RO          904    .text.I2C_WaitOnFlagUntilTimeout  stm32h7xx_hal_i2c.o
    0x0800a50e   0x0800a50e   0x00000002   PAD
    0x0800a510   0x0800a510   0x00000102   Code   RO          914    .text.I2C_WaitOnRXNEFlagUntilTimeout  stm32h7xx_hal_i2c.o
    0x0800a612   0x0800a612   0x00000006   PAD
    0x0800a618   0x0800a618   0x00000090   Code   RO          910    .text.I2C_WaitOnSTOPFlagUntilTimeout  stm32h7xx_hal_i2c.o
    0x0800a6a8   0x0800a6a8   0x0000009c   Code   RO          908    .text.I2C_WaitOnTXISFlagUntilTimeout  stm32h7xx_hal_i2c.o
    0x0800a744   0x0800a744   0x00000004   PAD
    0x0800a748   0x0800a748   0x0000000e   Code   RO         1674    .text.LeftDiffuseReflectionLaserChangeReset  diffusereflectionlaser.o
    0x0800a756   0x0800a756   0x00000002   PAD
    0x0800a758   0x0800a758   0x0000000e   Code   RO         1688    .text.LeftDiffuseReflectionLaserChangeSet  diffusereflectionlaser.o
    0x0800a766   0x0800a766   0x00000002   PAD
    0x0800a768   0x0800a768   0x0000000c   Code   RO         1682    .text.LeftDiffuseReflectionLaserIsChange  diffusereflectionlaser.o
    0x0800a774   0x0800a774   0x00000004   PAD
    0x0800a778   0x0800a778   0x00000060   Code   RO           33    .text.MX_DMA_Init   dma.o
    0x0800a7d8   0x0800a7d8   0x000001be   Code   RO           25    .text.MX_GPIO_Init  gpio.o
    0x0800a996   0x0800a996   0x00000002   PAD
    0x0800a998   0x0800a998   0x00000076   Code   RO           41    .text.MX_I2C3_Init  i2c.o
    0x0800aa0e   0x0800aa0e   0x00000002   PAD
    0x0800aa10   0x0800aa10   0x0000017a   Code   RO           55    .text.MX_TIM1_Init  tim.o
    0x0800ab8a   0x0800ab8a   0x00000006   PAD
    0x0800ab90   0x0800ab90   0x00000088   Code   RO           59    .text.MX_TIM2_Init  tim.o
    0x0800ac18   0x0800ac18   0x0000008c   Code   RO           61    .text.MX_TIM3_Init  tim.o
    0x0800aca4   0x0800aca4   0x00000004   PAD
    0x0800aca8   0x0800aca8   0x0000008e   Code   RO           63    .text.MX_TIM4_Init  tim.o
    0x0800ad36   0x0800ad36   0x00000002   PAD
    0x0800ad38   0x0800ad38   0x0000008e   Code   RO           80    .text.MX_UART8_Init  usart.o
    0x0800adc6   0x0800adc6   0x00000002   PAD
    0x0800adc8   0x0800adc8   0x0000008e   Code   RO           82    .text.MX_USART1_UART_Init  usart.o
    0x0800ae56   0x0800ae56   0x00000002   PAD
    0x0800ae58   0x0800ae58   0x0000008e   Code   RO           84    .text.MX_USART3_UART_Init  usart.o
    0x0800aee6   0x0800aee6   0x00000002   PAD
    0x0800aee8   0x0800aee8   0x00000004   Code   RO          107    .text.MemManage_Handler  stm32h7xx_it.o
    0x0800aeec   0x0800aeec   0x00000004   PAD
    0x0800aef0   0x0800aef0   0x0000000a   Code   RO          103    .text.NMI_Handler   stm32h7xx_it.o
    0x0800aefa   0x0800aefa   0x00000006   PAD
    0x0800af00   0x0800af00   0x0000006e   Code   RO          232    .text.NVIC_EncodePriority  stm32h7xx_hal_cortex.o
    0x0800af6e   0x0800af6e   0x00000002   PAD
    0x0800af70   0x0800af70   0x00000002   Code   RO          117    .text.PendSV_Handler  stm32h7xx_it.o
    0x0800af72   0x0800af72   0x00000006   PAD
    0x0800af78   0x0800af78   0x000001c8   Code   RO          332    .text.RCCEx_PLL2_Config  stm32h7xx_hal_rcc_ex.o
    0x0800b140   0x0800b140   0x000001c8   Code   RO          334    .text.RCCEx_PLL3_Config  stm32h7xx_hal_rcc_ex.o
    0x0800b308   0x0800b308   0x00000034   Code   RO         1888    .text.RangingLaserDistanceGet  ranginglaser.o
    0x0800b33c   0x0800b33c   0x00000004   PAD
    0x0800b340   0x0800b340   0x00000072   Code   RO         1890    .text.RangingLaserDistanceProcess  ranginglaser.o
    0x0800b3b2   0x0800b3b2   0x00000006   PAD
    0x0800b3b8   0x0800b3b8   0x0000018a   Code   RO         1882    .text.RangingLaserInit  ranginglaser.o
    0x0800b542   0x0800b542   0x00000006   PAD
    0x0800b548   0x0800b548   0x0000002c   Code   RO         1884    .text.RangingLaserOpen  ranginglaser.o
    0x0800b574   0x0800b574   0x00000004   PAD
    0x0800b578   0x0800b578   0x0000000e   Code   RO         1676    .text.RightDiffuseReflectionLaserChangeReset  diffusereflectionlaser.o
    0x0800b586   0x0800b586   0x00000002   PAD
    0x0800b588   0x0800b588   0x0000000e   Code   RO         1690    .text.RightDiffuseReflectionLaserChangeSet  diffusereflectionlaser.o
    0x0800b596   0x0800b596   0x00000002   PAD
    0x0800b598   0x0800b598   0x0000000c   Code   RO         1684    .text.RightDiffuseReflectionLaserIsChange  diffusereflectionlaser.o
    0x0800b5a4   0x0800b5a4   0x00000004   PAD
    0x0800b5a8   0x0800b5a8   0x00000002   Code   RO          113    .text.SVC_Handler   stm32h7xx_it.o
    0x0800b5aa   0x0800b5aa   0x00000006   PAD
    0x0800b5b0   0x0800b5b0   0x0000013a   Code   RO         1873    .text.ServoMotorAngleSet  servomotor.o
    0x0800b6ea   0x0800b6ea   0x00000006   PAD
    0x0800b6f0   0x0800b6f0   0x00000054   Code   RO         1871    .text.ServoMotorInit  servomotor.o
    0x0800b744   0x0800b744   0x00000004   PAD
    0x0800b748   0x0800b748   0x00000052   Code   RO          248    .text.SysTick_Config  stm32h7xx_hal_cortex.o
    0x0800b79a   0x0800b79a   0x00000006   PAD
    0x0800b7a0   0x0800b7a0   0x00000008   Code   RO          119    .text.SysTick_Handler  stm32h7xx_it.o
    0x0800b7a8   0x0800b7a8   0x000000ec   Code   RO           13    .text.SystemClock_Config  main.o
    0x0800b894   0x0800b894   0x00000004   PAD
    0x0800b898   0x0800b898   0x00000168   Code   RO         1642    .text.SystemInit    system_stm32h7xx.o
    0x0800ba00   0x0800ba00   0x00000010   Code   RO          131    .text.TIM2_IRQHandler  stm32h7xx_it.o
    0x0800ba10   0x0800ba10   0x00000010   Code   RO          133    .text.TIM3_IRQHandler  stm32h7xx_it.o
    0x0800ba20   0x0800ba20   0x00000010   Code   RO          135    .text.TIM4_IRQHandler  stm32h7xx_it.o
    0x0800ba30   0x0800ba30   0x0000019a   Code   RO         1107    .text.TIM_Base_SetConfig  stm32h7xx_hal_tim.o
    0x0800bbca   0x0800bbca   0x00000006   PAD
    0x0800bbd0   0x0800bbd0   0x00000038   Code   RO         1141    .text.TIM_CCxChannelCmd  stm32h7xx_hal_tim.o
    0x0800bc08   0x0800bc08   0x00000034   Code   RO         1297    .text.TIM_ETR_SetConfig  stm32h7xx_hal_tim.o
    0x0800bc3c   0x0800bc3c   0x00000004   PAD
    0x0800bc40   0x0800bc40   0x00000030   Code   RO         1303    .text.TIM_ITRx_SetConfig  stm32h7xx_hal_tim.o
    0x0800bc70   0x0800bc70   0x00000150   Code   RO         1251    .text.TIM_OC1_SetConfig  stm32h7xx_hal_tim.o
    0x0800bdc0   0x0800bdc0   0x00000172   Code   RO         1253    .text.TIM_OC2_SetConfig  stm32h7xx_hal_tim.o
    0x0800bf32   0x0800bf32   0x00000006   PAD
    0x0800bf38   0x0800bf38   0x0000016a   Code   RO         1255    .text.TIM_OC3_SetConfig  stm32h7xx_hal_tim.o
    0x0800c0a2   0x0800c0a2   0x00000006   PAD
    0x0800c0a8   0x0800c0a8   0x000000d4   Code   RO         1257    .text.TIM_OC4_SetConfig  stm32h7xx_hal_tim.o
    0x0800c17c   0x0800c17c   0x00000004   PAD
    0x0800c180   0x0800c180   0x000000ca   Code   RO         1259    .text.TIM_OC5_SetConfig  stm32h7xx_hal_tim.o
    0x0800c24a   0x0800c24a   0x00000006   PAD
    0x0800c250   0x0800c250   0x000000cc   Code   RO         1261    .text.TIM_OC6_SetConfig  stm32h7xx_hal_tim.o
    0x0800c31c   0x0800c31c   0x00000004   PAD
    0x0800c320   0x0800c320   0x00000050   Code   RO         1301    .text.TIM_TI1_ConfigInputStage  stm32h7xx_hal_tim.o
    0x0800c370   0x0800c370   0x00000052   Code   RO         1305    .text.TIM_TI2_ConfigInputStage  stm32h7xx_hal_tim.o
    0x0800c3c2   0x0800c3c2   0x00000006   PAD
    0x0800c3c8   0x0800c3c8   0x00000010   Code   RO          141    .text.UART8_IRQHandler  stm32h7xx_it.o
    0x0800c3d8   0x0800c3d8   0x00000088   Code   RO         1619    .text.UARTEx_SetNbDataToProcess  stm32h7xx_hal_uart_ex.o
    0x0800c460   0x0800c460   0x0000014a   Code   RO         1457    .text.UART_AdvFeatureConfig  stm32h7xx_hal_uart.o
    0x0800c5aa   0x0800c5aa   0x00000006   PAD
    0x0800c5b0   0x0800c5b0   0x000000ac   Code   RO         1459    .text.UART_CheckIdleState  stm32h7xx_hal_uart.o
    0x0800c65c   0x0800c65c   0x00000004   PAD
    0x0800c660   0x0800c660   0x00000024   Code   RO         1541    .text.UART_DMAAbortOnError  stm32h7xx_hal_uart.o
    0x0800c684   0x0800c684   0x00000004   PAD
    0x0800c688   0x0800c688   0x00000080   Code   RO         1497    .text.UART_DMAError  stm32h7xx_hal_uart.o
    0x0800c708   0x0800c708   0x00000088   Code   RO         1587    .text.UART_DMAReceiveCplt  stm32h7xx_hal_uart.o
    0x0800c790   0x0800c790   0x00000030   Code   RO         1589    .text.UART_DMARxHalfCplt  stm32h7xx_hal_uart.o
    0x0800c7c0   0x0800c7c0   0x00000046   Code   RO         1493    .text.UART_DMATransmitCplt  stm32h7xx_hal_uart.o
    0x0800c806   0x0800c806   0x00000002   PAD
    0x0800c808   0x0800c808   0x00000016   Code   RO         1495    .text.UART_DMATxHalfCplt  stm32h7xx_hal_uart.o
    0x0800c81e   0x0800c81e   0x00000002   PAD
    0x0800c820   0x0800c820   0x00000050   Code   RO         1511    .text.UART_EndRxTransfer  stm32h7xx_hal_uart.o
    0x0800c870   0x0800c870   0x0000002a   Code   RO         1547    .text.UART_EndTransmit_IT  stm32h7xx_hal_uart.o
    0x0800c89a   0x0800c89a   0x00000006   PAD
    0x0800c8a0   0x0800c8a0   0x00000028   Code   RO         1509    .text.UART_EndTxTransfer  stm32h7xx_hal_uart.o
    0x0800c8c8   0x0800c8c8   0x0000093a   Code   RO         1455    .text.UART_SetConfig  stm32h7xx_hal_uart.o
    0x0800d202   0x0800d202   0x00000006   PAD
    0x0800d208   0x0800d208   0x000000e8   Code   RO         1501    .text.UART_Start_Receive_DMA  stm32h7xx_hal_uart.o
    0x0800d2f0   0x0800d2f0   0x00000110   Code   RO         1473    .text.UART_WaitOnFlagUntilTimeout  stm32h7xx_hal_uart.o
    0x0800d400   0x0800d400   0x00000010   Code   RO          137    .text.USART3_IRQHandler  stm32h7xx_it.o
    0x0800d410   0x0800d410   0x00000004   Code   RO          111    .text.UsageFault_Handler  stm32h7xx_it.o
    0x0800d414   0x0800d414   0x00000004   PAD
    0x0800d418   0x0800d418   0x0000004a   Code   RO          211    .text.UserInit      usermain.o
    0x0800d462   0x0800d462   0x00000006   PAD
    0x0800d468   0x0800d468   0x00000008   Code   RO          213    .text.UserLoop      usermain.o
    0x0800d470   0x0800d470   0x000000e8   Code   RO         2058    .text.VL53L0X_CheckAndLoadInterruptSettings  vl53l0x_api.o
    0x0800d558   0x0800d558   0x000000aa   Code   RO         2078    .text.VL53L0X_ClearInterruptMask  vl53l0x_api.o
    0x0800d602   0x0800d602   0x00000006   PAD
    0x0800d608   0x0800d608   0x0000030c   Code   RO         1952    .text.VL53L0X_DataInit  vl53l0x_api.o
    0x0800d914   0x0800d914   0x00000004   PAD
    0x0800d918   0x0800d918   0x0000001c   Code   RO         1988    .text.VL53L0X_GetDeviceMode  vl53l0x_api.o
    0x0800d934   0x0800d934   0x00000004   PAD
    0x0800d938   0x0800d938   0x0000012c   Code   RO         1954    .text.VL53L0X_GetDeviceParameters  vl53l0x_api.o
    0x0800da64   0x0800da64   0x00000004   PAD
    0x0800da68   0x0800da68   0x0000003a   Code   RO         1966    .text.VL53L0X_GetFractionEnable  vl53l0x_api.o
    0x0800daa2   0x0800daa2   0x00000006   PAD
    0x0800daa8   0x0800daa8   0x0000006c   Code   RO         1990    .text.VL53L0X_GetInterMeasurementPeriodMilliSeconds  vl53l0x_api.o
    0x0800db14   0x0800db14   0x00000004   PAD
    0x0800db18   0x0800db18   0x00000046   Code   RO         2066    .text.VL53L0X_GetInterruptMaskStatus  vl53l0x_api.o
    0x0800db5e   0x0800db5e   0x00000002   PAD
    0x0800db60   0x0800db60   0x00000066   Code   RO         2060    .text.VL53L0X_GetInterruptThresholds  vl53l0x_api.o
    0x0800dbc6   0x0800dbc6   0x00000002   PAD
    0x0800dbc8   0x0800dbc8   0x0000004c   Code   RO         1996    .text.VL53L0X_GetLimitCheckEnable  vl53l0x_api.o
    0x0800dc14   0x0800dc14   0x00000004   PAD
    0x0800dc18   0x0800dc18   0x0000012e   Code   RO         1994    .text.VL53L0X_GetLimitCheckValue  vl53l0x_api.o
    0x0800dd46   0x0800dd46   0x00000002   PAD
    0x0800dd48   0x0800dd48   0x0000008a   Code   RO         2064    .text.VL53L0X_GetMeasurementDataReady  vl53l0x_api.o
    0x0800ddd2   0x0800ddd2   0x00000006   PAD
    0x0800ddd8   0x0800ddd8   0x00000022   Code   RO         2000    .text.VL53L0X_GetMeasurementTimingBudgetMicroSeconds  vl53l0x_api.o
    0x0800ddfa   0x0800ddfa   0x00000006   PAD
    0x0800de00   0x0800de00   0x00000022   Code   RO         1938    .text.VL53L0X_GetOffsetCalibrationDataMicroMeter  vl53l0x_api.o
    0x0800de22   0x0800de22   0x00000006   PAD
    0x0800de28   0x0800de28   0x00000266   Code   RO         2070    .text.VL53L0X_GetRangingMeasurementData  vl53l0x_api.o
    0x0800e08e   0x0800e08e   0x00000002   PAD
    0x0800e090   0x0800e090   0x000000c8   Code   RO         2014    .text.VL53L0X_GetSequenceStepEnables  vl53l0x_api.o
    0x0800e158   0x0800e158   0x0000002e   Code   RO         1970    .text.VL53L0X_GetVcselPulsePeriod  vl53l0x_api.o
    0x0800e186   0x0800e186   0x00000002   PAD
    0x0800e188   0x0800e188   0x0000006e   Code   RO         1998    .text.VL53L0X_GetWrapAroundCheckEnable  vl53l0x_api.o
    0x0800e1f6   0x0800e1f6   0x00000002   PAD
    0x0800e1f8   0x0800e1f8   0x00000024   Code   RO         2026    .text.VL53L0X_GetXTalkCompensationEnable  vl53l0x_api.o
    0x0800e21c   0x0800e21c   0x00000004   PAD
    0x0800e220   0x0800e220   0x0000006a   Code   RO         1992    .text.VL53L0X_GetXTalkCompensationRateMegaCps  vl53l0x_api.o
    0x0800e28a   0x0800e28a   0x00000006   PAD
    0x0800e290   0x0800e290   0x00000028   Code   RO         2050    .text.VL53L0X_PerformRefCalibration  vl53l0x_api.o
    0x0800e2b8   0x0800e2b8   0x00000026   Code   RO         2106    .text.VL53L0X_PerformRefSpadManagement  vl53l0x_api.o
    0x0800e2de   0x0800e2de   0x00000002   PAD
    0x0800e2e0   0x0800e2e0   0x00000076   Code   RO         2044    .text.VL53L0X_PerformSingleMeasurement  vl53l0x_api.o
    0x0800e356   0x0800e356   0x00000002   PAD
    0x0800e358   0x0800e358   0x0000006c   Code   RO         2076    .text.VL53L0X_PerformSingleRangingMeasurement  vl53l0x_api.o
    0x0800e3c4   0x0800e3c4   0x00000004   PAD
    0x0800e3c8   0x0800e3c8   0x0000001a   Code   RO         2275    .text.VL53L0X_PollingDelay  vl53l0x_platform.o
    0x0800e3e2   0x0800e3e2   0x00000006   PAD
    0x0800e3e8   0x0800e3e8   0x0000005a   Code   RO         2269    .text.VL53L0X_RdByte  vl53l0x_platform.o
    0x0800e442   0x0800e442   0x00000006   PAD
    0x0800e448   0x0800e448   0x00000070   Code   RO         2273    .text.VL53L0X_RdDWord  vl53l0x_platform.o
    0x0800e4b8   0x0800e4b8   0x00000074   Code   RO         2271    .text.VL53L0X_RdWord  vl53l0x_platform.o
    0x0800e52c   0x0800e52c   0x00000004   PAD
    0x0800e530   0x0800e530   0x0000005e   Code   RO         2259    .text.VL53L0X_ReadMulti  vl53l0x_platform.o
    0x0800e58e   0x0800e58e   0x00000002   PAD
    0x0800e590   0x0800e590   0x0000004c   Code   RO         1978    .text.VL53L0X_SetDeviceMode  vl53l0x_api.o
    0x0800e5dc   0x0800e5dc   0x00000004   PAD
    0x0800e5e0   0x0800e5e0   0x00000294   Code   RO         1964    .text.VL53L0X_SetGpioConfig  vl53l0x_api.o
    0x0800e874   0x0800e874   0x00000004   PAD
    0x0800e878   0x0800e878   0x0000013e   Code   RO         1956    .text.VL53L0X_SetLimitCheckEnable  vl53l0x_api.o
    0x0800e9b6   0x0800e9b6   0x00000002   PAD
    0x0800e9b8   0x0800e9b8   0x000000c2   Code   RO         1958    .text.VL53L0X_SetLimitCheckValue  vl53l0x_api.o
    0x0800ea7a   0x0800ea7a   0x00000006   PAD
    0x0800ea80   0x0800ea80   0x00000022   Code   RO         1986    .text.VL53L0X_SetMeasurementTimingBudgetMicroSeconds  vl53l0x_api.o
    0x0800eaa2   0x0800eaa2   0x00000006   PAD
    0x0800eaa8   0x0800eaa8   0x00000188   Code   RO         1968    .text.VL53L0X_SetSequenceStepEnable  vl53l0x_api.o
    0x0800ec30   0x0800ec30   0x000001d4   Code   RO         2046    .text.VL53L0X_StartMeasurement  vl53l0x_api.o
    0x0800ee04   0x0800ee04   0x00000004   PAD
    0x0800ee08   0x0800ee08   0x00000368   Code   RO         1932    .text.VL53L0X_StaticInit  vl53l0x_api.o
    0x0800f170   0x0800f170   0x00000076   Code   RO         2267    .text.VL53L0X_UpdateByte  vl53l0x_platform.o
    0x0800f1e6   0x0800f1e6   0x00000002   PAD
    0x0800f1e8   0x0800f1e8   0x00000012   Code   RO         1972    .text.VL53L0X_WaitDeviceBooted  vl53l0x_api.o
    0x0800f1fa   0x0800f1fa   0x00000006   PAD
    0x0800f200   0x0800f200   0x00000054   Code   RO         2261    .text.VL53L0X_WrByte  vl53l0x_platform.o
    0x0800f254   0x0800f254   0x00000004   PAD
    0x0800f258   0x0800f258   0x0000005a   Code   RO         2263    .text.VL53L0X_WrWord  vl53l0x_platform.o
    0x0800f2b2   0x0800f2b2   0x00000006   PAD
    0x0800f2b8   0x0800f2b8   0x00000080   Code   RO         2257    .text.VL53L0X_WriteMulti  vl53l0x_platform.o
    0x0800f338   0x0800f338   0x00000228   Code   RO         2215    .text.VL53L0X_calc_dmax  vl53l0x_api_core.o
    0x0800f560   0x0800f560   0x0000002e   Code   RO         2187    .text.VL53L0X_calc_macro_period_ps  vl53l0x_api_core.o
    0x0800f58e   0x0800f58e   0x00000002   PAD
    0x0800f590   0x0800f590   0x00000434   Code   RO         2217    .text.VL53L0X_calc_sigma_estimate  vl53l0x_api_core.o
    0x0800f9c4   0x0800f9c4   0x00000004   PAD
    0x0800f9c8   0x0800f9c8   0x00000054   Code   RO         2193    .text.VL53L0X_calc_timeout_mclks  vl53l0x_api_core.o
    0x0800fa1c   0x0800fa1c   0x00000004   PAD
    0x0800fa20   0x0800fa20   0x0000005c   Code   RO         2195    .text.VL53L0X_calc_timeout_us  vl53l0x_api_core.o
    0x0800fa7c   0x0800fa7c   0x00000004   PAD
    0x0800fa80   0x0800fa80   0x00000022   Code   RO         2191    .text.VL53L0X_decode_timeout  vl53l0x_api_core.o
    0x0800faa2   0x0800faa2   0x00000006   PAD
    0x0800faa8   0x0800faa8   0x00000024   Code   RO         2175    .text.VL53L0X_decode_vcsel_period  vl53l0x_api_core.o
    0x0800facc   0x0800facc   0x00000004   PAD
    0x0800fad0   0x0800fad0   0x0000009e   Code   RO         2183    .text.VL53L0X_device_read_strobe  vl53l0x_api_core.o
    0x0800fb6e   0x0800fb6e   0x00000002   PAD
    0x0800fb70   0x0800fb70   0x00000056   Code   RO         2189    .text.VL53L0X_encode_timeout  vl53l0x_api_core.o
    0x0800fbc6   0x0800fbc6   0x00000002   PAD
    0x0800fbc8   0x0800fbc8   0x0000081e   Code   RO         2185    .text.VL53L0X_get_info_from_device  vl53l0x_api_core.o
    0x080103e6   0x080103e6   0x00000002   PAD
    0x080103e8   0x080103e8   0x00000180   Code   RO         2207    .text.VL53L0X_get_measurement_timing_budget_micro_seconds  vl53l0x_api_core.o
    0x08010568   0x08010568   0x0000007e   Code   RO         2123    .text.VL53L0X_get_offset_calibration_data_micro_meter  vl53l0x_api_calibration.o
    0x080105e6   0x080105e6   0x00000002   PAD
    0x080105e8   0x080105e8   0x00000416   Code   RO         2219    .text.VL53L0X_get_pal_range_status  vl53l0x_api_core.o
    0x080109fe   0x080109fe   0x00000002   PAD
    0x08010a00   0x08010a00   0x00000044   Code   RO         2213    .text.VL53L0X_get_total_signal_rate  vl53l0x_api_core.o
    0x08010a44   0x08010a44   0x00000004   PAD
    0x08010a48   0x08010a48   0x0000005c   Code   RO         2211    .text.VL53L0X_get_total_xtalk_rate  vl53l0x_api_core.o
    0x08010aa4   0x08010aa4   0x00000004   PAD
    0x08010aa8   0x08010aa8   0x00000076   Code   RO         2203    .text.VL53L0X_get_vcsel_pulse_period  vl53l0x_api_core.o
    0x08010b1e   0x08010b1e   0x00000002   PAD
    0x08010b20   0x08010b20   0x00000068   Code   RO         2179    .text.VL53L0X_isqrt  vl53l0x_api_core.o
    0x08010b88   0x08010b88   0x000001f0   Code   RO         2209    .text.VL53L0X_load_tuning_settings  vl53l0x_api_core.o
    0x08010d78   0x08010d78   0x0000006a   Code   RO         2173    .text.VL53L0X_measurement_poll_for_completion  vl53l0x_api_core.o
    0x08010de2   0x08010de2   0x00000006   PAD
    0x08010de8   0x08010de8   0x000000f6   Code   RO         2157    .text.VL53L0X_perform_phase_calibration  vl53l0x_api_calibration.o
    0x08010ede   0x08010ede   0x00000002   PAD
    0x08010ee0   0x08010ee0   0x0000009a   Code   RO         2145    .text.VL53L0X_perform_ref_calibration  vl53l0x_api_calibration.o
    0x08010f7a   0x08010f7a   0x00000006   PAD
    0x08010f80   0x08010f80   0x00000434   Code   RO         2143    .text.VL53L0X_perform_ref_spad_management  vl53l0x_api_calibration.o
    0x080113b4   0x080113b4   0x00000004   PAD
    0x080113b8   0x080113b8   0x00000084   Code   RO         2151    .text.VL53L0X_perform_single_ref_calibration  vl53l0x_api_calibration.o
    0x0801143c   0x0801143c   0x00000004   PAD
    0x08011440   0x08011440   0x000000fe   Code   RO         2155    .text.VL53L0X_perform_vhv_calibration  vl53l0x_api_calibration.o
    0x0801153e   0x0801153e   0x00000002   PAD
    0x08011540   0x08011540   0x00000178   Code   RO         2153    .text.VL53L0X_ref_calibration_io  vl53l0x_api_calibration.o
    0x080116b8   0x080116b8   0x00000200   Code   RO         2205    .text.VL53L0X_set_measurement_timing_budget_micro_seconds  vl53l0x_api_core.o
    0x080118b8   0x080118b8   0x0000016c   Code   RO         2147    .text.VL53L0X_set_reference_spads  vl53l0x_api_calibration.o
    0x08011a24   0x08011a24   0x00000004   PAD
    0x08011a28   0x08011a28   0x0000004a   Code   RO         2255    .text._I2CRead      vl53l0x_platform.o
    0x08011a72   0x08011a72   0x00000006   PAD
    0x08011a78   0x08011a78   0x00000046   Code   RO         2253    .text._I2CWrite     vl53l0x_platform.o
    0x08011abe   0x08011abe   0x00000002   PAD
    0x08011ac0   0x08011ac0   0x0000003c   Code   RO          240    .text.__NVIC_DisableIRQ  stm32h7xx_hal_cortex.o
    0x08011afc   0x08011afc   0x00000004   PAD
    0x08011b00   0x08011b00   0x00000034   Code   RO          236    .text.__NVIC_EnableIRQ  stm32h7xx_hal_cortex.o
    0x08011b34   0x08011b34   0x00000004   PAD
    0x08011b38   0x08011b38   0x00000010   Code   RO          228    .text.__NVIC_GetPriorityGrouping  stm32h7xx_hal_cortex.o
    0x08011b48   0x08011b48   0x00000044   Code   RO          230    .text.__NVIC_SetPriority  stm32h7xx_hal_cortex.o
    0x08011b8c   0x08011b8c   0x00000004   PAD
    0x08011b90   0x08011b90   0x0000003c   Code   RO          224    .text.__NVIC_SetPriorityGrouping  stm32h7xx_hal_cortex.o
    0x08011bcc   0x08011bcc   0x00000004   PAD
    0x08011bd0   0x08011bd0   0x00000104   Code   RO         2139    .text.enable_ref_spads  vl53l0x_api_calibration.o
    0x08011cd4   0x08011cd4   0x00000004   PAD
    0x08011cd8   0x08011cd8   0x00000058   Code   RO         2131    .text.enable_spad_bit  vl53l0x_api_calibration.o
    0x08011d30   0x08011d30   0x00000026   Code   RO          158    .text.fputc         miscellaneous.o
    0x08011d56   0x08011d56   0x00000002   PAD
    0x08011d58   0x08011d58   0x000000da   Code   RO         2127    .text.get_next_good_spad  vl53l0x_api_calibration.o
    0x08011e32   0x08011e32   0x00000006   PAD
    0x08011e38   0x08011e38   0x00000020   Code   RO         2137    .text.get_ref_spad_map  vl53l0x_api_calibration.o
    0x08011e58   0x08011e58   0x000001cc   Code   RO         2197    .text.get_sequence_step_timeout  vl53l0x_api_core.o
    0x08012024   0x08012024   0x00000004   PAD
    0x08012028   0x08012028   0x00000034   Code   RO         2129    .text.is_aperture   vl53l0x_api_calibration.o
    0x0801205c   0x0801205c   0x00000004   PAD
    0x08012060   0x08012060   0x00000046   Code   RO           11    .text.main          main.o
    0x080120a6   0x080120a6   0x00000002   PAD
    0x080120a8   0x080120a8   0x000000d6   Code   RO         2141    .text.perform_ref_signal_measurement  vl53l0x_api_calibration.o
    0x0801217e   0x0801217e   0x00000002   PAD
    0x08012180   0x08012180   0x0000008a   Code   RO         2010    .text.sequence_step_enabled  vl53l0x_api.o
    0x0801220a   0x0801220a   0x00000006   PAD
    0x08012210   0x08012210   0x00000020   Code   RO         2135    .text.set_ref_spad_map  vl53l0x_api_calibration.o
    0x08012230   0x08012230   0x00000210   Code   RO         2199    .text.set_sequence_step_timeout  vl53l0x_api_core.o
    0x08012440   0x08012440   0x00000020   Code   RO         2310    i.__0printf         mc_w.l(printfa.o)
    0x08012460   0x08012460   0x0000000e   Code   RO         2386    i.__scatterload_copy  mc_w.l(handlers.o)
    0x0801246e   0x0801246e   0x00000002   Code   RO         2387    i.__scatterload_null  mc_w.l(handlers.o)
    0x08012470   0x08012470   0x0000000e   Code   RO         2388    i.__scatterload_zeroinit  mc_w.l(handlers.o)
    0x0801247e   0x0801247e   0x00000002   PAD
    0x08012480   0x08012480   0x00000184   Code   RO         2317    i._fp_digits        mc_w.l(printfa.o)
    0x08012604   0x08012604   0x000006dc   Code   RO         2318    i._printf_core      mc_w.l(printfa.o)
    0x08012ce0   0x08012ce0   0x00000024   Code   RO         2319    i._printf_post_padding  mc_w.l(printfa.o)
    0x08012d04   0x08012d04   0x0000002e   Code   RO         2320    i._printf_pre_padding  mc_w.l(printfa.o)
    0x08012d32   0x08012d32   0x00000010   Data   RO         1648    .rodata.D1CorePrescTable  system_stm32h7xx.o
    0x08012d42   0x08012d42   0x00000008   Data   RO          578    .rodata.DMA_CalcBaseAndBitshift.flagBitshiftOffset  stm32h7xx_hal_dma.o
    0x08012d4a   0x08012d4a   0x00000008   Data   RO         1634    .rodata.UARTEx_SetNbDataToProcess.denominator  stm32h7xx_hal_uart_ex.o
    0x08012d52   0x08012d52   0x00000008   Data   RO         1633    .rodata.UARTEx_SetNbDataToProcess.numerator  stm32h7xx_hal_uart_ex.o
    0x08012d5a   0x08012d5a   0x00000018   Data   RO         1591    .rodata.UARTPrescTable  stm32h7xx_hal_uart.o
    0x08012d72   0x08012d72   0x00000004   Data   RO          170    .rodata.str1.1      miscellaneous.o
    0x08012d76   0x08012d76   0x00000002   PAD
    0x08012d78   0x08012d78   0x00000020   Data   RO         2385    Region$$Table       anon$$obj.o


    Execution Region RW_IRAM1 (Exec base: 0x20000000, Load base: 0x08012d98, Size: 0x00000000, Max: 0x00020000, ABSOLUTE)

    **** No section assigned to this execution region ****


    Execution Region RW_IRAM2 (Exec base: 0x24000000, Load base: 0x08012d98, Size: 0x00000d98, Max: 0x00080000, ABSOLUTE)

    Exec Addr    Load Addr    Size         Type   Attr      Idx    E Section Name        Object

    0x24000000   0x08012d98   0x00000004   Data   RW         2351    .data               mc_w.l(stdout.o)
    0x24000004   0x08012d9c   0x000000f3   Data   RW         2108    .data.DefaultTuningSettings  vl53l0x_api.o
    0x240000f7   0x08012e8f   0x00000001   PAD
    0x240000f8   0x08012e90   0x00000004   Data   RW         1893    .data.Dev           ranginglaser.o
    0x240000fc   0x08012e94   0x00000002   Data   RW         1746    .data.GraySensorGetFifteenAnalogValue  graysensor.o
    0x240000fe   0x08012e96   0x00000002   Data   RW         1737    .data.GraySensorTestConfiguration  graysensor.o
    0x24000100   0x08012e98   0x000001b6   Data   RW         2109    .data.InterruptThresholdSettings  vl53l0x_api.o
    0x240002b6   0x0801304e   0x00000002   PAD
    0x240002b8   0x08013050   0x00000004   Data   RW         1646    .data.SystemCoreClock  system_stm32h7xx.o
    0x240002bc   0x08013054   0x00000004   Data   RW         1647    .data.SystemD2Clock  system_stm32h7xx.o
    0x240002c0   0x08013058   0x00000010   Data   RW         2163    .data.refArrayQuadrants  vl53l0x_api_calibration.o
    0x240002d0   0x08013068   0x00000001   Data   RW          885    .data.uwTickFreq    stm32h7xx_hal.o
    0x240002d1   0x08013069   0x00000003   PAD
    0x240002d4   0x0801306c   0x00000004   Data   RW          884    .data.uwTickPrio    stm32h7xx_hal.o
    0x240002d8        -       0x00000002   Zero   RW         1696    .bss.DiffuseReflectionLaserStateJudge.CorrectFlag  diffusereflectionlaser.o
    0x240002da        -       0x00000012   Zero   RW         1736    .bss.GraySensorReceiveBuffer  graysensor.o
    0x240002ec        -       0x00000001   Zero   RW         1735    .bss.GraySensorRecieveFlag  graysensor.o
    0x240002ed        -       0x00000001   Zero   RW         1734    .bss.GraySensorTransferFlag  graysensor.o
    0x240002ee        -       0x00000001   Zero   RW         1780    .bss.GyroOpenFlag   gyro.o
    0x240002ef        -       0x0000000b   Zero   RW         1782    .bss.GyroReceiveBuffer  gyro.o
    0x240002fa        -       0x00000001   Zero   RW         1781    .bss.GyroReceiveNum  gyro.o
    0x240002fb   0x08013070   0x00000001   PAD
    0x240002fc        -       0x00000004   Zero   RW         1779    .bss.Gyro_Angle     gyro.o
    0x24000300        -       0x00000001   Zero   RW         1692    .bss.Left_DFLaser_Change_State  diffusereflectionlaser.o
    0x24000301        -       0x00000001   Zero   RW         1694    .bss.Left_DRLaser_State  diffusereflectionlaser.o
    0x24000302        -       0x00000001   Zero   RW         1896    .bss.PhaseCal       ranginglaser.o
    0x24000303   0x08013070   0x00000001   PAD
    0x24000304        -       0x0000001c   Zero   RW         1900    .bss.RangingData    ranginglaser.o
    0x24000320        -       0x00000002   Zero   RW         1899    .bss.RangingLaserDistance  ranginglaser.o
    0x24000322        -       0x00000001   Zero   RW         1693    .bss.Right_DFLaser_Change_State  diffusereflectionlaser.o
    0x24000323        -       0x00000001   Zero   RW         1695    .bss.Right_DRLaser_State  diffusereflectionlaser.o
    0x24000324        -       0x00000001   Zero   RW         1894    .bss.Status         ranginglaser.o
    0x24000325        -       0x00000001   Zero   RW         1895    .bss.VhvSettings    ranginglaser.o
    0x24000326        -       0x00000040   Zero   RW         2277    .bss._I2CBuffer     vl53l0x_platform.o
    0x24000366   0x08013070   0x00000002   PAD
    0x24000368        -       0x00000078   Zero   RW           93    .bss.hdma_uart8_rx  usart.o
    0x240003e0        -       0x00000078   Zero   RW           95    .bss.hdma_usart3_rx  usart.o
    0x24000458        -       0x00000078   Zero   RW           94    .bss.hdma_usart3_tx  usart.o
    0x240004d0        -       0x0000004c   Zero   RW           47    .bss.hi2c3          i2c.o
    0x2400051c        -       0x0000004c   Zero   RW           69    .bss.htim1          tim.o
    0x24000568        -       0x0000004c   Zero   RW           70    .bss.htim2          tim.o
    0x240005b4        -       0x0000004c   Zero   RW           71    .bss.htim3          tim.o
    0x24000600        -       0x0000004c   Zero   RW           72    .bss.htim4          tim.o
    0x2400064c        -       0x00000090   Zero   RW           91    .bss.huart1         usart.o
    0x240006dc        -       0x00000090   Zero   RW           92    .bss.huart3         usart.o
    0x2400076c        -       0x00000090   Zero   RW           90    .bss.huart8         usart.o
    0x240007fc        -       0x00000001   Zero   RW         1898    .bss.isApertureSpads  ranginglaser.o
    0x240007fd   0x08013070   0x00000003   PAD
    0x24000800        -       0x00000004   Zero   RW         1897    .bss.refSpadCount   ranginglaser.o
    0x24000804        -       0x00000004   Zero   RW          886    .bss.uwTick         stm32h7xx_hal.o
    0x24000808        -       0x00000190   Zero   RW         1892    .bss.vl53l0x_c      ranginglaser.o
    0x24000998        -       0x00000400   Zero   RW            1    STACK               startup_stm32h743xx.o


==============================================================================

Image component sizes


      Code (inc. data)   RO Data    RW Data    ZI Data      Debug   Object Name

       660          0          0          0          0       6656   callbackaction.o
       304          0          0          0          6       2705   diffusereflectionlaser.o
        96          0          0          0          0       5334   dma.o
       446          0          0          0          0       6166   gpio.o
       294          0          0          4         20       3901   graysensor.o
       364         16          0          0         17       2589   gyro.o
       372          0          0          0         76       7942   i2c.o
       340          0          0          0          0       3425   main.o
        78          0          4          0          0       1605   miscellaneous.o
       604          0          0          4        438      12074   ranginglaser.o
       398          0          0          0          0        777   servomotor.o
        36          8        664          0       1024        860   startup_stm32h743xx.o
       382          0          0          5          4      13879   stm32h7xx_hal.o
       588          0          0          0          0      11397   stm32h7xx_hal_cortex.o
     15744          8          8          0          0      12766   stm32h7xx_hal_dma.o
      1174          0          0          0          0       7043   stm32h7xx_hal_gpio.o
      2476          0          0          0          0      34113   stm32h7xx_hal_i2c.o
       314          0          0          0          0       7333   stm32h7xx_hal_i2c_ex.o
        44          0          0          0          0       2277   stm32h7xx_hal_msp.o
       162          0          0          0          0      10423   stm32h7xx_hal_pwr_ex.o
      4914         66          0          0          0      11850   stm32h7xx_hal_rcc.o
      6380         96          0          0          0      18687   stm32h7xx_hal_rcc_ex.o
      5278         22          0          0          0      36614   stm32h7xx_hal_tim.o
       624          0          0          0          0      17179   stm32h7xx_hal_tim_ex.o
      6518        258         24          0          0      25662   stm32h7xx_hal_uart.o
       564          0         16          0          0       8585   stm32h7xx_hal_uart_ex.o
       202          0          0          0          0       2290   stm32h7xx_it.o
       360          0         16          8          0       5893   system_stm32h7xx.o
      1162          0          0          0        304      11996   tim.o
      1168          0          0          0        792      12225   usart.o
        82          0          0          0          0        511   usermain.o
      7018         42          0        681          0      36124   vl53l0x_api.o
      3624          0          0         16          0      19327   vl53l0x_api_calibration.o
      8156          4          0          0          0      25642   vl53l0x_api_core.o
      1002          0          0          0         64      10690   vl53l0x_platform.o

    ----------------------------------------------------------------------
     72684        524        766        724       2752     396540   Object Totals
         0          0         32          0          0          0   (incl. Generated)
       756          4          2          6          7          0   (incl. Padding)

    ----------------------------------------------------------------------

      Code (inc. data)   RO Data    RW Data    ZI Data      Debug   Library Member Name

         0          0          0          0          0          0   entry.o
         0          0          0          0          0          0   entry10a.o
         0          0          0          0          0          0   entry11a.o
         8          4          0          0          0          0   entry2.o
         4          0          0          0          0          0   entry5.o
         0          0          0          0          0          0   entry7b.o
         0          0          0          0          0          0   entry8b.o
         8          4          0          0          0          0   entry9a.o
        30          0          0          0          0          0   handlers.o
        36          8          0          0          0         68   init.o
         0          0          0          0          0          0   iusefp.o
        30          0          0          0          0         68   llshl.o
        36          0          0          0          0         68   llsshr.o
        32          0          0          0          0         68   llushr.o
        36          0          0          0          0         68   memcpya.o
        36          0          0          0          0        108   memseta.o
      2258         90          0          0          0        452   printfa.o
         8          0          0          0          0         68   siabs.o
         0          0          0          4          0          0   stdout.o
        18          0          0          0          0         68   strcpy.o
        44          0          0          0          0         80   uidiv.o
        98          0          0          0          0         92   uldiv.o
        48          0          0          0          0         68   cdrcmple.o
       334          0          0          0          0        148   dadd.o
       222          0          0          0          0        100   ddiv.o
       186          0          0          0          0        176   depilogue.o
        48          0          0          0          0         68   dfixul.o
       228          0          0          0          0         96   dmul.o

    ----------------------------------------------------------------------
      3758        106          0          4          0       1864   Library Totals
        10          0          0          0          0          0   (incl. Padding)

    ----------------------------------------------------------------------

      Code (inc. data)   RO Data    RW Data    ZI Data      Debug   Library Name

      2682        106          0          4          0       1208   mc_w.l
      1066          0          0          0          0        656   mf_w.l

    ----------------------------------------------------------------------
      3758        106          0          4          0       1864   Library Totals

    ----------------------------------------------------------------------

==============================================================================


      Code (inc. data)   RO Data    RW Data    ZI Data      Debug   

     76442        630        766        728       2752     397144   Grand Totals
     76442        630        766        728       2752     397144   ELF Image Totals
     76442        630        766        728          0          0   ROM Totals

==============================================================================

    Total RO  Size (Code + RO Data)                77208 (  75.40kB)
    Total RW  Size (RW Data + ZI Data)              3480 (   3.40kB)
    Total ROM Size (Code + RO Data + RW Data)      77936 (  76.11kB)

==============================================================================

