<html>
<body>
<pre>
<h1>µVision Build Log</h1>
<h2>Tool Versions:</h2>
IDE-Version: ¦ÌVision V5.33.0.0
Copyright (C) 2020 ARM Ltd and ARM Germany GmbH. All rights reserved.
License Information: 111 111, 111, LIC=9N0AE-5GM01-YDQK5-G949R-87HGU-U4R4E
 
Tool Versions:
Toolchain:       MDK-ARM Professional  Version: 5.33.0.0
Toolchain Path:  C:\Program Files\Keil_v5\ARM\ARMCLANG\Bin
C Compiler:      ArmClang.exe V6.15
Assembler:       Armasm.exe V6.15
Linker/Locator:  ArmLink.exe V6.15
Library Manager: ArmAr.exe V6.15
Hex Converter:   FromElf.exe V6.15
CPU DLL:         SARMCM3.DLL V5.33.0.0
Dialog DLL:      DCM.DLL V1.17.3.0
Target DLL:      Segger\JL2CM3.dll V2.99.38.0
Dialog DLL:      TCM.DLL V1.48.0.0
 
<h2>Project:</h2>
C:\Users\Quantum815\Documents\GitHub\ZJ5thRobot2021_Project\FormalDebugRobotCar\MDK-ARM\FormalDebugRobotCar.uvprojx
Project File Date:  06/04/2021

<h2>Output:</h2>
*** Using Compiler 'V6.15', folder: 'C:\Program Files\Keil_v5\ARM\ARMCLANG\Bin'
Build target 'FormalDebugRobotCar'
assembling startup_stm32h743xx.s...
compiling main.c...
compiling gpio.c...
compiling spi.c...
compiling dma.c...
compiling i2c.c...
compiling tim.c...
compiling usart.c...
compiling stm32h7xx_it.c...
compiling stm32h7xx_hal_msp.c...
compiling UserMain.c...
compiling Miscellaneous.c...
compiling UserFSM.c...
compiling stm32h7xx_hal_cortex.c...
compiling stm32h7xx_hal_rcc.c...
compiling stm32h7xx_hal_flash.c...
compiling stm32h7xx_hal_hsem.c...
compiling stm32h7xx_hal_gpio.c...
compiling stm32h7xx_hal_flash_ex.c...
compiling stm32h7xx_hal_rcc_ex.c...
compiling stm32h7xx_hal_dma_ex.c...
compiling stm32h7xx_hal_dma.c...
compiling stm32h7xx_hal_pwr.c...
compiling stm32h7xx_hal_pwr_ex.c...
compiling stm32h7xx_hal.c...
compiling stm32h7xx_hal_mdma.c...
compiling stm32h7xx_hal_i2c_ex.c...
compiling stm32h7xx_hal_exti.c...
compiling stm32h7xx_hal_spi_ex.c...
compiling stm32h7xx_hal_i2c.c...
compiling stm32h7xx_hal_spi.c...
compiling stm32h7xx_hal_tim_ex.c...
compiling stm32h7xx_hal_uart_ex.c...
compiling system_stm32h7xx.c...
compiling LinePatrolAction.c...
compiling stm32h7xx_hal_uart.c...
compiling stm32h7xx_hal_tim.c...
compiling CallBackAction.c...
compiling DiffuseReflectionLaser.c...
compiling ImageProcess.c...
compiling FSM.c...
compiling GraySensor.c...
compiling Gyro.c...
compiling InductiveMotor.c...
compiling ServoMotor.c...
compiling RangingLaser.c...
compiling MatrixKeyBoard.c...
compiling vl53l0x_api_ranging.c...
compiling vl53l0x_api_calibration.c...
compiling vl53l0x_platform_log.c...
compiling vl53l0x_api_core.c...
compiling vl53l0x_api.c...
compiling vl53l0x_api_strings.c...
compiling vl53l0x_platform.c...
linking...
Program Size: Code=81826 RO-data=766 RW-data=796 ZI-data=3188  
FromELF: creating hex file...
"FormalDebugRobotCar\FormalDebugRobotCar.axf" - 0 Error(s), 0 Warning(s).

<h2>Software Packages used:</h2>

Package Vendor: ARM
                http://www.keil.com/pack/ARM.CMSIS.5.7.0.pack
                ARM.CMSIS.5.7.0
                CMSIS (Cortex Microcontroller Software Interface Standard)
   * Component: CORE Version: 5.4.0

Package Vendor: Keil
                http://www.keil.com/pack/Keil.STM32H7xx_DFP.2.7.0.pack
                Keil.STM32H7xx_DFP.2.7.0
                STMicroelectronics STM32H7 Series Device Support and Examples

<h2>Collection of Component include folders:</h2>
  .\RTE\_FormalDebugRobotCar
  C:\Users\Quantum815\AppData\Local\Arm\Packs\ARM\CMSIS\5.7.0\CMSIS\Core\Include
  C:\Users\Quantum815\AppData\Local\Arm\Packs\Keil\STM32H7xx_DFP\2.7.0\Drivers\CMSIS\Device\ST\STM32H7xx\Include

<h2>Collection of Component Files used:</h2>

   * Component: ARM::CMSIS:CORE:5.4.0
      Include file:  CMSIS\Core\Include\tz_context.h
Build Time Elapsed:  00:00:03
</pre>
</body>
</html>
