<html>
<body>
<pre>
<h1>µVision Build Log</h1>
<h2>Tool Versions:</h2>
IDE-Version: ¦ÌVision V5.33.0.0
Copyright (C) 2020 ARM Ltd and ARM Germany GmbH. All rights reserved.
License Information: 111 111, 111, LIC=MPPLD-8GF48-FW72N-YXHIB-D0AQH-49N8E
 
Tool Versions:
Toolchain:       MDK-ARM Plus  Version: 5.33.0.0
Toolchain Path:  D:\Program Files (x86)\Keil_v5\ARM\ARMCLANG\Bin
C Compiler:      ArmClang.exe V6.15
Assembler:       Armasm.exe V6.15
Linker/Locator:  ArmLink.exe V6.15
Library Manager: ArmAr.exe V6.15
Hex Converter:   FromElf.exe V6.15
CPU DLL:         SARMCM3.DLL V5.33.0.0
Dialog DLL:      DCM.DLL V1.17.3.0
Target DLL:      Segger\JL2CM3.dll V2.99.38.0
Dialog DLL:      TCM.DLL V1.48.0.0
 
<h2>Project:</h2>
D:\Quantum815\Documents\GitHub\ZJ5thRobot2021_Project\FORMAL\Debug406_RobotCar\MDK-ARM\Debug406_RobotCar.uvprojx
Project File Date:  01/02/2021

<h2>Output:</h2>
*** Using Compiler 'V6.15', folder: 'D:\Program Files (x86)\Keil_v5\ARM\ARMCLANG\Bin'
Build target 'Debug406_RobotCar'
compiling main.c...
linking...
Program Size: Code=9050 RO-data=754 RW-data=16 ZI-data=1776  
FromELF: creating hex file...
"Debug406_RobotCar\Debug406_RobotCar.axf" - 0 Error(s), 0 Warning(s).

<h2>Software Packages used:</h2>

Package Vendor: ARM
                http://www.keil.com/pack/ARM.CMSIS.5.7.0.pack
                ARM.CMSIS.5.7.0
                CMSIS (Cortex Microcontroller Software Interface Standard)
   * Component: CORE Version: 5.4.0

Package Vendor: Keil
                https://www.keil.com/pack/Keil.STM32H7xx_DFP.2.7.0.pack
                Keil.STM32H7xx_DFP.2.7.0
                STMicroelectronics STM32H7 Series Device Support and Examples

<h2>Collection of Component include folders:</h2>
  .\RTE\_Debug406_RobotCar
  D:\Quantum815\Documents\Arm\Packs\ARM\CMSIS\5.7.0\CMSIS\Core\Include
  D:\Quantum815\Documents\Arm\Packs\Keil\STM32H7xx_DFP\2.7.0\Drivers\CMSIS\Device\ST\STM32H7xx\Include

<h2>Collection of Component Files used:</h2>

   * Component: ARM::CMSIS:CORE:5.4.0
      Include file:  CMSIS\Core\Include\tz_context.h
Build Time Elapsed:  00:00:01
</pre>
</body>
</html>
