Component: ARM Compiler 6.15 Tool: armlink [5dd79300]

==============================================================================

Section Cross References

    startup_stm32h743xx.o(RESET) refers to startup_stm32h743xx.o(STACK) for __initial_sp
    startup_stm32h743xx.o(RESET) refers to startup_stm32h743xx.o(.text) for Reset_Handler
    startup_stm32h743xx.o(RESET) refers to stm32h7xx_it.o(.text.NMI_Handler) for NMI_Handler
    startup_stm32h743xx.o(RESET) refers to stm32h7xx_it.o(.text.HardFault_Handler) for HardFault_Handler
    startup_stm32h743xx.o(RESET) refers to stm32h7xx_it.o(.text.MemManage_Handler) for MemManage_Handler
    startup_stm32h743xx.o(RESET) refers to stm32h7xx_it.o(.text.BusFault_Handler) for BusFault_Handler
    startup_stm32h743xx.o(RESET) refers to stm32h7xx_it.o(.text.UsageFault_Handler) for UsageFault_Handler
    startup_stm32h743xx.o(RESET) refers to stm32h7xx_it.o(.text.SVC_Handler) for SVC_Handler
    startup_stm32h743xx.o(RESET) refers to stm32h7xx_it.o(.text.DebugMon_Handler) for DebugMon_Handler
    startup_stm32h743xx.o(RESET) refers to stm32h7xx_it.o(.text.PendSV_Handler) for PendSV_Handler
    startup_stm32h743xx.o(RESET) refers to stm32h7xx_it.o(.text.SysTick_Handler) for SysTick_Handler
    startup_stm32h743xx.o(RESET) refers to stm32h7xx_it.o(.text.DMA1_Stream0_IRQHandler) for DMA1_Stream0_IRQHandler
    startup_stm32h743xx.o(RESET) refers to stm32h7xx_it.o(.text.DMA1_Stream1_IRQHandler) for DMA1_Stream1_IRQHandler
    startup_stm32h743xx.o(RESET) refers to stm32h7xx_it.o(.text.UART4_IRQHandler) for UART4_IRQHandler
    startup_stm32h743xx.o(RESET) refers to stm32h7xx_it.o(.text.UART5_IRQHandler) for UART5_IRQHandler
    startup_stm32h743xx.o(.text) refers to system_stm32h7xx.o(.text.SystemInit) for SystemInit
    startup_stm32h743xx.o(.text) refers to entry.o(.ARM.Collect$$$$00000000) for __main
    main.o(.text.main) refers to stm32h7xx_hal.o(.text.HAL_Init) for HAL_Init
    main.o(.text.main) refers to main.o(.text.SystemClock_Config) for SystemClock_Config
    main.o(.text.main) refers to gpio.o(.text.MX_GPIO_Init) for MX_GPIO_Init
    main.o(.text.main) refers to dma.o(.text.MX_DMA_Init) for MX_DMA_Init
    main.o(.text.main) refers to usart.o(.text.MX_UART4_Init) for MX_UART4_Init
    main.o(.text.main) refers to usart.o(.text.MX_UART5_Init) for MX_UART5_Init
    main.o(.text.main) refers to usart.o(.text.MX_UART7_Init) for MX_UART7_Init
    main.o(.text.main) refers to i2c.o(.text.MX_I2C4_Init) for MX_I2C4_Init
    main.o(.text.main) refers to usart.o(.text.MX_UART8_Init) for MX_UART8_Init
    main.o(.text.main) refers to usermain.o(.text.UserInit) for UserInit
    main.o(.text.main) refers to usermain.o(.text.UserLoop) for UserLoop
    main.o(.ARM.exidx.text.main) refers to main.o(.text.main) for [Anonymous Symbol]
    main.o(.text.SystemClock_Config) refers to memseta.o(.text) for __aeabi_memclr4
    main.o(.text.SystemClock_Config) refers to stm32h7xx_hal_pwr_ex.o(.text.HAL_PWREx_ConfigSupply) for HAL_PWREx_ConfigSupply
    main.o(.text.SystemClock_Config) refers to stm32h7xx_hal_rcc.o(.text.HAL_RCC_OscConfig) for HAL_RCC_OscConfig
    main.o(.text.SystemClock_Config) refers to stm32h7xx_hal_rcc.o(.text.HAL_RCC_ClockConfig) for HAL_RCC_ClockConfig
    main.o(.text.SystemClock_Config) refers to stm32h7xx_hal_rcc.o(.text.HAL_RCC_EnableCSS) for HAL_RCC_EnableCSS
    main.o(.text.SystemClock_Config) refers to main.o(.text.Error_Handler) for Error_Handler
    main.o(.ARM.exidx.text.SystemClock_Config) refers to main.o(.text.SystemClock_Config) for [Anonymous Symbol]
    main.o(.ARM.exidx.text.Error_Handler) refers to main.o(.text.Error_Handler) for [Anonymous Symbol]
    gpio.o(.text.MX_GPIO_Init) refers to stm32h7xx_hal_gpio.o(.text.HAL_GPIO_WritePin) for HAL_GPIO_WritePin
    gpio.o(.text.MX_GPIO_Init) refers to stm32h7xx_hal_gpio.o(.text.HAL_GPIO_Init) for HAL_GPIO_Init
    gpio.o(.ARM.exidx.text.MX_GPIO_Init) refers to gpio.o(.text.MX_GPIO_Init) for [Anonymous Symbol]
    dma.o(.text.MX_DMA_Init) refers to stm32h7xx_hal_cortex.o(.text.HAL_NVIC_SetPriority) for HAL_NVIC_SetPriority
    dma.o(.text.MX_DMA_Init) refers to stm32h7xx_hal_cortex.o(.text.HAL_NVIC_EnableIRQ) for HAL_NVIC_EnableIRQ
    dma.o(.ARM.exidx.text.MX_DMA_Init) refers to dma.o(.text.MX_DMA_Init) for [Anonymous Symbol]
    i2c.o(.text.MX_I2C4_Init) refers to i2c.o(.bss.hi2c4) for hi2c4
    i2c.o(.text.MX_I2C4_Init) refers to stm32h7xx_hal_i2c.o(.text.HAL_I2C_Init) for HAL_I2C_Init
    i2c.o(.text.MX_I2C4_Init) refers to main.o(.text.Error_Handler) for Error_Handler
    i2c.o(.text.MX_I2C4_Init) refers to stm32h7xx_hal_i2c_ex.o(.text.HAL_I2CEx_ConfigAnalogFilter) for HAL_I2CEx_ConfigAnalogFilter
    i2c.o(.text.MX_I2C4_Init) refers to stm32h7xx_hal_i2c_ex.o(.text.HAL_I2CEx_ConfigDigitalFilter) for HAL_I2CEx_ConfigDigitalFilter
    i2c.o(.ARM.exidx.text.MX_I2C4_Init) refers to i2c.o(.text.MX_I2C4_Init) for [Anonymous Symbol]
[...]
    ../clib/microlib/printf/printf.c         0x00000000   Number         0  printf7.o ABSOLUTE
    ../clib/microlib/printf/printf.c         0x00000000   Number         0  printf8.o ABSOLUTE
    ../clib/microlib/printf/printf.c         0x00000000   Number         0  printfa.o ABSOLUTE
    ../clib/microlib/printf/stubs.s          0x00000000   Number         0  printfstubs.o ABSOLUTE
    ../clib/microlib/stdio/putchar.c         0x00000000   Number         0  putchar.o ABSOLUTE
    ../clib/microlib/stdio/streams.c         0x00000000   Number         0  stdout.o ABSOLUTE
    ../clib/microlib/string/memset.c         0x00000000   Number         0  memseta.o ABSOLUTE
    ../clib/microlib/stubs.s                 0x00000000   Number         0  iusefp.o ABSOLUTE
    ../fplib/microlib/fpadd.c                0x00000000   Number         0  dadd.o ABSOLUTE
    ../fplib/microlib/fpdiv.c                0x00000000   Number         0  ddiv.o ABSOLUTE
    ../fplib/microlib/fpepilogue.c           0x00000000   Number         0  depilogue.o ABSOLUTE
    ../fplib/microlib/fpfix.c                0x00000000   Number         0  dfixul.o ABSOLUTE
    ../fplib/microlib/fpmul.c                0x00000000   Number         0  dmul.o ABSOLUTE
    BasicAction.c                            0x00000000   Number         0  basicaction.o ABSOLUTE
    CallBackAction.c                         0x00000000   Number         0  callbackaction.o ABSOLUTE
    GraySensor.c                             0x00000000   Number         0  graysensor.o ABSOLUTE
    Gyro.c                                   0x00000000   Number         0  gyro.o ABSOLUTE
    Miscellaneous.c                          0x00000000   Number         0  miscellaneous.o ABSOLUTE
    UserFsmCondition.c                       0x00000000   Number         0  userfsmcondition.o ABSOLUTE
    UserFsmFrame.c                           0x00000000   Number         0  userfsmframe.o ABSOLUTE
    UserFsmJump.c                            0x00000000   Number         0  userfsmjump.o ABSOLUTE
    UserMain.c                               0x00000000   Number         0  usermain.o ABSOLUTE
    cdrcmple.s                               0x00000000   Number         0  cdrcmple.o ABSOLUTE
    dc.s                                     0x00000000   Number         0  dc.o ABSOLUTE
    dma.c                                    0x00000000   Number         0  dma.o ABSOLUTE
    gpio.c                                   0x00000000   Number         0  gpio.o ABSOLUTE
    handlers.s                               0x00000000   Number         0  handlers.o ABSOLUTE
    i2c.c                                    0x00000000   Number         0  i2c.o ABSOLUTE
    init.s                                   0x00000000   Number         0  init.o ABSOLUTE
    main.c                                   0x00000000   Number         0  main.o ABSOLUTE
    startup_stm32h743xx.s                    0x00000000   Number         0  startup_stm32h743xx.o ABSOLUTE
    stm32h7xx_hal.c                          0x00000000   Number         0  stm32h7xx_hal.o ABSOLUTE
    stm32h7xx_hal_cortex.c                   0x00000000   Number         0  stm32h7xx_hal_cortex.o ABSOLUTE
    stm32h7xx_hal_dma.c                      0x00000000   Number         0  stm32h7xx_hal_dma.o ABSOLUTE
    stm32h7xx_hal_dma_ex.c                   0x00000000   Number         0  stm32h7xx_hal_dma_ex.o ABSOLUTE
    stm32h7xx_hal_exti.c                     0x00000000   Number         0  stm32h7xx_hal_exti.o ABSOLUTE
    stm32h7xx_hal_flash.c                    0x00000000   Number         0  stm32h7xx_hal_flash.o ABSOLUTE
    stm32h7xx_hal_flash_ex.c                 0x00000000   Number         0  stm32h7xx_hal_flash_ex.o ABSOLUTE
    stm32h7xx_hal_gpio.c                     0x00000000   Number         0  stm32h7xx_hal_gpio.o ABSOLUTE
    stm32h7xx_hal_hsem.c                     0x00000000   Number         0  stm32h7xx_hal_hsem.o ABSOLUTE
    stm32h7xx_hal_i2c.c                      0x00000000   Number         0  stm32h7xx_hal_i2c.o ABSOLUTE
    stm32h7xx_hal_i2c_ex.c                   0x00000000   Number         0  stm32h7xx_hal_i2c_ex.o ABSOLUTE
    stm32h7xx_hal_mdma.c                     0x00000000   Number         0  stm32h7xx_hal_mdma.o ABSOLUTE
    stm32h7xx_hal_msp.c                      0x00000000   Number         0  stm32h7xx_hal_msp.o ABSOLUTE
    stm32h7xx_hal_pwr.c                      0x00000000   Number         0  stm32h7xx_hal_pwr.o ABSOLUTE
    stm32h7xx_hal_pwr_ex.c                   0x00000000   Number         0  stm32h7xx_hal_pwr_ex.o ABSOLUTE
    stm32h7xx_hal_rcc.c                      0x00000000   Number         0  stm32h7xx_hal_rcc.o ABSOLUTE
    stm32h7xx_hal_rcc_ex.c                   0x00000000   Number         0  stm32h7xx_hal_rcc_ex.o ABSOLUTE
    stm32h7xx_hal_tim.c                      0x00000000   Number         0  stm32h7xx_hal_tim.o ABSOLUTE
    stm32h7xx_hal_tim_ex.c                   0x00000000   Number         0  stm32h7xx_hal_tim_ex.o ABSOLUTE
    stm32h7xx_hal_uart.c                     0x00000000   Number         0  stm32h7xx_hal_uart.o ABSOLUTE
    stm32h7xx_hal_uart_ex.c                  0x00000000   Number         0  stm32h7xx_hal_uart_ex.o ABSOLUTE
    stm32h7xx_it.c                           0x00000000   Number         0  stm32h7xx_it.o ABSOLUTE
    system_stm32h7xx.c                       0x00000000   Number         0  system_stm32h7xx.o ABSOLUTE
    usart.c                                  0x00000000   Number         0  usart.o ABSOLUTE
    RESET                                    0x08000000   Section      664  startup_stm32h743xx.o(RESET)
    .ARM.Collect$$$$00000000                 0x08000298   Section        0  entry.o(.ARM.Collect$$$$00000000)
    .ARM.Collect$$$$00000001                 0x08000298   Section        4  entry2.o(.ARM.Collect$$$$00000001)
    .ARM.Collect$$$$00000004                 0x0800029c   Section        4  entry5.o(.ARM.Collect$$$$00000004)
    .ARM.Collect$$$$00000008                 0x080002a0   Section        0  entry7b.o(.ARM.Collect$$$$00000008)
    .ARM.Collect$$$$0000000A                 0x080002a0   Section        0  entry8b.o(.ARM.Collect$$$$0000000A)
    .ARM.Collect$$$$0000000B                 0x080002a0   Section        8  entry9a.o(.ARM.Collect$$$$0000000B)
    __lit__00000000                          0x080002a8   Data           4  entry2.o(.ARM.Collect$$$$00002712)
    .ARM.Collect$$$$0000000D                 0x080002a8   Section        0  entry10a.o(.ARM.Collect$$$$0000000D)
    .ARM.Collect$$$$0000000F                 0x080002a8   Section        0  entry11a.o(.ARM.Collect$$$$0000000F)
    .ARM.Collect$$$$00002712                 0x080002a8   Section        4  entry2.o(.ARM.Collect$$$$00002712)
    $v0                                      0x080002ac   Number         0  startup_stm32h743xx.o(.text)
    .text                                    0x080002ac   Section       36  startup_stm32h743xx.o(.text)
    .text                                    0x080002d0   Section        0  uldiv.o(.text)
    .text                                    0x08000332   Section        0  memseta.o(.text)
    .text                                    0x08000356   Section        0  uidiv.o(.text)
    .text                                    0x08000382   Section        0  llshl.o(.text)
    .text                                    0x080003a0   Section        0  llushr.o(.text)
    .text                                    0x080003c0   Section       36  init.o(.text)
    [Anonymous Symbol]                       0x080003e8   Section        0  stm32h7xx_it.o(.text.BusFault_Handler)
    [Anonymous Symbol]                       0x080003f0   Section        0  gyro.o(.text.Char2Short)
    [Anonymous Symbol]                       0x080003f8   Section        0  stm32h7xx_it.o(.text.DMA1_Stream0_IRQHandler)
    [Anonymous Symbol]                       0x08000408   Section        0  stm32h7xx_it.o(.text.DMA1_Stream1_IRQHandler)
    DMA_CalcBaseAndBitshift                  0x08000419   Thumb Code   284  stm32h7xx_hal_dma.o(.text.DMA_CalcBaseAndBitshift)
    [Anonymous Symbol]                       0x08000418   Section        0  stm32h7xx_hal_dma.o(.text.DMA_CalcBaseAndBitshift)
    DMA_CalcBaseAndBitshift.flagBitshiftOffset 0x0800052c   Number         0  stm32h7xx_hal_dma.o(.text.DMA_CalcBaseAndBitshift)
    DMA_CalcDMAMUXChannelBaseAndMask         0x08000539   Thumb Code   236  stm32h7xx_hal_dma.o(.text.DMA_CalcDMAMUXChannelBaseAndMask)
    [Anonymous Symbol]                       0x08000538   Section        0  stm32h7xx_hal_dma.o(.text.DMA_CalcDMAMUXChannelBaseAndMask)
    DMA_CalcDMAMUXRequestGenBaseAndMask      0x08000629   Thumb Code   174  stm32h7xx_hal_dma.o(.text.DMA_CalcDMAMUXRequestGenBaseAndMask)
    [Anonymous Symbol]                       0x08000628   Section        0  stm32h7xx_hal_dma.o(.text.DMA_CalcDMAMUXRequestGenBaseAndMask)
    DMA_CheckFifoParam                       0x080006d9   Thumb Code    80  stm32h7xx_hal_dma.o(.text.DMA_CheckFifoParam)
    [Anonymous Symbol]                       0x080006d8   Section        0  stm32h7xx_hal_dma.o(.text.DMA_CheckFifoParam)
    DMA_SetConfig                            0x08000729   Thumb Code   750  stm32h7xx_hal_dma.o(.text.DMA_SetConfig)
    [Anonymous Symbol]                       0x08000728   Section        0  stm32h7xx_hal_dma.o(.text.DMA_SetConfig)
    [Anonymous Symbol]                       0x08000a18   Section        0  stm32h7xx_it.o(.text.DebugMon_Handler)
    [Anonymous Symbol]                       0x08000a20   Section        0  main.o(.text.Error_Handler)
    [Anonymous Symbol]                       0x08000a30   Section        0  graysensor.o(.text.GetGraySensorFifteenValue)
    [Anonymous Symbol]                       0x08000a40   Section        0  graysensor.o(.text.GraySensorFifteenAnalogValueGet)
    [Anonymous Symbol]                       0x08000a98   Section        0  graysensor.o(.text.GraySensorManualConfigLight)
    [Anonymous Symbol]                       0x08000b00   Section        0  gyro.o(.text.GyroCheckSumJudge)
    [Anonymous Symbol]                       0x08000b30   Section        0  gyro.o(.text.GyroEulerAnglesProcess)
    [Anonymous Symbol]                       0x08000b60   Section        0  gyro.o(.text.GyroGetAllAngles)
    [Anonymous Symbol]                       0x08000ba8   Section        0  stm32h7xx_hal_dma.o(.text.HAL_DMA_Abort)
    [Anonymous Symbol]                       0x08001168   Section        0  stm32h7xx_hal_dma.o(.text.HAL_DMA_Abort_IT)
    [Anonymous Symbol]                       0x08001410   Section        0  stm32h7xx_hal_dma.o(.text.HAL_DMA_IRQHandler)
    [Anonymous Symbol]                       0x08001f98   Section        0  stm32h7xx_hal_dma.o(.text.HAL_DMA_Init)
    [Anonymous Symbol]                       0x080024e8   Section        0  stm32h7xx_hal_dma.o(.text.HAL_DMA_Start_IT)
    [Anonymous Symbol]                       0x08002940   Section        0  stm32h7xx_hal.o(.text.HAL_Delay)
    [Anonymous Symbol]                       0x08002968   Section        0  stm32h7xx_hal_gpio.o(.text.HAL_GPIO_Init)
    [Anonymous Symbol]                       0x08002b10   Section        0  stm32h7xx_hal_gpio.o(.text.HAL_GPIO_WritePin)
    [Anonymous Symbol]                       0x08002b20   Section        0  stm32h7xx_hal.o(.text.HAL_GetREVID)
    [Anonymous Symbol]                       0x08002b30   Section        0  stm32h7xx_hal.o(.text.HAL_GetTick)
    [Anonymous Symbol]                       0x08002b40   Section        0  stm32h7xx_hal_i2c_ex.o(.text.HAL_I2CEx_ConfigAnalogFilter)
    [Anonymous Symbol]                       0x08002b80   Section        0  stm32h7xx_hal_i2c_ex.o(.text.HAL_I2CEx_ConfigDigitalFilter)
    [Anonymous Symbol]                       0x08002bc0   Section        0  stm32h7xx_hal_i2c.o(.text.HAL_I2C_Init)
    [Anonymous Symbol]                       0x08002c58   Section        0  i2c.o(.text.HAL_I2C_MspInit)
    [Anonymous Symbol]                       0x08002ce8   Section        0  stm32h7xx_hal.o(.text.HAL_IncTick)
    [Anonymous Symbol]                       0x08002d08   Section        0  stm32h7xx_hal.o(.text.HAL_Init)
    [Anonymous Symbol]                       0x08002d70   Section        0  stm32h7xx_hal.o(.text.HAL_InitTick)
    [Anonymous Symbol]                       0x08002dc8   Section        0  stm32h7xx_hal_msp.o(.text.HAL_MspInit)
    [Anonymous Symbol]                       0x08002df0   Section        0  stm32h7xx_hal_cortex.o(.text.HAL_NVIC_EnableIRQ)
    [Anonymous Symbol]                       0x08002df8   Section        0  stm32h7xx_hal_cortex.o(.text.HAL_NVIC_SetPriority)
    [Anonymous Symbol]                       0x08002e18   Section        0  stm32h7xx_hal_cortex.o(.text.HAL_NVIC_SetPriorityGrouping)
    [Anonymous Symbol]                       0x08002e20   Section        0  stm32h7xx_hal_pwr_ex.o(.text.HAL_PWREx_ConfigSupply)
    [Anonymous Symbol]                       0x08002e68   Section        0  stm32h7xx_hal_rcc_ex.o(.text.HAL_RCCEx_GetD3PCLK1Freq)
    [Anonymous Symbol]                       0x08002e90   Section        0  stm32h7xx_hal_rcc_ex.o(.text.HAL_RCCEx_GetPLL2ClockFreq)
    [Anonymous Symbol]                       0x08002fb8   Section        0  stm32h7xx_hal_rcc_ex.o(.text.HAL_RCCEx_GetPLL3ClockFreq)
    [Anonymous Symbol]                       0x080030e0   Section        0  stm32h7xx_hal_rcc_ex.o(.text.HAL_RCCEx_PeriphCLKConfig)
    [Anonymous Symbol]                       0x080039b0   Section        0  stm32h7xx_hal_rcc.o(.text.HAL_RCC_CSSCallback)
    [Anonymous Symbol]                       0x080039b8   Section        0  stm32h7xx_hal_rcc.o(.text.HAL_RCC_ClockConfig)
    [Anonymous Symbol]                       0x08003c10   Section        0  stm32h7xx_hal_rcc.o(.text.HAL_RCC_EnableCSS)
    [Anonymous Symbol]                       0x08003c28   Section        0  stm32h7xx_hal_rcc.o(.text.HAL_RCC_GetHCLKFreq)
    [Anonymous Symbol]                       0x08003c78   Section        0  stm32h7xx_hal_rcc.o(.text.HAL_RCC_GetPCLK1Freq)
    [Anonymous Symbol]                       0x08003ca0   Section        0  stm32h7xx_hal_rcc.o(.text.HAL_RCC_GetPCLK2Freq)
    [Anonymous Symbol]                       0x08003cc8   Section        0  stm32h7xx_hal_rcc.o(.text.HAL_RCC_GetSysClockFreq)
    [Anonymous Symbol]                       0x08003dd0   Section        0  stm32h7xx_hal_rcc.o(.text.HAL_RCC_NMI_IRQHandler)
    [Anonymous Symbol]                       0x08003df0   Section        0  stm32h7xx_hal_rcc.o(.text.HAL_RCC_OscConfig)
    [Anonymous Symbol]                       0x080043e0   Section        0  stm32h7xx_hal_cortex.o(.text.HAL_SYSTICK_Config)
    [Anonymous Symbol]                       0x080043e8   Section        0  stm32h7xx_hal_uart_ex.o(.text.HAL_UARTEx_DisableFifoMode)
    [Anonymous Symbol]                       0x08004420   Section        0  stm32h7xx_hal_uart.o(.text.HAL_UARTEx_RxEventCallback)
    [Anonymous Symbol]                       0x08004428   Section        0  stm32h7xx_hal_uart_ex.o(.text.HAL_UARTEx_RxFifoFullCallback)
    [Anonymous Symbol]                       0x08004430   Section        0  stm32h7xx_hal_uart_ex.o(.text.HAL_UARTEx_SetRxFifoThreshold)
    [Anonymous Symbol]                       0x08004480   Section        0  stm32h7xx_hal_uart_ex.o(.text.HAL_UARTEx_SetTxFifoThreshold)
    [Anonymous Symbol]                       0x080044d0   Section        0  stm32h7xx_hal_uart_ex.o(.text.HAL_UARTEx_TxFifoEmptyCallback)
    [Anonymous Symbol]                       0x080044d8   Section        0  stm32h7xx_hal_uart_ex.o(.text.HAL_UARTEx_WakeupCallback)
    [Anonymous Symbol]                       0x080044e0   Section        0  stm32h7xx_hal_uart.o(.text.HAL_UART_ErrorCallback)
    [Anonymous Symbol]                       0x080044e8   Section        0  stm32h7xx_hal_uart.o(.text.HAL_UART_GetState)
    [Anonymous Symbol]                       0x080044f8   Section        0  stm32h7xx_hal_uart.o(.text.HAL_UART_IRQHandler)
    [Anonymous Symbol]                       0x08004860   Section        0  stm32h7xx_hal_uart.o(.text.HAL_UART_Init)
    [Anonymous Symbol]                       0x080048c8   Section        0  usart.o(.text.HAL_UART_MspInit)
    [Anonymous Symbol]                       0x08004b40   Section        0  stm32h7xx_hal_uart.o(.text.HAL_UART_Receive_DMA)
    [Anonymous Symbol]                       0x08004ba0   Section        0  stm32h7xx_hal_uart.o(.text.HAL_UART_Receive_IT)
    [Anonymous Symbol]                       0x08004c00   Section        0  callbackaction.o(.text.HAL_UART_RxCpltCallback)
    [Anonymous Symbol]                       0x08004c70   Section        0  stm32h7xx_hal_uart.o(.text.HAL_UART_RxHalfCpltCallback)
    [Anonymous Symbol]                       0x08004c78   Section        0  stm32h7xx_hal_uart.o(.text.HAL_UART_Transmit)
    [Anonymous Symbol]                       0x08004d58   Section        0  stm32h7xx_hal_uart.o(.text.HAL_UART_Transmit_DMA)
    [Anonymous Symbol]                       0x08004df8   Section        0  stm32h7xx_hal_uart.o(.text.HAL_UART_TxCpltCallback)
    [Anonymous Symbol]                       0x08004e00   Section        0  stm32h7xx_hal_uart.o(.text.HAL_UART_TxHalfCpltCallback)
    [Anonymous Symbol]                       0x08004e08   Section        0  stm32h7xx_it.o(.text.HardFault_Handler)
    [Anonymous Symbol]                       0x08004e10   Section        0  dma.o(.text.MX_DMA_Init)
    [Anonymous Symbol]                       0x08004e58   Section        0  gpio.o(.text.MX_GPIO_Init)
    [Anonymous Symbol]                       0x08004f20   Section        0  i2c.o(.text.MX_I2C4_Init)
    [Anonymous Symbol]                       0x08004f88   Section        0  usart.o(.text.MX_UART4_Init)
    [Anonymous Symbol]                       0x08005008   Section        0  usart.o(.text.MX_UART5_Init)
    [Anonymous Symbol]                       0x08005088   Section        0  usart.o(.text.MX_UART7_Init)
    [Anonymous Symbol]                       0x08005108   Section        0  usart.o(.text.MX_UART8_Init)
    [Anonymous Symbol]                       0x08005188   Section        0  stm32h7xx_it.o(.text.MemManage_Handler)
    [Anonymous Symbol]                       0x08005190   Section        0  stm32h7xx_it.o(.text.NMI_Handler)
    NVIC_EncodePriority                      0x08005199   Thumb Code    46  stm32h7xx_hal_cortex.o(.text.NVIC_EncodePriority)
    [Anonymous Symbol]                       0x08005198   Section        0  stm32h7xx_hal_cortex.o(.text.NVIC_EncodePriority)
    [Anonymous Symbol]                       0x080051c8   Section        0  stm32h7xx_it.o(.text.PendSV_Handler)
    RCCEx_PLL2_Config                        0x080051d1   Thumb Code   286  stm32h7xx_hal_rcc_ex.o(.text.RCCEx_PLL2_Config)
    [Anonymous Symbol]                       0x080051d0   Section        0  stm32h7xx_hal_rcc_ex.o(.text.RCCEx_PLL2_Config)
    RCCEx_PLL3_Config                        0x080052f1   Thumb Code   286  stm32h7xx_hal_rcc_ex.o(.text.RCCEx_PLL3_Config)
    [Anonymous Symbol]                       0x080052f0   Section        0  stm32h7xx_hal_rcc_ex.o(.text.RCCEx_PLL3_Config)
    [Anonymous Symbol]                       0x08005410   Section        0  stm32h7xx_it.o(.text.SVC_Handler)
    SysTick_Config                           0x08005419   Thumb Code    46  stm32h7xx_hal_cortex.o(.text.SysTick_Config)
    [Anonymous Symbol]                       0x08005418   Section        0  stm32h7xx_hal_cortex.o(.text.SysTick_Config)
    [Anonymous Symbol]                       0x08005448   Section        0  stm32h7xx_it.o(.text.SysTick_Handler)
    [Anonymous Symbol]                       0x08005450   Section        0  main.o(.text.SystemClock_Config)
    [Anonymous Symbol]                       0x08005510   Section        0  system_stm32h7xx.o(.text.SystemInit)
    [Anonymous Symbol]                       0x080055f0   Section        0  stm32h7xx_it.o(.text.UART4_IRQHandler)
    [Anonymous Symbol]                       0x08005600   Section        0  stm32h7xx_it.o(.text.UART5_IRQHandler)
    UARTEx_SetNbDataToProcess                0x08005611   Thumb Code    84  stm32h7xx_hal_uart_ex.o(.text.UARTEx_SetNbDataToProcess)
    [Anonymous Symbol]                       0x08005610   Section        0  stm32h7xx_hal_uart_ex.o(.text.UARTEx_SetNbDataToProcess)
    [Anonymous Symbol]                       0x08005668   Section        0  stm32h7xx_hal_uart.o(.text.UART_AdvFeatureConfig)
    [Anonymous Symbol]                       0x08005748   Section        0  stm32h7xx_hal_uart.o(.text.UART_CheckIdleState)
    UART_DMAAbortOnError                     0x080057b9   Thumb Code    20  stm32h7xx_hal_uart.o(.text.UART_DMAAbortOnError)
    [Anonymous Symbol]                       0x080057b8   Section        0  stm32h7xx_hal_uart.o(.text.UART_DMAAbortOnError)
    UART_DMAError                            0x080057d1   Thumb Code    84  stm32h7xx_hal_uart.o(.text.UART_DMAError)
    [Anonymous Symbol]                       0x080057d0   Section        0  stm32h7xx_hal_uart.o(.text.UART_DMAError)
    UART_DMAReceiveCplt                      0x08005829   Thumb Code    86  stm32h7xx_hal_uart.o(.text.UART_DMAReceiveCplt)
    [Anonymous Symbol]                       0x08005828   Section        0  stm32h7xx_hal_uart.o(.text.UART_DMAReceiveCplt)
    UART_DMARxHalfCplt                       0x08005881   Thumb Code    28  stm32h7xx_hal_uart.o(.text.UART_DMARxHalfCplt)
    [Anonymous Symbol]                       0x08005880   Section        0  stm32h7xx_hal_uart.o(.text.UART_DMARxHalfCplt)
    UART_DMATransmitCplt                     0x080058a1   Thumb Code    44  stm32h7xx_hal_uart.o(.text.UART_DMATransmitCplt)
    [Anonymous Symbol]                       0x080058a0   Section        0  stm32h7xx_hal_uart.o(.text.UART_DMATransmitCplt)
    UART_DMATxHalfCplt                       0x080058d1   Thumb Code    10  stm32h7xx_hal_uart.o(.text.UART_DMATxHalfCplt)
    [Anonymous Symbol]                       0x080058d0   Section        0  stm32h7xx_hal_uart.o(.text.UART_DMATxHalfCplt)
    UART_EndRxTransfer                       0x080058e1   Thumb Code    52  stm32h7xx_hal_uart.o(.text.UART_EndRxTransfer)
    [Anonymous Symbol]                       0x080058e0   Section        0  stm32h7xx_hal_uart.o(.text.UART_EndRxTransfer)
    UART_EndTransmit_IT                      0x08005919   Thumb Code    28  stm32h7xx_hal_uart.o(.text.UART_EndTransmit_IT)
    [Anonymous Symbol]                       0x08005918   Section        0  stm32h7xx_hal_uart.o(.text.UART_EndTransmit_IT)
    UART_EndTxTransfer                       0x08005939   Thumb Code    26  stm32h7xx_hal_uart.o(.text.UART_EndTxTransfer)
    [Anonymous Symbol]                       0x08005938   Section        0  stm32h7xx_hal_uart.o(.text.UART_EndTxTransfer)
    UART_RxISR_16BIT                         0x08005959   Thumb Code   124  stm32h7xx_hal_uart.o(.text.UART_RxISR_16BIT)
    [Anonymous Symbol]                       0x08005958   Section        0  stm32h7xx_hal_uart.o(.text.UART_RxISR_16BIT)
    UART_RxISR_16BIT_FIFOEN                  0x080059d9   Thumb Code   338  stm32h7xx_hal_uart.o(.text.UART_RxISR_16BIT_FIFOEN)
    [Anonymous Symbol]                       0x080059d8   Section        0  stm32h7xx_hal_uart.o(.text.UART_RxISR_16BIT_FIFOEN)
    UART_RxISR_8BIT                          0x08005b31   Thumb Code   128  stm32h7xx_hal_uart.o(.text.UART_RxISR_8BIT)
    [Anonymous Symbol]                       0x08005b30   Section        0  stm32h7xx_hal_uart.o(.text.UART_RxISR_8BIT)
    UART_RxISR_8BIT_FIFOEN                   0x08005bb1   Thumb Code   342  stm32h7xx_hal_uart.o(.text.UART_RxISR_8BIT_FIFOEN)
    [Anonymous Symbol]                       0x08005bb0   Section        0  stm32h7xx_hal_uart.o(.text.UART_RxISR_8BIT_FIFOEN)
    [Anonymous Symbol]                       0x08005d08   Section        0  stm32h7xx_hal_uart.o(.text.UART_SetConfig)
    [Anonymous Symbol]                       0x08006278   Section        0  stm32h7xx_hal_uart.o(.text.UART_Start_Receive_DMA)
    [Anonymous Symbol]                       0x080062f8   Section        0  stm32h7xx_hal_uart.o(.text.UART_Start_Receive_IT)
    [Anonymous Symbol]                       0x080063d8   Section        0  stm32h7xx_hal_uart.o(.text.UART_WaitOnFlagUntilTimeout)
    [Anonymous Symbol]                       0x08006490   Section        0  stm32h7xx_it.o(.text.UsageFault_Handler)
    [Anonymous Symbol]                       0x08006498   Section        0  usermain.o(.text.UserInit)
    [Anonymous Symbol]                       0x080064a8   Section        0  usermain.o(.text.UserLoop)
    __NVIC_EnableIRQ                         0x080064d9   Thumb Code    32  stm32h7xx_hal_cortex.o(.text.__NVIC_EnableIRQ)
    [Anonymous Symbol]                       0x080064d8   Section        0  stm32h7xx_hal_cortex.o(.text.__NVIC_EnableIRQ)
    __NVIC_GetPriorityGrouping               0x080064f9   Thumb Code    16  stm32h7xx_hal_cortex.o(.text.__NVIC_GetPriorityGrouping)
    [Anonymous Symbol]                       0x080064f8   Section        0  stm32h7xx_hal_cortex.o(.text.__NVIC_GetPriorityGrouping)
    __NVIC_SetPriority                       0x08006509   Thumb Code    34  stm32h7xx_hal_cortex.o(.text.__NVIC_SetPriority)
    [Anonymous Symbol]                       0x08006508   Section        0  stm32h7xx_hal_cortex.o(.text.__NVIC_SetPriority)
    __NVIC_SetPriorityGrouping               0x08006531   Thumb Code    32  stm32h7xx_hal_cortex.o(.text.__NVIC_SetPriorityGrouping)
    [Anonymous Symbol]                       0x08006530   Section        0  stm32h7xx_hal_cortex.o(.text.__NVIC_SetPriorityGrouping)
    [Anonymous Symbol]                       0x08006550   Section        0  miscellaneous.o(.text.fputc)
    [Anonymous Symbol]                       0x08006570   Section        0  main.o(.text.main)
    i.__0printf$1                            0x080065a0   Section        0  printf1.o(i.__0printf$1)
    i.__scatterload_copy                     0x080065c0   Section       14  handlers.o(i.__scatterload_copy)
    i.__scatterload_null                     0x080065ce   Section        2  handlers.o(i.__scatterload_null)
    i.__scatterload_zeroinit                 0x080065d0   Section       14  handlers.o(i.__scatterload_zeroinit)
    _printf_core                             0x080065e1   Thumb Code   336  printf1.o(i._printf_core)
    i._printf_core                           0x080065e0   Section        0  printf1.o(i._printf_core)
    i.putchar                                0x08006734   Section        0  putchar.o(i.putchar)
    UARTEx_SetNbDataToProcess.numerator      0x08006768   Data           8  stm32h7xx_hal_uart_ex.o(.rodata.cst8)
    UARTEx_SetNbDataToProcess.denominator    0x08006770   Data           8  stm32h7xx_hal_uart_ex.o(.rodata.cst8)
    .data                                    0x24000000   Section        4  stdout.o(.data)
    GraySensorGetFifteenAnalogValue          0x24000004   Data           2  graysensor.o(.data.GraySensorGetFifteenAnalogValue)
    [Anonymous Symbol]                       0x24000004   Section        0  graysensor.o(.data.GraySensorGetFifteenAnalogValue)
    PitchAngle                               0x24000040   Data           8  gyro.o(.bss.PitchAngle)
    [Anonymous Symbol]                       0x24000040   Section        0  gyro.o(.bss.PitchAngle)
    RollAngle                                0x24000048   Data           8  gyro.o(.bss.RollAngle)
    [Anonymous Symbol]                       0x24000048   Section        0  gyro.o(.bss.RollAngle)
    YawAngle                                 0x24000050   Data           8  gyro.o(.bss.YawAngle)
    [Anonymous Symbol]                       0x24000050   Section        0  gyro.o(.bss.YawAngle)
    STACK                                    0x240003e8   Section     1024  startup_stm32h743xx.o(STACK)

    Global Symbols

    Symbol Name                              Value     Ov Type        Size  Object(Section)

    BuildAttributes$$THM_ISAv4$E$P$D$K$B$S$7EM$VFPv5_D16$PE$PLD8$A:L22UL41UL21$X:L11$S22US41US21$IEEE1$IW$~IW$USESV6$~STKCKD$USESV7$WCHAR32$ENUMINT$~SHL$OTIME$ROPI$EBA8$MICROLIB$REQ8$PRES8$EABIv2 0x00000000   Number         0  anon$$obj.o ABSOLUTE
    _printf_a                                0x00000000   Number         0  printfstubs.o ABSOLUTE
    _printf_c                                0x00000000   Number         0  printfstubs.o ABSOLUTE
    _printf_charcount                        0x00000000   Number         0  printfstubs.o ABSOLUTE
    _printf_d                                0x00000000   Number         0  printfstubs.o ABSOLUTE
    _printf_e                                0x00000000   Number         0  printfstubs.o ABSOLUTE
    _printf_f                                0x00000000   Number         0  printfstubs.o ABSOLUTE
    _printf_flags                            0x00000000   Number         0  printfstubs.o ABSOLUTE
    _printf_fp_dec                           0x00000000   Number         0  printfstubs.o ABSOLUTE
    _printf_fp_hex                           0x00000000   Number         0  printfstubs.o ABSOLUTE
    _printf_g                                0x00000000   Number         0  printfstubs.o ABSOLUTE
    _printf_i                                0x00000000   Number         0  printfstubs.o ABSOLUTE
    _printf_int_dec                          0x00000000   Number         0  printfstubs.o ABSOLUTE
    _printf_l                                0x00000000   Number         0  printfstubs.o ABSOLUTE
    _printf_lc                               0x00000000   Number         0  printfstubs.o ABSOLUTE
    _printf_ll                               0x00000000   Number         0  printfstubs.o ABSOLUTE
    _printf_lld                              0x00000000   Number         0  printfstubs.o ABSOLUTE
    _printf_lli                              0x00000000   Number         0  printfstubs.o ABSOLUTE
    _printf_llo                              0x00000000   Number         0  printfstubs.o ABSOLUTE
    _printf_llu                              0x00000000   Number         0  printfstubs.o ABSOLUTE
    _printf_llx                              0x00000000   Number         0  printfstubs.o ABSOLUTE
    _printf_longlong_dec                     0x00000000   Number         0  printfstubs.o ABSOLUTE
    _printf_longlong_hex                     0x00000000   Number         0  printfstubs.o ABSOLUTE
    _printf_longlong_oct                     0x00000000   Number         0  printfstubs.o ABSOLUTE
    _printf_ls                               0x00000000   Number         0  printfstubs.o ABSOLUTE
    _printf_mbtowc                           0x00000000   Number         0  printfstubs.o ABSOLUTE
    _printf_n                                0x00000000   Number         0  printfstubs.o ABSOLUTE
    _printf_o                                0x00000000   Number         0  printfstubs.o ABSOLUTE
    _printf_p                                0x00000000   Number         0  printfstubs.o ABSOLUTE
    _printf_percent                          0x00000000   Number         0  printfstubs.o ABSOLUTE
    _printf_pre_padding                      0x00000000   Number         0  printfstubs.o ABSOLUTE
    _printf_return_value                     0x00000000   Number         0  printfstubs.o ABSOLUTE
    _printf_s                                0x00000000   Number         0  printfstubs.o ABSOLUTE
    _printf_sizespec                         0x00000000   Number         0  printfstubs.o ABSOLUTE
    _printf_str                              0x00000000   Number         0  printfstubs.o ABSOLUTE
    _printf_truncate_signed                  0x00000000   Number         0  printfstubs.o ABSOLUTE
    _printf_truncate_unsigned                0x00000000   Number         0  printfstubs.o ABSOLUTE
    _printf_u                                0x00000000   Number         0  printfstubs.o ABSOLUTE
    _printf_wc                               0x00000000   Number         0  printfstubs.o ABSOLUTE
    _printf_wctomb                           0x00000000   Number         0  printfstubs.o ABSOLUTE
    _printf_widthprec                        0x00000000   Number         0  printfstubs.o ABSOLUTE
    _printf_x                                0x00000000   Number         0  printfstubs.o ABSOLUTE
    __cpp_initialize__aeabi_                  - Undefined Weak Reference
    __cxa_finalize                            - Undefined Weak Reference
    __decompress                              - Undefined Weak Reference
    _clock_init                               - Undefined Weak Reference
    _microlib_exit                            - Undefined Weak Reference
    __Vectors_Size                           0x00000298   Number         0  startup_stm32h743xx.o ABSOLUTE
    __Vectors                                0x08000000   Data           4  startup_stm32h743xx.o(RESET)
    __Vectors_End                            0x08000298   Data           0  startup_stm32h743xx.o(RESET)
    __main                                   0x08000299   Thumb Code     0  entry.o(.ARM.Collect$$$$00000000)
    _main_stk                                0x08000299   Thumb Code     0  entry2.o(.ARM.Collect$$$$00000001)
    _main_scatterload                        0x0800029d   Thumb Code     0  entry5.o(.ARM.Collect$$$$00000004)
    __main_after_scatterload                 0x080002a1   Thumb Code     0  entry5.o(.ARM.Collect$$$$00000004)
    _main_clock                              0x080002a1   Thumb Code     0  entry7b.o(.ARM.Collect$$$$00000008)
    _main_cpp_init                           0x080002a1   Thumb Code     0  entry8b.o(.ARM.Collect$$$$0000000A)
    _main_init                               0x080002a1   Thumb Code     0  entry9a.o(.ARM.Collect$$$$0000000B)
    __rt_final_cpp                           0x080002a9   Thumb Code     0  entry10a.o(.ARM.Collect$$$$0000000D)
    __rt_final_exit                          0x080002a9   Thumb Code     0  entry11a.o(.ARM.Collect$$$$0000000F)
    Reset_Handler                            0x080002ad   Thumb Code     8  startup_stm32h743xx.o(.text)
    ADC3_IRQHandler                          0x080002c7   Thumb Code     0  startup_stm32h743xx.o(.text)
    ADC_IRQHandler                           0x080002c7   Thumb Code     0  startup_stm32h743xx.o(.text)
    BDMA_Channel0_IRQHandler                 0x080002c7   Thumb Code     0  startup_stm32h743xx.o(.text)
    BDMA_Channel1_IRQHandler                 0x080002c7   Thumb Code     0  startup_stm32h743xx.o(.text)
    BDMA_Channel2_IRQHandler                 0x080002c7   Thumb Code     0  startup_stm32h743xx.o(.text)
    BDMA_Channel3_IRQHandler                 0x080002c7   Thumb Code     0  startup_stm32h743xx.o(.text)
    BDMA_Channel4_IRQHandler                 0x080002c7   Thumb Code     0  startup_stm32h743xx.o(.text)
    BDMA_Channel5_IRQHandler                 0x080002c7   Thumb Code     0  startup_stm32h743xx.o(.text)
    BDMA_Channel6_IRQHandler                 0x080002c7   Thumb Code     0  startup_stm32h743xx.o(.text)
    BDMA_Channel7_IRQHandler                 0x080002c7   Thumb Code     0  startup_stm32h743xx.o(.text)
    CEC_IRQHandler                           0x080002c7   Thumb Code     0  startup_stm32h743xx.o(.text)
    COMP1_IRQHandler                         0x080002c7   Thumb Code     0  startup_stm32h743xx.o(.text)
    CRS_IRQHandler                           0x080002c7   Thumb Code     0  startup_stm32h743xx.o(.text)
    DCMI_IRQHandler                          0x080002c7   Thumb Code     0  startup_stm32h743xx.o(.text)
    DFSDM1_FLT0_IRQHandler                   0x080002c7   Thumb Code     0  startup_stm32h743xx.o(.text)
    DFSDM1_FLT1_IRQHandler                   0x080002c7   Thumb Code     0  startup_stm32h743xx.o(.text)
    DFSDM1_FLT2_IRQHandler                   0x080002c7   Thumb Code     0  startup_stm32h743xx.o(.text)
    DFSDM1_FLT3_IRQHandler                   0x080002c7   Thumb Code     0  startup_stm32h743xx.o(.text)
    DMA1_Stream2_IRQHandler                  0x080002c7   Thumb Code     0  startup_stm32h743xx.o(.text)
    DMA1_Stream3_IRQHandler                  0x080002c7   Thumb Code     0  startup_stm32h743xx.o(.text)
    DMA1_Stream4_IRQHandler                  0x080002c7   Thumb Code     0  startup_stm32h743xx.o(.text)
    DMA1_Stream5_IRQHandler                  0x080002c7   Thumb Code     0  startup_stm32h743xx.o(.text)
    DMA1_Stream6_IRQHandler                  0x080002c7   Thumb Code     0  startup_stm32h743xx.o(.text)
    DMA1_Stream7_IRQHandler                  0x080002c7   Thumb Code     0  startup_stm32h743xx.o(.text)
    DMA2D_IRQHandler                         0x080002c7   Thumb Code     0  startup_stm32h743xx.o(.text)
    DMA2_Stream0_IRQHandler                  0x080002c7   Thumb Code     0  startup_stm32h743xx.o(.text)
    DMA2_Stream1_IRQHandler                  0x080002c7   Thumb Code     0  startup_stm32h743xx.o(.text)
    DMA2_Stream2_IRQHandler                  0x080002c7   Thumb Code     0  startup_stm32h743xx.o(.text)
    DMA2_Stream3_IRQHandler                  0x080002c7   Thumb Code     0  startup_stm32h743xx.o(.text)
    DMA2_Stream4_IRQHandler                  0x080002c7   Thumb Code     0  startup_stm32h743xx.o(.text)
    DMA2_Stream5_IRQHandler                  0x080002c7   Thumb Code     0  startup_stm32h743xx.o(.text)
    DMA2_Stream6_IRQHandler                  0x080002c7   Thumb Code     0  startup_stm32h743xx.o(.text)
    DMA2_Stream7_IRQHandler                  0x080002c7   Thumb Code     0  startup_stm32h743xx.o(.text)
    DMAMUX1_OVR_IRQHandler                   0x080002c7   Thumb Code     0  startup_stm32h743xx.o(.text)
    DMAMUX2_OVR_IRQHandler                   0x080002c7   Thumb Code     0  startup_stm32h743xx.o(.text)
    ECC_IRQHandler                           0x080002c7   Thumb Code     0  startup_stm32h743xx.o(.text)
    ETH_IRQHandler                           0x080002c7   Thumb Code     0  startup_stm32h743xx.o(.text)
    ETH_WKUP_IRQHandler                      0x080002c7   Thumb Code     0  startup_stm32h743xx.o(.text)
    EXTI0_IRQHandler                         0x080002c7   Thumb Code     0  startup_stm32h743xx.o(.text)
    EXTI15_10_IRQHandler                     0x080002c7   Thumb Code     0  startup_stm32h743xx.o(.text)
    EXTI1_IRQHandler                         0x080002c7   Thumb Code     0  startup_stm32h743xx.o(.text)
    EXTI2_IRQHandler                         0x080002c7   Thumb Code     0  startup_stm32h743xx.o(.text)
    EXTI3_IRQHandler                         0x080002c7   Thumb Code     0  startup_stm32h743xx.o(.text)
    EXTI4_IRQHandler                         0x080002c7   Thumb Code     0  startup_stm32h743xx.o(.text)
    EXTI9_5_IRQHandler                       0x080002c7   Thumb Code     0  startup_stm32h743xx.o(.text)
    FDCAN1_IT0_IRQHandler                    0x080002c7   Thumb Code     0  startup_stm32h743xx.o(.text)
    FDCAN1_IT1_IRQHandler                    0x080002c7   Thumb Code     0  startup_stm32h743xx.o(.text)
    FDCAN2_IT0_IRQHandler                    0x080002c7   Thumb Code     0  startup_stm32h743xx.o(.text)
    FDCAN2_IT1_IRQHandler                    0x080002c7   Thumb Code     0  startup_stm32h743xx.o(.text)
    FDCAN_CAL_IRQHandler                     0x080002c7   Thumb Code     0  startup_stm32h743xx.o(.text)
    FLASH_IRQHandler                         0x080002c7   Thumb Code     0  startup_stm32h743xx.o(.text)
    FMC_IRQHandler                           0x080002c7   Thumb Code     0  startup_stm32h743xx.o(.text)
    FPU_IRQHandler                           0x080002c7   Thumb Code     0  startup_stm32h743xx.o(.text)
    HRTIM1_FLT_IRQHandler                    0x080002c7   Thumb Code     0  startup_stm32h743xx.o(.text)
    HRTIM1_Master_IRQHandler                 0x080002c7   Thumb Code     0  startup_stm32h743xx.o(.text)
    HRTIM1_TIMA_IRQHandler                   0x080002c7   Thumb Code     0  startup_stm32h743xx.o(.text)
    HRTIM1_TIMB_IRQHandler                   0x080002c7   Thumb Code     0  startup_stm32h743xx.o(.text)
    HRTIM1_TIMC_IRQHandler                   0x080002c7   Thumb Code     0  startup_stm32h743xx.o(.text)
    HRTIM1_TIMD_IRQHandler                   0x080002c7   Thumb Code     0  startup_stm32h743xx.o(.text)
    HRTIM1_TIME_IRQHandler                   0x080002c7   Thumb Code     0  startup_stm32h743xx.o(.text)
    HSEM1_IRQHandler                         0x080002c7   Thumb Code     0  startup_stm32h743xx.o(.text)
    I2C1_ER_IRQHandler                       0x080002c7   Thumb Code     0  startup_stm32h743xx.o(.text)
    I2C1_EV_IRQHandler                       0x080002c7   Thumb Code     0  startup_stm32h743xx.o(.text)
    I2C2_ER_IRQHandler                       0x080002c7   Thumb Code     0  startup_stm32h743xx.o(.text)
    I2C2_EV_IRQHandler                       0x080002c7   Thumb Code     0  startup_stm32h743xx.o(.text)
    I2C3_ER_IRQHandler                       0x080002c7   Thumb Code     0  startup_stm32h743xx.o(.text)
    I2C3_EV_IRQHandler                       0x080002c7   Thumb Code     0  startup_stm32h743xx.o(.text)
    I2C4_ER_IRQHandler                       0x080002c7   Thumb Code     0  startup_stm32h743xx.o(.text)
    I2C4_EV_IRQHandler                       0x080002c7   Thumb Code     0  startup_stm32h743xx.o(.text)
    JPEG_IRQHandler                          0x080002c7   Thumb Code     0  startup_stm32h743xx.o(.text)
    LPTIM1_IRQHandler                        0x080002c7   Thumb Code     0  startup_stm32h743xx.o(.text)
    LPTIM2_IRQHandler                        0x080002c7   Thumb Code     0  startup_stm32h743xx.o(.text)
    LPTIM3_IRQHandler                        0x080002c7   Thumb Code     0  startup_stm32h743xx.o(.text)
    LPTIM4_IRQHandler                        0x080002c7   Thumb Code     0  startup_stm32h743xx.o(.text)
    LPTIM5_IRQHandler                        0x080002c7   Thumb Code     0  startup_stm32h743xx.o(.text)
    LPUART1_IRQHandler                       0x080002c7   Thumb Code     0  startup_stm32h743xx.o(.text)
    LTDC_ER_IRQHandler                       0x080002c7   Thumb Code     0  startup_stm32h743xx.o(.text)
    LTDC_IRQHandler                          0x080002c7   Thumb Code     0  startup_stm32h743xx.o(.text)
    MDIOS_IRQHandler                         0x080002c7   Thumb Code     0  startup_stm32h743xx.o(.text)
    MDIOS_WKUP_IRQHandler                    0x080002c7   Thumb Code     0  startup_stm32h743xx.o(.text)
    MDMA_IRQHandler                          0x080002c7   Thumb Code     0  startup_stm32h743xx.o(.text)
    OTG_FS_EP1_IN_IRQHandler                 0x080002c7   Thumb Code     0  startup_stm32h743xx.o(.text)
    OTG_FS_EP1_OUT_IRQHandler                0x080002c7   Thumb Code     0  startup_stm32h743xx.o(.text)
    OTG_FS_IRQHandler                        0x080002c7   Thumb Code     0  startup_stm32h743xx.o(.text)
    OTG_FS_WKUP_IRQHandler                   0x080002c7   Thumb Code     0  startup_stm32h743xx.o(.text)
    OTG_HS_EP1_IN_IRQHandler                 0x080002c7   Thumb Code     0  startup_stm32h743xx.o(.text)
    OTG_HS_EP1_OUT_IRQHandler                0x080002c7   Thumb Code     0  startup_stm32h743xx.o(.text)
    OTG_HS_IRQHandler                        0x080002c7   Thumb Code     0  startup_stm32h743xx.o(.text)
    OTG_HS_WKUP_IRQHandler                   0x080002c7   Thumb Code     0  startup_stm32h743xx.o(.text)
    PVD_AVD_IRQHandler                       0x080002c7   Thumb Code     0  startup_stm32h743xx.o(.text)
    QUADSPI_IRQHandler                       0x080002c7   Thumb Code     0  startup_stm32h743xx.o(.text)
    RCC_IRQHandler                           0x080002c7   Thumb Code     0  startup_stm32h743xx.o(.text)
    RNG_IRQHandler                           0x080002c7   Thumb Code     0  startup_stm32h743xx.o(.text)
    RTC_Alarm_IRQHandler                     0x080002c7   Thumb Code     0  startup_stm32h743xx.o(.text)
    RTC_WKUP_IRQHandler                      0x080002c7   Thumb Code     0  startup_stm32h743xx.o(.text)
    SAI1_IRQHandler                          0x080002c7   Thumb Code     0  startup_stm32h743xx.o(.text)
    SAI2_IRQHandler                          0x080002c7   Thumb Code     0  startup_stm32h743xx.o(.text)
    SAI3_IRQHandler                          0x080002c7   Thumb Code     0  startup_stm32h743xx.o(.text)
    SAI4_IRQHandler                          0x080002c7   Thumb Code     0  startup_stm32h743xx.o(.text)
    SDMMC1_IRQHandler                        0x080002c7   Thumb Code     0  startup_stm32h743xx.o(.text)
    SDMMC2_IRQHandler                        0x080002c7   Thumb Code     0  startup_stm32h743xx.o(.text)
    SPDIF_RX_IRQHandler                      0x080002c7   Thumb Code     0  startup_stm32h743xx.o(.text)
    SPI1_IRQHandler                          0x080002c7   Thumb Code     0  startup_stm32h743xx.o(.text)
    SPI2_IRQHandler                          0x080002c7   Thumb Code     0  startup_stm32h743xx.o(.text)
    SPI3_IRQHandler                          0x080002c7   Thumb Code     0  startup_stm32h743xx.o(.text)
    SPI4_IRQHandler                          0x080002c7   Thumb Code     0  startup_stm32h743xx.o(.text)
    SPI5_IRQHandler                          0x080002c7   Thumb Code     0  startup_stm32h743xx.o(.text)
    SPI6_IRQHandler                          0x080002c7   Thumb Code     0  startup_stm32h743xx.o(.text)
    SWPMI1_IRQHandler                        0x080002c7   Thumb Code     0  startup_stm32h743xx.o(.text)
    TAMP_STAMP_IRQHandler                    0x080002c7   Thumb Code     0  startup_stm32h743xx.o(.text)
    TIM15_IRQHandler                         0x080002c7   Thumb Code     0  startup_stm32h743xx.o(.text)
    TIM16_IRQHandler                         0x080002c7   Thumb Code     0  startup_stm32h743xx.o(.text)
    TIM17_IRQHandler                         0x080002c7   Thumb Code     0  startup_stm32h743xx.o(.text)
    TIM1_BRK_IRQHandler                      0x080002c7   Thumb Code     0  startup_stm32h743xx.o(.text)
    TIM1_CC_IRQHandler                       0x080002c7   Thumb Code     0  startup_stm32h743xx.o(.text)
    TIM1_TRG_COM_IRQHandler                  0x080002c7   Thumb Code     0  startup_stm32h743xx.o(.text)
    TIM1_UP_IRQHandler                       0x080002c7   Thumb Code     0  startup_stm32h743xx.o(.text)
    TIM2_IRQHandler                          0x080002c7   Thumb Code     0  startup_stm32h743xx.o(.text)
    TIM3_IRQHandler                          0x080002c7   Thumb Code     0  startup_stm32h743xx.o(.text)
    TIM4_IRQHandler                          0x080002c7   Thumb Code     0  startup_stm32h743xx.o(.text)
    TIM5_IRQHandler                          0x080002c7   Thumb Code     0  startup_stm32h743xx.o(.text)
    TIM6_DAC_IRQHandler                      0x080002c7   Thumb Code     0  startup_stm32h743xx.o(.text)
    TIM7_IRQHandler                          0x080002c7   Thumb Code     0  startup_stm32h743xx.o(.text)
    TIM8_BRK_TIM12_IRQHandler                0x080002c7   Thumb Code     0  startup_stm32h743xx.o(.text)
    TIM8_CC_IRQHandler                       0x080002c7   Thumb Code     0  startup_stm32h743xx.o(.text)
    TIM8_TRG_COM_TIM14_IRQHandler            0x080002c7   Thumb Code     0  startup_stm32h743xx.o(.text)
    TIM8_UP_TIM13_IRQHandler                 0x080002c7   Thumb Code     0  startup_stm32h743xx.o(.text)
    UART7_IRQHandler                         0x080002c7   Thumb Code     0  startup_stm32h743xx.o(.text)
    UART8_IRQHandler                         0x080002c7   Thumb Code     0  startup_stm32h743xx.o(.text)
    USART1_IRQHandler                        0x080002c7   Thumb Code     0  startup_stm32h743xx.o(.text)
    USART2_IRQHandler                        0x080002c7   Thumb Code     0  startup_stm32h743xx.o(.text)
    USART3_IRQHandler                        0x080002c7   Thumb Code     0  startup_stm32h743xx.o(.text)
    USART6_IRQHandler                        0x080002c7   Thumb Code     0  startup_stm32h743xx.o(.text)
    WAKEUP_PIN_IRQHandler                    0x080002c7   Thumb Code     0  startup_stm32h743xx.o(.text)
    WWDG_IRQHandler                          0x080002c7   Thumb Code     0  startup_stm32h743xx.o(.text)
    __aeabi_uldivmod                         0x080002d1   Thumb Code    98  uldiv.o(.text)
    __aeabi_memset                           0x08000333   Thumb Code    14  memseta.o(.text)
    __aeabi_memset4                          0x08000333   Thumb Code     0  memseta.o(.text)
    __aeabi_memset8                          0x08000333   Thumb Code     0  memseta.o(.text)
    __aeabi_memclr                           0x08000341   Thumb Code     4  memseta.o(.text)
    __aeabi_memclr4                          0x08000341   Thumb Code     0  memseta.o(.text)
    __aeabi_memclr8                          0x08000341   Thumb Code     0  memseta.o(.text)
    _memset$wrapper                          0x08000345   Thumb Code    18  memseta.o(.text)
    __aeabi_uidiv                            0x08000357   Thumb Code     0  uidiv.o(.text)
    __aeabi_uidivmod                         0x08000357   Thumb Code    44  uidiv.o(.text)
    __aeabi_llsl                             0x08000383   Thumb Code    30  llshl.o(.text)
    _ll_shift_l                              0x08000383   Thumb Code     0  llshl.o(.text)
    __aeabi_llsr                             0x080003a1   Thumb Code    32  llushr.o(.text)
    _ll_ushift_r                             0x080003a1   Thumb Code     0  llushr.o(.text)
    __scatterload                            0x080003c1   Thumb Code    28  init.o(.text)
    __scatterload_rt2                        0x080003c1   Thumb Code     0  init.o(.text)
    BusFault_Handler                         0x080003e9   Thumb Code     2  stm32h7xx_it.o(.text.BusFault_Handler)
    Char2Short                               0x080003f1   Thumb Code     6  gyro.o(.text.Char2Short)
    DMA1_Stream0_IRQHandler                  0x080003f9   Thumb Code    16  stm32h7xx_it.o(.text.DMA1_Stream0_IRQHandler)
    DMA1_Stream1_IRQHandler                  0x08000409   Thumb Code    16  stm32h7xx_it.o(.text.DMA1_Stream1_IRQHandler)
    DebugMon_Handler                         0x08000a19   Thumb Code     2  stm32h7xx_it.o(.text.DebugMon_Handler)
    Error_Handler                            0x08000a21   Thumb Code    10  main.o(.text.Error_Handler)
    GetGraySensorFifteenValue                0x08000a31   Thumb Code    12  graysensor.o(.text.GetGraySensorFifteenValue)
    GraySensorFifteenAnalogValueGet          0x08000a41   Thumb Code    88  graysensor.o(.text.GraySensorFifteenAnalogValueGet)
    GraySensorManualConfigLight              0x08000a99   Thumb Code    98  graysensor.o(.text.GraySensorManualConfigLight)
    GyroCheckSumJudge                        0x08000b01   Thumb Code    42  gyro.o(.text.GyroCheckSumJudge)
    GyroEulerAnglesProcess                   0x08000b31   Thumb Code    48  gyro.o(.text.GyroEulerAnglesProcess)
    GyroGetAllAngles                         0x08000b61   Thumb Code    66  gyro.o(.text.GyroGetAllAngles)
    HAL_DMA_Abort                            0x08000ba9   Thumb Code  1472  stm32h7xx_hal_dma.o(.text.HAL_DMA_Abort)
    HAL_DMA_Abort_IT                         0x08001169   Thumb Code   678  stm32h7xx_hal_dma.o(.text.HAL_DMA_Abort_IT)
    HAL_DMA_IRQHandler                       0x08001411   Thumb Code  2952  stm32h7xx_hal_dma.o(.text.HAL_DMA_IRQHandler)
    HAL_DMA_Init                             0x08001f99   Thumb Code  1358  stm32h7xx_hal_dma.o(.text.HAL_DMA_Init)
    HAL_DMA_Start_IT                         0x080024e9   Thumb Code  1110  stm32h7xx_hal_dma.o(.text.HAL_DMA_Start_IT)
    HAL_Delay                                0x08002941   Thumb Code    40  stm32h7xx_hal.o(.text.HAL_Delay)
    HAL_GPIO_Init                            0x08002969   Thumb Code   422  stm32h7xx_hal_gpio.o(.text.HAL_GPIO_Init)
    HAL_GPIO_WritePin                        0x08002b11   Thumb Code    10  stm32h7xx_hal_gpio.o(.text.HAL_GPIO_WritePin)
    HAL_GetREVID                             0x08002b21   Thumb Code    14  stm32h7xx_hal.o(.text.HAL_GetREVID)
    HAL_GetTick                              0x08002b31   Thumb Code    12  stm32h7xx_hal.o(.text.HAL_GetTick)
    HAL_I2CEx_ConfigAnalogFilter             0x08002b41   Thumb Code    64  stm32h7xx_hal_i2c_ex.o(.text.HAL_I2CEx_ConfigAnalogFilter)
    HAL_I2CEx_ConfigDigitalFilter            0x08002b81   Thumb Code    62  stm32h7xx_hal_i2c_ex.o(.text.HAL_I2CEx_ConfigDigitalFilter)
    HAL_I2C_Init                             0x08002bc1   Thumb Code   152  stm32h7xx_hal_i2c.o(.text.HAL_I2C_Init)
    HAL_I2C_MspInit                          0x08002c59   Thumb Code   142  i2c.o(.text.HAL_I2C_MspInit)
    HAL_IncTick                              0x08002ce9   Thumb Code    26  stm32h7xx_hal.o(.text.HAL_IncTick)
    HAL_Init                                 0x08002d09   Thumb Code   100  stm32h7xx_hal.o(.text.HAL_Init)
    HAL_InitTick                             0x08002d71   Thumb Code    84  stm32h7xx_hal.o(.text.HAL_InitTick)
    HAL_MspInit                              0x08002dc9   Thumb Code    40  stm32h7xx_hal_msp.o(.text.HAL_MspInit)
    HAL_NVIC_EnableIRQ                       0x08002df1   Thumb Code     8  stm32h7xx_hal_cortex.o(.text.HAL_NVIC_EnableIRQ)
    HAL_NVIC_SetPriority                     0x08002df9   Thumb Code    30  stm32h7xx_hal_cortex.o(.text.HAL_NVIC_SetPriority)
    HAL_NVIC_SetPriorityGrouping             0x08002e19   Thumb Code     8  stm32h7xx_hal_cortex.o(.text.HAL_NVIC_SetPriorityGrouping)
    HAL_PWREx_ConfigSupply                   0x08002e21   Thumb Code    72  stm32h7xx_hal_pwr_ex.o(.text.HAL_PWREx_ConfigSupply)
    HAL_RCCEx_GetD3PCLK1Freq                 0x08002e69   Thumb Code    38  stm32h7xx_hal_rcc_ex.o(.text.HAL_RCCEx_GetD3PCLK1Freq)
    HAL_RCCEx_GetPLL2ClockFreq               0x08002e91   Thumb Code   292  stm32h7xx_hal_rcc_ex.o(.text.HAL_RCCEx_GetPLL2ClockFreq)
    HAL_RCCEx_GetPLL3ClockFreq               0x08002fb9   Thumb Code   292  stm32h7xx_hal_rcc_ex.o(.text.HAL_RCCEx_GetPLL3ClockFreq)
    HAL_RCCEx_PeriphCLKConfig                0x080030e1   Thumb Code  2252  stm32h7xx_hal_rcc_ex.o(.text.HAL_RCCEx_PeriphCLKConfig)
    HAL_RCC_CSSCallback                      0x080039b1   Thumb Code     2  stm32h7xx_hal_rcc.o(.text.HAL_RCC_CSSCallback)
    HAL_RCC_ClockConfig                      0x080039b9   Thumb Code   596  stm32h7xx_hal_rcc.o(.text.HAL_RCC_ClockConfig)
    HAL_RCC_EnableCSS                        0x08003c11   Thumb Code    18  stm32h7xx_hal_rcc.o(.text.HAL_RCC_EnableCSS)
    HAL_RCC_GetHCLKFreq                      0x08003c29   Thumb Code    76  stm32h7xx_hal_rcc.o(.text.HAL_RCC_GetHCLKFreq)
    HAL_RCC_GetPCLK1Freq                     0x08003c79   Thumb Code    38  stm32h7xx_hal_rcc.o(.text.HAL_RCC_GetPCLK1Freq)
    HAL_RCC_GetPCLK2Freq                     0x08003ca1   Thumb Code    38  stm32h7xx_hal_rcc.o(.text.HAL_RCC_GetPCLK2Freq)
    HAL_RCC_GetSysClockFreq                  0x08003cc9   Thumb Code   264  stm32h7xx_hal_rcc.o(.text.HAL_RCC_GetSysClockFreq)
    HAL_RCC_NMI_IRQHandler                   0x08003dd1   Thumb Code    30  stm32h7xx_hal_rcc.o(.text.HAL_RCC_NMI_IRQHandler)
    HAL_RCC_OscConfig                        0x08003df1   Thumb Code  1520  stm32h7xx_hal_rcc.o(.text.HAL_RCC_OscConfig)
    HAL_SYSTICK_Config                       0x080043e1   Thumb Code     8  stm32h7xx_hal_cortex.o(.text.HAL_SYSTICK_Config)
    HAL_UARTEx_DisableFifoMode               0x080043e9   Thumb Code    54  stm32h7xx_hal_uart_ex.o(.text.HAL_UARTEx_DisableFifoMode)
    HAL_UARTEx_RxEventCallback               0x08004421   Thumb Code     2  stm32h7xx_hal_uart.o(.text.HAL_UARTEx_RxEventCallback)
    HAL_UARTEx_RxFifoFullCallback            0x08004429   Thumb Code     2  stm32h7xx_hal_uart_ex.o(.text.HAL_UARTEx_RxFifoFullCallback)
    HAL_UARTEx_SetRxFifoThreshold            0x08004431   Thumb Code    74  stm32h7xx_hal_uart_ex.o(.text.HAL_UARTEx_SetRxFifoThreshold)
    HAL_UARTEx_SetTxFifoThreshold            0x08004481   Thumb Code    74  stm32h7xx_hal_uart_ex.o(.text.HAL_UARTEx_SetTxFifoThreshold)
    HAL_UARTEx_TxFifoEmptyCallback           0x080044d1   Thumb Code     2  stm32h7xx_hal_uart_ex.o(.text.HAL_UARTEx_TxFifoEmptyCallback)
    HAL_UARTEx_WakeupCallback                0x080044d9   Thumb Code     2  stm32h7xx_hal_uart_ex.o(.text.HAL_UARTEx_WakeupCallback)
    HAL_UART_ErrorCallback                   0x080044e1   Thumb Code     2  stm32h7xx_hal_uart.o(.text.HAL_UART_ErrorCallback)
    HAL_UART_GetState                        0x080044e9   Thumb Code    12  stm32h7xx_hal_uart.o(.text.HAL_UART_GetState)
    HAL_UART_IRQHandler                      0x080044f9   Thumb Code   866  stm32h7xx_hal_uart.o(.text.HAL_UART_IRQHandler)
    HAL_UART_Init                            0x08004861   Thumb Code    98  stm32h7xx_hal_uart.o(.text.HAL_UART_Init)
    HAL_UART_MspInit                         0x080048c9   Thumb Code   628  usart.o(.text.HAL_UART_MspInit)
    HAL_UART_Receive_DMA                     0x08004b41   Thumb Code    92  stm32h7xx_hal_uart.o(.text.HAL_UART_Receive_DMA)
    HAL_UART_Receive_IT                      0x08004ba1   Thumb Code    92  stm32h7xx_hal_uart.o(.text.HAL_UART_Receive_IT)
    HAL_UART_RxCpltCallback                  0x08004c01   Thumb Code   108  callbackaction.o(.text.HAL_UART_RxCpltCallback)
    HAL_UART_RxHalfCpltCallback              0x08004c71   Thumb Code     2  stm32h7xx_hal_uart.o(.text.HAL_UART_RxHalfCpltCallback)
    HAL_UART_Transmit                        0x08004c79   Thumb Code   218  stm32h7xx_hal_uart.o(.text.HAL_UART_Transmit)
    HAL_UART_Transmit_DMA                    0x08004d59   Thumb Code   154  stm32h7xx_hal_uart.o(.text.HAL_UART_Transmit_DMA)
    HAL_UART_TxCpltCallback                  0x08004df9   Thumb Code     2  stm32h7xx_hal_uart.o(.text.HAL_UART_TxCpltCallback)
    HAL_UART_TxHalfCpltCallback              0x08004e01   Thumb Code     2  stm32h7xx_hal_uart.o(.text.HAL_UART_TxHalfCpltCallback)
    HardFault_Handler                        0x08004e09   Thumb Code     2  stm32h7xx_it.o(.text.HardFault_Handler)
    MX_DMA_Init                              0x08004e11   Thumb Code    66  dma.o(.text.MX_DMA_Init)
    MX_GPIO_Init                             0x08004e59   Thumb Code   196  gpio.o(.text.MX_GPIO_Init)
    MX_I2C4_Init                             0x08004f21   Thumb Code   104  i2c.o(.text.MX_I2C4_Init)
    MX_UART4_Init                            0x08004f89   Thumb Code   122  usart.o(.text.MX_UART4_Init)
    MX_UART5_Init                            0x08005009   Thumb Code   122  usart.o(.text.MX_UART5_Init)
    MX_UART7_Init                            0x08005089   Thumb Code   122  usart.o(.text.MX_UART7_Init)
    MX_UART8_Init                            0x08005109   Thumb Code   122  usart.o(.text.MX_UART8_Init)
    MemManage_Handler                        0x08005189   Thumb Code     2  stm32h7xx_it.o(.text.MemManage_Handler)
    NMI_Handler                              0x08005191   Thumb Code     6  stm32h7xx_it.o(.text.NMI_Handler)
    PendSV_Handler                           0x080051c9   Thumb Code     2  stm32h7xx_it.o(.text.PendSV_Handler)
    SVC_Handler                              0x08005411   Thumb Code     2  stm32h7xx_it.o(.text.SVC_Handler)
    SysTick_Handler                          0x08005449   Thumb Code     8  stm32h7xx_it.o(.text.SysTick_Handler)
    SystemClock_Config                       0x08005451   Thumb Code   190  main.o(.text.SystemClock_Config)
    SystemInit                               0x08005511   Thumb Code   218  system_stm32h7xx.o(.text.SystemInit)
    UART4_IRQHandler                         0x080055f1   Thumb Code    16  stm32h7xx_it.o(.text.UART4_IRQHandler)
    UART5_IRQHandler                         0x08005601   Thumb Code    16  stm32h7xx_it.o(.text.UART5_IRQHandler)
    UART_AdvFeatureConfig                    0x08005669   Thumb Code   224  stm32h7xx_hal_uart.o(.text.UART_AdvFeatureConfig)
    UART_CheckIdleState                      0x08005749   Thumb Code   106  stm32h7xx_hal_uart.o(.text.UART_CheckIdleState)
    UART_SetConfig                           0x08005d09   Thumb Code  1392  stm32h7xx_hal_uart.o(.text.UART_SetConfig)
    UART_Start_Receive_DMA                   0x08006279   Thumb Code   128  stm32h7xx_hal_uart.o(.text.UART_Start_Receive_DMA)
    UART_Start_Receive_IT                    0x080062f9   Thumb Code   224  stm32h7xx_hal_uart.o(.text.UART_Start_Receive_IT)
    UART_WaitOnFlagUntilTimeout              0x080063d9   Thumb Code   184  stm32h7xx_hal_uart.o(.text.UART_WaitOnFlagUntilTimeout)
    UsageFault_Handler                       0x08006491   Thumb Code     2  stm32h7xx_it.o(.text.UsageFault_Handler)
    UserInit                                 0x08006499   Thumb Code    10  usermain.o(.text.UserInit)
    UserLoop                                 0x080064a9   Thumb Code    48  usermain.o(.text.UserLoop)
    fputc                                    0x08006551   Thumb Code    32  miscellaneous.o(.text.fputc)
    main                                     0x08006571   Thumb Code    46  main.o(.text.main)
    __0printf$1                              0x080065a1   Thumb Code    22  printf1.o(i.__0printf$1)
    __1printf$1                              0x080065a1   Thumb Code     0  printf1.o(i.__0printf$1)
    __2printf                                0x080065a1   Thumb Code     0  printf1.o(i.__0printf$1)
    __scatterload_copy                       0x080065c1   Thumb Code    14  handlers.o(i.__scatterload_copy)
    __scatterload_null                       0x080065cf   Thumb Code     2  handlers.o(i.__scatterload_null)
    __scatterload_zeroinit                   0x080065d1   Thumb Code    14  handlers.o(i.__scatterload_zeroinit)
    putchar                                  0x08006735   Thumb Code     6  putchar.o(i.putchar)
    D1CorePrescTable                         0x08006740   Data          16  system_stm32h7xx.o(.rodata.D1CorePrescTable)
    UARTPrescTable                           0x08006750   Data          24  stm32h7xx_hal_uart.o(.rodata.UARTPrescTable)
    Region$$Table$$Base                      0x08006778   Number         0  anon$$obj.o(Region$$Table)
    Region$$Table$$Limit                     0x08006798   Number         0  anon$$obj.o(Region$$Table)
    __stdout                                 0x24000000   Data           4  stdout.o(.data)
    SystemCoreClock                          0x24000008   Data           4  system_stm32h7xx.o(.data.SystemCoreClock)
    SystemD2Clock                            0x2400000c   Data           4  system_stm32h7xx.o(.data.SystemD2Clock)
    uwTickFreq                               0x24000010   Data           4  stm32h7xx_hal.o(.data.uwTickFreq)
    uwTickPrio                               0x24000014   Data           4  stm32h7xx_hal.o(.data.uwTickPrio)
    GraySensorConfigConfirm                  0x24000018   Data           2  graysensor.o(.bss.GraySensorConfigConfirm)
    GraySensorInstructionNum                 0x2400001a   Data           1  graysensor.o(.bss.GraySensorInstructionNum)
    GraySensorReceiveBuffer                  0x2400001b   Data          18  graysensor.o(.bss.GraySensorReceiveBuffer)
    GyroOpenFlag                             0x2400002d   Data           1  gyro.o(.bss.GyroOpenFlag)
    GyroReceiveBuffer                        0x2400002e   Data          11  gyro.o(.bss.GyroReceiveBuffer)
    GyroReceiveNum                           0x24000039   Data           1  gyro.o(.bss.GyroReceiveNum)
    hdma_uart4_rx                            0x24000058   Data         124  usart.o(.bss.hdma_uart4_rx)
    hdma_uart4_tx                            0x240000d4   Data         124  usart.o(.bss.hdma_uart4_tx)
    hi2c4                                    0x24000150   Data          84  i2c.o(.bss.hi2c4)
    huart4                                   0x240001a4   Data         144  usart.o(.bss.huart4)
    huart5                                   0x24000234   Data         144  usart.o(.bss.huart5)
    huart7                                   0x240002c4   Data         144  usart.o(.bss.huart7)
    huart8                                   0x24000354   Data         144  usart.o(.bss.huart8)
    uwTick                                   0x240003e4   Data           4  stm32h7xx_hal.o(.bss.uwTick)
    __initial_sp                             0x240007e8   Data           0  startup_stm32h743xx.o(STACK)



==============================================================================

Memory Map of the image

  Image Entry point : 0x08000299

  Load Region LR_IROM1 (Base: 0x08000000, Size: 0x000067b0, Max: 0x00200000, ABSOLUTE)

    Execution Region ER_IROM1 (Exec base: 0x08000000, Load base: 0x08000000, Size: 0x00006798, Max: 0x00200000, ABSOLUTE)

    Exec Addr    Load Addr    Size         Type   Attr      Idx    E Section Name        Object

    0x08000000   0x08000000   0x00000298   Data   RO            3    RESET               startup_stm32h743xx.o
    0x08000298   0x08000298   0x00000000   Code   RO         1383  * .ARM.Collect$$$$00000000  mc_w.l(entry.o)
    0x08000298   0x08000298   0x00000004   Code   RO         1653    .ARM.Collect$$$$00000001  mc_w.l(entry2.o)
    0x0800029c   0x0800029c   0x00000004   Code   RO         1656    .ARM.Collect$$$$00000004  mc_w.l(entry5.o)
    0x080002a0   0x080002a0   0x00000000   Code   RO         1658    .ARM.Collect$$$$00000008  mc_w.l(entry7b.o)
    0x080002a0   0x080002a0   0x00000000   Code   RO         1660    .ARM.Collect$$$$0000000A  mc_w.l(entry8b.o)
    0x080002a0   0x080002a0   0x00000008   Code   RO         1661    .ARM.Collect$$$$0000000B  mc_w.l(entry9a.o)
    0x080002a8   0x080002a8   0x00000000   Code   RO         1663    .ARM.Collect$$$$0000000D  mc_w.l(entry10a.o)
    0x080002a8   0x080002a8   0x00000000   Code   RO         1665    .ARM.Collect$$$$0000000F  mc_w.l(entry11a.o)
    0x080002a8   0x080002a8   0x00000004   Code   RO         1654    .ARM.Collect$$$$00002712  mc_w.l(entry2.o)
    0x080002ac   0x080002ac   0x00000024   Code   RO            4    .text               startup_stm32h743xx.o
    0x080002d0   0x080002d0   0x00000062   Code   RO         1388    .text               mc_w.l(uldiv.o)
    0x08000332   0x08000332   0x00000024   Code   RO         1390    .text               mc_w.l(memseta.o)
    0x08000356   0x08000356   0x0000002c   Code   RO         1677    .text               mc_w.l(uidiv.o)
    0x08000382   0x08000382   0x0000001e   Code   RO         1679    .text               mc_w.l(llshl.o)
    0x080003a0   0x080003a0   0x00000020   Code   RO         1681    .text               mc_w.l(llushr.o)
    0x080003c0   0x080003c0   0x00000024   Code   RO         1694    .text               mc_w.l(init.o)
    0x080003e4   0x080003e4   0x00000004   PAD
    0x080003e8   0x080003e8   0x00000002   Code   RO           90    .text.BusFault_Handler  stm32h7xx_it.o
    0x080003ea   0x080003ea   0x00000006   PAD
    0x080003f0   0x080003f0   0x00000006   Code   RO         1297    .text.Char2Short    gyro.o
    0x080003f6   0x080003f6   0x00000002   PAD
    0x080003f8   0x080003f8   0x00000010   Code   RO          102    .text.DMA1_Stream0_IRQHandler  stm32h7xx_it.o
    0x08000408   0x08000408   0x00000010   Code   RO          104    .text.DMA1_Stream1_IRQHandler  stm32h7xx_it.o
    0x08000418   0x08000418   0x0000011c   Code   RO          528    .text.DMA_CalcBaseAndBitshift  stm32h7xx_hal_dma.o
    0x08000534   0x08000534   0x00000004   PAD
    0x08000538   0x08000538   0x000000ec   Code   RO          530    .text.DMA_CalcDMAMUXChannelBaseAndMask  stm32h7xx_hal_dma.o
    0x08000624   0x08000624   0x00000004   PAD
    0x08000628   0x08000628   0x000000ae   Code   RO          532    .text.DMA_CalcDMAMUXRequestGenBaseAndMask  stm32h7xx_hal_dma.o
    0x080006d6   0x080006d6   0x00000002   PAD
    0x080006d8   0x080006d8   0x00000050   Code   RO          526    .text.DMA_CheckFifoParam  stm32h7xx_hal_dma.o
    0x08000728   0x08000728   0x000002ee   Code   RO          538    .text.DMA_SetConfig  stm32h7xx_hal_dma.o
    0x08000a16   0x08000a16   0x00000002   PAD
    0x08000a18   0x08000a18   0x00000002   Code   RO           96    .text.DebugMon_Handler  stm32h7xx_it.o
    0x08000a1a   0x08000a1a   0x00000006   PAD
    0x08000a20   0x08000a20   0x0000000a   Code   RO           15    .text.Error_Handler  main.o
    0x08000a2a   0x08000a2a   0x00000006   PAD
    0x08000a30   0x08000a30   0x0000000c   Code   RO         1362    .text.GetGraySensorFifteenValue  graysensor.o
    0x08000a3c   0x08000a3c   0x00000004   PAD
    0x08000a40   0x08000a40   0x00000058   Code   RO         1354    .text.GraySensorFifteenAnalogValueGet  graysensor.o
    0x08000a98   0x08000a98   0x00000062   Code   RO         1342    .text.GraySensorManualConfigLight  graysensor.o
    0x08000afa   0x08000afa   0x00000006   PAD
    0x08000b00   0x08000b00   0x0000002a   Code   RO         1299    .text.GyroCheckSumJudge  gyro.o
    0x08000b2a   0x08000b2a   0x00000006   PAD
    0x08000b30   0x08000b30   0x00000030   Code   RO         1301    .text.GyroEulerAnglesProcess  gyro.o
    0x08000b60   0x08000b60   0x00000042   Code   RO         1309    .text.GyroGetAllAngles  gyro.o
    0x08000ba2   0x08000ba2   0x00000006   PAD
    0x08000ba8   0x08000ba8   0x000005c0   Code   RO          542    .text.HAL_DMA_Abort  stm32h7xx_hal_dma.o
    0x08001168   0x08001168   0x000002a6   Code   RO          544    .text.HAL_DMA_Abort_IT  stm32h7xx_hal_dma.o
    0x0800140e   0x0800140e   0x00000002   PAD
    0x08001410   0x08001410   0x00000b88   Code   RO          548    .text.HAL_DMA_IRQHandler  stm32h7xx_hal_dma.o
    0x08001f98   0x08001f98   0x0000054e   Code   RO          524    .text.HAL_DMA_Init  stm32h7xx_hal_dma.o
    0x080024e6   0x080024e6   0x00000002   PAD
    0x080024e8   0x080024e8   0x00000456   Code   RO          540    .text.HAL_DMA_Start_IT  stm32h7xx_hal_dma.o
    0x0800293e   0x0800293e   0x00000002   PAD
    0x08002940   0x08002940   0x00000028   Code   RO          792    .text.HAL_Delay     stm32h7xx_hal.o
    0x08002968   0x08002968   0x000001a6   Code   RO          470    .text.HAL_GPIO_Init  stm32h7xx_hal_gpio.o
    0x08002b0e   0x08002b0e   0x00000002   PAD
    0x08002b10   0x08002b10   0x0000000a   Code   RO          476    .text.HAL_GPIO_WritePin  stm32h7xx_hal_gpio.o
    0x08002b1a   0x08002b1a   0x00000006   PAD
    0x08002b20   0x08002b20   0x0000000e   Code   RO          800    .text.HAL_GetREVID  stm32h7xx_hal.o
    0x08002b2e   0x08002b2e   0x00000002   PAD
    0x08002b30   0x08002b30   0x0000000c   Code   RO          784    .text.HAL_GetTick   stm32h7xx_hal.o
    0x08002b3c   0x08002b3c   0x00000004   PAD
    0x08002b40   0x08002b40   0x00000040   Code   RO         1045    .text.HAL_I2CEx_ConfigAnalogFilter  stm32h7xx_hal_i2c_ex.o
    0x08002b80   0x08002b80   0x0000003e   Code   RO         1047    .text.HAL_I2CEx_ConfigDigitalFilter  stm32h7xx_hal_i2c_ex.o
    0x08002bbe   0x08002bbe   0x00000002   PAD
    0x08002bc0   0x08002bc0   0x00000098   Code   RO          879    .text.HAL_I2C_Init  stm32h7xx_hal_i2c.o
    0x08002c58   0x08002c58   0x0000008e   Code   RO           45    .text.HAL_I2C_MspInit  i2c.o
    0x08002ce6   0x08002ce6   0x00000002   PAD
    0x08002ce8   0x08002ce8   0x0000001a   Code   RO          782    .text.HAL_IncTick   stm32h7xx_hal.o
    0x08002d02   0x08002d02   0x00000006   PAD
    0x08002d08   0x08002d08   0x00000064   Code   RO          772    .text.HAL_Init      stm32h7xx_hal.o
    0x08002d6c   0x08002d6c   0x00000004   PAD
    0x08002d70   0x08002d70   0x00000054   Code   RO          774    .text.HAL_InitTick  stm32h7xx_hal.o
    0x08002dc4   0x08002dc4   0x00000004   PAD
    0x08002dc8   0x08002dc8   0x00000028   Code   RO          117    .text.HAL_MspInit   stm32h7xx_hal_msp.o
    0x08002df0   0x08002df0   0x00000008   Code   RO          207    .text.HAL_NVIC_EnableIRQ  stm32h7xx_hal_cortex.o
    0x08002df8   0x08002df8   0x0000001e   Code   RO          199    .text.HAL_NVIC_SetPriority  stm32h7xx_hal_cortex.o
    0x08002e16   0x08002e16   0x00000002   PAD
    0x08002e18   0x08002e18   0x00000008   Code   RO          195    .text.HAL_NVIC_SetPriorityGrouping  stm32h7xx_hal_cortex.o
    0x08002e20   0x08002e20   0x00000048   Code   RO          684    .text.HAL_PWREx_ConfigSupply  stm32h7xx_hal_pwr_ex.o
    0x08002e68   0x08002e68   0x00000026   Code   RO          321    .text.HAL_RCCEx_GetD3PCLK1Freq  stm32h7xx_hal_rcc_ex.o
    0x08002e8e   0x08002e8e   0x00000002   PAD
    0x08002e90   0x08002e90   0x00000124   Code   RO          317    .text.HAL_RCCEx_GetPLL2ClockFreq  stm32h7xx_hal_rcc_ex.o
    0x08002fb4   0x08002fb4   0x00000004   PAD
    0x08002fb8   0x08002fb8   0x00000124   Code   RO          319    .text.HAL_RCCEx_GetPLL3ClockFreq  stm32h7xx_hal_rcc_ex.o
    0x080030dc   0x080030dc   0x00000004   PAD
    0x080030e0   0x080030e0   0x000008cc   Code   RO          305    .text.HAL_RCCEx_PeriphCLKConfig  stm32h7xx_hal_rcc_ex.o
    0x080039ac   0x080039ac   0x00000004   PAD
    0x080039b0   0x080039b0   0x00000002   Code   RO          295    .text.HAL_RCC_CSSCallback  stm32h7xx_hal_rcc.o
    0x080039b2   0x080039b2   0x00000006   PAD
    0x080039b8   0x080039b8   0x00000254   Code   RO          273    .text.HAL_RCC_ClockConfig  stm32h7xx_hal_rcc.o
    0x08003c0c   0x08003c0c   0x00000004   PAD
    0x08003c10   0x08003c10   0x00000012   Code   RO          279    .text.HAL_RCC_EnableCSS  stm32h7xx_hal_rcc.o
    0x08003c22   0x08003c22   0x00000006   PAD
    0x08003c28   0x08003c28   0x0000004c   Code   RO          283    .text.HAL_RCC_GetHCLKFreq  stm32h7xx_hal_rcc.o
    0x08003c74   0x08003c74   0x00000004   PAD
    0x08003c78   0x08003c78   0x00000026   Code   RO          285    .text.HAL_RCC_GetPCLK1Freq  stm32h7xx_hal_rcc.o
    0x08003c9e   0x08003c9e   0x00000002   PAD
    0x08003ca0   0x08003ca0   0x00000026   Code   RO          287    .text.HAL_RCC_GetPCLK2Freq  stm32h7xx_hal_rcc.o
    0x08003cc6   0x08003cc6   0x00000002   PAD
    0x08003cc8   0x08003cc8   0x00000108   Code   RO          275    .text.HAL_RCC_GetSysClockFreq  stm32h7xx_hal_rcc.o
    0x08003dd0   0x08003dd0   0x0000001e   Code   RO          293    .text.HAL_RCC_NMI_IRQHandler  stm32h7xx_hal_rcc.o
    0x08003dee   0x08003dee   0x00000002   PAD
    0x08003df0   0x08003df0   0x000005f0   Code   RO          271    .text.HAL_RCC_OscConfig  stm32h7xx_hal_rcc.o
    0x080043e0   0x080043e0   0x00000008   Code   RO          219    .text.HAL_SYSTICK_Config  stm32h7xx_hal_cortex.o
    0x080043e8   0x080043e8   0x00000036   Code   RO         1264    .text.HAL_UARTEx_DisableFifoMode  stm32h7xx_hal_uart_ex.o
    0x0800441e   0x0800441e   0x00000002   PAD
    0x08004420   0x08004420   0x00000002   Code   RO         1187    .text.HAL_UARTEx_RxEventCallback  stm32h7xx_hal_uart.o
    0x08004422   0x08004422   0x00000006   PAD
    0x08004428   0x08004428   0x00000002   Code   RO         1246    .text.HAL_UARTEx_RxFifoFullCallback  stm32h7xx_hal_uart_ex.o
    0x0800442a   0x0800442a   0x00000006   PAD
    0x08004430   0x08004430   0x0000004a   Code   RO         1268    .text.HAL_UARTEx_SetRxFifoThreshold  stm32h7xx_hal_uart_ex.o
    0x0800447a   0x0800447a   0x00000006   PAD
    0x08004480   0x08004480   0x0000004a   Code   RO         1266    .text.HAL_UARTEx_SetTxFifoThreshold  stm32h7xx_hal_uart_ex.o
    0x080044ca   0x080044ca   0x00000006   PAD
    0x080044d0   0x080044d0   0x00000002   Code   RO         1248    .text.HAL_UARTEx_TxFifoEmptyCallback  stm32h7xx_hal_uart_ex.o
    0x080044d2   0x080044d2   0x00000006   PAD
    0x080044d8   0x080044d8   0x00000002   Code   RO         1244    .text.HAL_UARTEx_WakeupCallback  stm32h7xx_hal_uart_ex.o
    0x080044da   0x080044da   0x00000006   PAD
    0x080044e0   0x080044e0   0x00000002   Code   RO         1185    .text.HAL_UART_ErrorCallback  stm32h7xx_hal_uart.o
    0x080044e2   0x080044e2   0x00000006   PAD
    0x080044e8   0x080044e8   0x0000000c   Code   RO         1217    .text.HAL_UART_GetState  stm32h7xx_hal_uart.o
    0x080044f4   0x080044f4   0x00000004   PAD
    0x080044f8   0x080044f8   0x00000362   Code   RO         1181    .text.HAL_UART_IRQHandler  stm32h7xx_hal_uart.o
    0x0800485a   0x0800485a   0x00000006   PAD
    0x08004860   0x08004860   0x00000062   Code   RO         1093    .text.HAL_UART_Init  stm32h7xx_hal_uart.o
    0x080048c2   0x080048c2   0x00000006   PAD
    0x080048c8   0x080048c8   0x00000274   Code   RO           66    .text.HAL_UART_MspInit  usart.o
    0x08004b3c   0x08004b3c   0x00000004   PAD
    0x08004b40   0x08004b40   0x0000005c   Code   RO         1141    .text.HAL_UART_Receive_DMA  stm32h7xx_hal_uart.o
    0x08004b9c   0x08004b9c   0x00000004   PAD
    0x08004ba0   0x08004ba0   0x0000005c   Code   RO         1129    .text.HAL_UART_Receive_IT  stm32h7xx_hal_uart.o
    0x08004bfc   0x08004bfc   0x00000004   PAD
    0x08004c00   0x08004c00   0x0000006c   Code   RO         1286    .text.HAL_UART_RxCpltCallback  callbackaction.o
    0x08004c6c   0x08004c6c   0x00000004   PAD
    0x08004c70   0x08004c70   0x00000002   Code   RO         1197    .text.HAL_UART_RxHalfCpltCallback  stm32h7xx_hal_uart.o
    0x08004c72   0x08004c72   0x00000006   PAD
    0x08004c78   0x08004c78   0x000000da   Code   RO         1113    .text.HAL_UART_Transmit  stm32h7xx_hal_uart.o
    0x08004d52   0x08004d52   0x00000006   PAD
    0x08004d58   0x08004d58   0x0000009a   Code   RO         1133    .text.HAL_UART_Transmit_DMA  stm32h7xx_hal_uart.o
    0x08004df2   0x08004df2   0x00000006   PAD
    0x08004df8   0x08004df8   0x00000002   Code   RO         1191    .text.HAL_UART_TxCpltCallback  stm32h7xx_hal_uart.o
    0x08004dfa   0x08004dfa   0x00000006   PAD
    0x08004e00   0x08004e00   0x00000002   Code   RO         1193    .text.HAL_UART_TxHalfCpltCallback  stm32h7xx_hal_uart.o
    0x08004e02   0x08004e02   0x00000006   PAD
    0x08004e08   0x08004e08   0x00000002   Code   RO           86    .text.HardFault_Handler  stm32h7xx_it.o
    0x08004e0a   0x08004e0a   0x00000006   PAD
    0x08004e10   0x08004e10   0x00000042   Code   RO           34    .text.MX_DMA_Init   dma.o
    0x08004e52   0x08004e52   0x00000006   PAD
    0x08004e58   0x08004e58   0x000000c4   Code   RO           25    .text.MX_GPIO_Init  gpio.o
    0x08004f1c   0x08004f1c   0x00000004   PAD
    0x08004f20   0x08004f20   0x00000068   Code   RO           43    .text.MX_I2C4_Init  i2c.o
    0x08004f88   0x08004f88   0x0000007a   Code   RO           58    .text.MX_UART4_Init  usart.o
    0x08005002   0x08005002   0x00000006   PAD
    0x08005008   0x08005008   0x0000007a   Code   RO           60    .text.MX_UART5_Init  usart.o
    0x08005082   0x08005082   0x00000006   PAD
    0x08005088   0x08005088   0x0000007a   Code   RO           62    .text.MX_UART7_Init  usart.o
    0x08005102   0x08005102   0x00000006   PAD
    0x08005108   0x08005108   0x0000007a   Code   RO           64    .text.MX_UART8_Init  usart.o
    0x08005182   0x08005182   0x00000006   PAD
    0x08005188   0x08005188   0x00000002   Code   RO           88    .text.MemManage_Handler  stm32h7xx_it.o
    0x0800518a   0x0800518a   0x00000006   PAD
    0x08005190   0x08005190   0x00000006   Code   RO           84    .text.NMI_Handler   stm32h7xx_it.o
    0x08005196   0x08005196   0x00000002   PAD
    0x08005198   0x08005198   0x0000002e   Code   RO          205    .text.NVIC_EncodePriority  stm32h7xx_hal_cortex.o
    0x080051c6   0x080051c6   0x00000002   PAD
    0x080051c8   0x080051c8   0x00000002   Code   RO           98    .text.PendSV_Handler  stm32h7xx_it.o
    0x080051ca   0x080051ca   0x00000006   PAD
    0x080051d0   0x080051d0   0x0000011e   Code   RO          307    .text.RCCEx_PLL2_Config  stm32h7xx_hal_rcc_ex.o
    0x080052ee   0x080052ee   0x00000002   PAD
    0x080052f0   0x080052f0   0x0000011e   Code   RO          309    .text.RCCEx_PLL3_Config  stm32h7xx_hal_rcc_ex.o
    0x0800540e   0x0800540e   0x00000002   PAD
    0x08005410   0x08005410   0x00000002   Code   RO           94    .text.SVC_Handler   stm32h7xx_it.o
    0x08005412   0x08005412   0x00000006   PAD
    0x08005418   0x08005418   0x0000002e   Code   RO          221    .text.SysTick_Config  stm32h7xx_hal_cortex.o
    0x08005446   0x08005446   0x00000002   PAD
    0x08005448   0x08005448   0x00000008   Code   RO          100    .text.SysTick_Handler  stm32h7xx_it.o
    0x08005450   0x08005450   0x000000be   Code   RO           13    .text.SystemClock_Config  main.o
    0x0800550e   0x0800550e   0x00000002   PAD
    0x08005510   0x08005510   0x000000da   Code   RO          180    .text.SystemInit    system_stm32h7xx.o
    0x080055ea   0x080055ea   0x00000006   PAD
    0x080055f0   0x080055f0   0x00000010   Code   RO          106    .text.UART4_IRQHandler  stm32h7xx_it.o
    0x08005600   0x08005600   0x00000010   Code   RO          108    .text.UART5_IRQHandler  stm32h7xx_it.o
    0x08005610   0x08005610   0x00000054   Code   RO         1262    .text.UARTEx_SetNbDataToProcess  stm32h7xx_hal_uart_ex.o
    0x08005664   0x08005664   0x00000004   PAD
    0x08005668   0x08005668   0x000000e0   Code   RO         1099    .text.UART_AdvFeatureConfig  stm32h7xx_hal_uart.o
    0x08005748   0x08005748   0x0000006a   Code   RO         1101    .text.UART_CheckIdleState  stm32h7xx_hal_uart.o
    0x080057b2   0x080057b2   0x00000006   PAD
    0x080057b8   0x080057b8   0x00000014   Code   RO         1183    .text.UART_DMAAbortOnError  stm32h7xx_hal_uart.o
    0x080057cc   0x080057cc   0x00000004   PAD
    0x080057d0   0x080057d0   0x00000054   Code   RO         1139    .text.UART_DMAError  stm32h7xx_hal_uart.o
    0x08005824   0x08005824   0x00000004   PAD
    0x08005828   0x08005828   0x00000056   Code   RO         1229    .text.UART_DMAReceiveCplt  stm32h7xx_hal_uart.o
    0x0800587e   0x0800587e   0x00000002   PAD
    0x08005880   0x08005880   0x0000001c   Code   RO         1231    .text.UART_DMARxHalfCplt  stm32h7xx_hal_uart.o
    0x0800589c   0x0800589c   0x00000004   PAD
    0x080058a0   0x080058a0   0x0000002c   Code   RO         1135    .text.UART_DMATransmitCplt  stm32h7xx_hal_uart.o
    0x080058cc   0x080058cc   0x00000004   PAD
    0x080058d0   0x080058d0   0x0000000a   Code   RO         1137    .text.UART_DMATxHalfCplt  stm32h7xx_hal_uart.o
    0x080058da   0x080058da   0x00000006   PAD
    0x080058e0   0x080058e0   0x00000034   Code   RO         1153    .text.UART_EndRxTransfer  stm32h7xx_hal_uart.o
    0x08005914   0x08005914   0x00000004   PAD
    0x08005918   0x08005918   0x0000001c   Code   RO         1189    .text.UART_EndTransmit_IT  stm32h7xx_hal_uart.o
    0x08005934   0x08005934   0x00000004   PAD
    0x08005938   0x08005938   0x0000001a   Code   RO         1151    .text.UART_EndTxTransfer  stm32h7xx_hal_uart.o
    0x08005952   0x08005952   0x00000006   PAD
    0x08005958   0x08005958   0x0000007c   Code   RO         1225    .text.UART_RxISR_16BIT  stm32h7xx_hal_uart.o
    0x080059d4   0x080059d4   0x00000004   PAD
    0x080059d8   0x080059d8   0x00000152   Code   RO         1221    .text.UART_RxISR_16BIT_FIFOEN  stm32h7xx_hal_uart.o
    0x08005b2a   0x08005b2a   0x00000006   PAD
    0x08005b30   0x08005b30   0x00000080   Code   RO         1227    .text.UART_RxISR_8BIT  stm32h7xx_hal_uart.o
    0x08005bb0   0x08005bb0   0x00000156   Code   RO         1223    .text.UART_RxISR_8BIT_FIFOEN  stm32h7xx_hal_uart.o
    0x08005d06   0x08005d06   0x00000002   PAD
    0x08005d08   0x08005d08   0x00000570   Code   RO         1097    .text.UART_SetConfig  stm32h7xx_hal_uart.o
    0x08006278   0x08006278   0x00000080   Code   RO         1143    .text.UART_Start_Receive_DMA  stm32h7xx_hal_uart.o
    0x080062f8   0x080062f8   0x000000e0   Code   RO         1131    .text.UART_Start_Receive_IT  stm32h7xx_hal_uart.o
    0x080063d8   0x080063d8   0x000000b8   Code   RO         1115    .text.UART_WaitOnFlagUntilTimeout  stm32h7xx_hal_uart.o
    0x08006490   0x08006490   0x00000002   Code   RO           92    .text.UsageFault_Handler  stm32h7xx_it.o
    0x08006492   0x08006492   0x00000006   PAD
    0x08006498   0x08006498   0x0000000a   Code   RO          134    .text.UserInit      usermain.o
    0x080064a2   0x080064a2   0x00000006   PAD
    0x080064a8   0x080064a8   0x00000030   Code   RO          136    .text.UserLoop      usermain.o
    0x080064d8   0x080064d8   0x00000020   Code   RO          209    .text.__NVIC_EnableIRQ  stm32h7xx_hal_cortex.o
    0x080064f8   0x080064f8   0x00000010   Code   RO          201    .text.__NVIC_GetPriorityGrouping  stm32h7xx_hal_cortex.o
    0x08006508   0x08006508   0x00000022   Code   RO          203    .text.__NVIC_SetPriority  stm32h7xx_hal_cortex.o
    0x0800652a   0x0800652a   0x00000006   PAD
    0x08006530   0x08006530   0x00000020   Code   RO          197    .text.__NVIC_SetPriorityGrouping  stm32h7xx_hal_cortex.o
    0x08006550   0x08006550   0x00000020   Code   RO          125    .text.fputc         miscellaneous.o
    0x08006570   0x08006570   0x0000002e   Code   RO           11    .text.main          main.o
    0x0800659e   0x0800659e   0x00000002   PAD
    0x080065a0   0x080065a0   0x00000020   Code   RO         1437    i.__0printf$1       mc_w.l(printf1.o)
    0x080065c0   0x080065c0   0x0000000e   Code   RO         1702    i.__scatterload_copy  mc_w.l(handlers.o)
    0x080065ce   0x080065ce   0x00000002   Code   RO         1703    i.__scatterload_null  mc_w.l(handlers.o)
    0x080065d0   0x080065d0   0x0000000e   Code   RO         1704    i.__scatterload_zeroinit  mc_w.l(handlers.o)
    0x080065de   0x080065de   0x00000002   PAD
    0x080065e0   0x080065e0   0x00000154   Code   RO         1444    i._printf_core      mc_w.l(printf1.o)
    0x08006734   0x08006734   0x0000000c   Code   RO         1386    i.putchar           mc_w.l(putchar.o)
    0x08006740   0x08006740   0x00000010   Data   RO          186    .rodata.D1CorePrescTable  system_stm32h7xx.o
    0x08006750   0x08006750   0x00000018   Data   RO         1233    .rodata.UARTPrescTable  stm32h7xx_hal_uart.o
    0x08006768   0x08006768   0x00000010   Data   RO         1276    .rodata.cst8        stm32h7xx_hal_uart_ex.o
    0x08006778   0x08006778   0x00000020   Data   RO         1701    Region$$Table       anon$$obj.o


    Execution Region RW_IRAM1 (Exec base: 0x20000000, Load base: 0x08006798, Size: 0x00000000, Max: 0x00020000, ABSOLUTE)

    **** No section assigned to this execution region ****


    Execution Region RW_IRAM2 (Exec base: 0x24000000, Load base: 0x08006798, Size: 0x000007e8, Max: 0x00080000, ABSOLUTE)

    Exec Addr    Load Addr    Size         Type   Attr      Idx    E Section Name        Object

    0x24000000   0x08006798   0x00000004   Data   RW         1667    .data               mc_w.l(stdout.o)
    0x24000004   0x0800679c   0x00000002   Data   RW         1374    .data.GraySensorGetFifteenAnalogValue  graysensor.o
    0x24000006   0x0800679e   0x00000002   PAD
    0x24000008   0x080067a0   0x00000004   Data   RW          184    .data.SystemCoreClock  system_stm32h7xx.o
    0x2400000c   0x080067a4   0x00000004   Data   RW          185    .data.SystemD2Clock  system_stm32h7xx.o
    0x24000010   0x080067a8   0x00000004   Data   RW          869    .data.uwTickFreq    stm32h7xx_hal.o
    0x24000014   0x080067ac   0x00000004   Data   RW          868    .data.uwTickPrio    stm32h7xx_hal.o
    0x24000018        -       0x00000002   Zero   RW         1366    .bss.GraySensorConfigConfirm  graysensor.o
    0x2400001a        -       0x00000001   Zero   RW         1364    .bss.GraySensorInstructionNum  graysensor.o
    0x2400001b        -       0x00000012   Zero   RW         1372    .bss.GraySensorReceiveBuffer  graysensor.o
    0x2400002d        -       0x00000001   Zero   RW         1323    .bss.GyroOpenFlag   gyro.o
    0x2400002e        -       0x0000000b   Zero   RW         1319    .bss.GyroReceiveBuffer  gyro.o
    0x24000039        -       0x00000001   Zero   RW         1327    .bss.GyroReceiveNum  gyro.o
    0x2400003a   0x080067b0   0x00000006   PAD
    0x24000040        -       0x00000008   Zero   RW         1324    .bss.PitchAngle     gyro.o
    0x24000048        -       0x00000008   Zero   RW         1325    .bss.RollAngle      gyro.o
    0x24000050        -       0x00000008   Zero   RW         1326    .bss.YawAngle       gyro.o
    0x24000058        -       0x0000007c   Zero   RW           75    .bss.hdma_uart4_rx  usart.o
    0x240000d4        -       0x0000007c   Zero   RW           74    .bss.hdma_uart4_tx  usart.o
    0x24000150        -       0x00000054   Zero   RW           49    .bss.hi2c4          i2c.o
    0x240001a4        -       0x00000090   Zero   RW           70    .bss.huart4         usart.o
    0x24000234        -       0x00000090   Zero   RW           71    .bss.huart5         usart.o
    0x240002c4        -       0x00000090   Zero   RW           72    .bss.huart7         usart.o
    0x24000354        -       0x00000090   Zero   RW           73    .bss.huart8         usart.o
    0x240003e4        -       0x00000004   Zero   RW          870    .bss.uwTick         stm32h7xx_hal.o
    0x240003e8        -       0x00000400   Zero   RW            1    STACK               startup_stm32h743xx.o


==============================================================================

Image component sizes


      Code (inc. data)   RO Data    RW Data    ZI Data      Debug   Object Name

       108          0          0          0          0       4017   callbackaction.o
        66          0          0          0          0       5335   dma.o
       196          0          0          0          0       3038   gpio.o
       198          0          0          2         21       3380   graysensor.o
       162         16          0          0         37       2616   gyro.o
       246          0          0          0         84       7981   i2c.o
       246          0          0          0          0       3010   main.o
        32          0          0          0          0       1012   miscellaneous.o
        36          8        664          0       1024        856   startup_stm32h743xx.o
       276          0          0          8          4      14960   stm32h7xx_hal.o
       260          0          0          0          0      12697   stm32h7xx_hal_cortex.o
      9094         12          0          0          0      17952   stm32h7xx_hal_dma.o
       432          0          0          0          0       6957   stm32h7xx_hal_gpio.o
       152          0          0          0          0      39915   stm32h7xx_hal_i2c.o
       126          0          0          0          0       7611   stm32h7xx_hal_i2c_ex.o
        40          0          0          0          0       2258   stm32h7xx_hal_msp.o
        72          0          0          0          0      10655   stm32h7xx_hal_pwr_ex.o
      2582         16          0          0          0      11386   stm32h7xx_hal_rcc.o
      3446        122          0          0          0      17811   stm32h7xx_hal_rcc_ex.o
      5110        382         24          0          0      29501   stm32h7xx_hal_uart.o
       292          0         16          0          0       9925   stm32h7xx_hal_uart_ex.o
        92          0          0          0          0       1432   stm32h7xx_it.o
       218          0         16          8          0       5928   system_stm32h7xx.o
      1116          0          0          0        824      12536   usart.o
        58          4          0          0          0        807   usermain.o

    ----------------------------------------------------------------------
     25052        572        752         20       2000     233576   Object Totals
         0          0         32          0          0          0   (incl. Generated)
       396         12          0          2          6          0   (incl. Padding)

    ----------------------------------------------------------------------

      Code (inc. data)   RO Data    RW Data    ZI Data      Debug   Library Member Name

         0          0          0          0          0          0   entry.o
         0          0          0          0          0          0   entry10a.o
         0          0          0          0          0          0   entry11a.o
         8          4          0          0          0          0   entry2.o
         4          0          0          0          0          0   entry5.o
         0          0          0          0          0          0   entry7b.o
         0          0          0          0          0          0   entry8b.o
         8          4          0          0          0          0   entry9a.o
        30          0          0          0          0          0   handlers.o
        36          8          0          0          0         68   init.o
        30          0          0          0          0         68   llshl.o
        32          0          0          0          0         68   llushr.o
        36          0          0          0          0        108   memseta.o
       372         14          0          0          0        184   printf1.o
        12          6          0          0          0         68   putchar.o
         0          0          0          4          0          0   stdout.o
        44          0          0          0          0         80   uidiv.o
        98          0          0          0          0         92   uldiv.o

    ----------------------------------------------------------------------
       716         40          0          4          0        736   Library Totals
         6          4          0          0          0          0   (incl. Padding)

    ----------------------------------------------------------------------

      Code (inc. data)   RO Data    RW Data    ZI Data      Debug   Library Name

       710         36          0          4          0        736   mc_w.l

    ----------------------------------------------------------------------
       716         40          0          4          0        736   Library Totals

    ----------------------------------------------------------------------

==============================================================================


      Code (inc. data)   RO Data    RW Data    ZI Data      Debug   

     25768        612        752         24       2000     233836   Grand Totals
     25768        612        752         24       2000     233836   ELF Image Totals
     25768        612        752         24          0          0   ROM Totals

==============================================================================

    Total RO  Size (Code + RO Data)                26520 (  25.90kB)
    Total RW  Size (RW Data + ZI Data)              2024 (   1.98kB)
    Total ROM Size (Code + RO Data + RW Data)      26544 (  25.92kB)

==============================================================================

