Component: ARM Compiler 6.15 Tool: armlink [5dd79300]

==============================================================================

Section Cross References

    startup_stm32h743xx.o(STACK) refers (Special) to heapauxi.o(.text) for __use_two_region_memory
    startup_stm32h743xx.o(HEAP) refers (Special) to heapauxi.o(.text) for __use_two_region_memory
    startup_stm32h743xx.o(RESET) refers (Special) to heapauxi.o(.text) for __use_two_region_memory
    startup_stm32h743xx.o(RESET) refers to startup_stm32h743xx.o(STACK) for __initial_sp
    startup_stm32h743xx.o(RESET) refers to startup_stm32h743xx.o(.text) for Reset_Handler
    startup_stm32h743xx.o(RESET) refers to stm32h7xx_it.o(.text.NMI_Handler) for NMI_Handler
    startup_stm32h743xx.o(RESET) refers to stm32h7xx_it.o(.text.HardFault_Handler) for HardFault_Handler
    startup_stm32h743xx.o(RESET) refers to stm32h7xx_it.o(.text.MemManage_Handler) for MemManage_Handler
    startup_stm32h743xx.o(RESET) refers to stm32h7xx_it.o(.text.BusFault_Handler) for BusFault_Handler
    startup_stm32h743xx.o(RESET) refers to stm32h7xx_it.o(.text.UsageFault_Handler) for UsageFault_Handler
    startup_stm32h743xx.o(RESET) refers to stm32h7xx_it.o(.text.SVC_Handler) for SVC_Handler
    startup_stm32h743xx.o(RESET) refers to stm32h7xx_it.o(.text.DebugMon_Handler) for DebugMon_Handler
    startup_stm32h743xx.o(RESET) refers to stm32h7xx_it.o(.text.PendSV_Handler) for PendSV_Handler
    startup_stm32h743xx.o(RESET) refers to stm32h7xx_it.o(.text.SysTick_Handler) for SysTick_Handler
    startup_stm32h743xx.o(RESET) refers to stm32h7xx_it.o(.text.DMA1_Stream0_IRQHandler) for DMA1_Stream0_IRQHandler
    startup_stm32h743xx.o(RESET) refers to stm32h7xx_it.o(.text.DMA1_Stream1_IRQHandler) for DMA1_Stream1_IRQHandler
    startup_stm32h743xx.o(RESET) refers to stm32h7xx_it.o(.text.UART4_IRQHandler) for UART4_IRQHandler
    startup_stm32h743xx.o(RESET) refers to stm32h7xx_it.o(.text.UART5_IRQHandler) for UART5_IRQHandler
    startup_stm32h743xx.o(.text) refers (Special) to heapauxi.o(.text) for __use_two_region_memory
    startup_stm32h743xx.o(.text) refers to system_stm32h7xx.o(.text.SystemInit) for SystemInit
    startup_stm32h743xx.o(.text) refers to __main.o(!!!main) for __main
    startup_stm32h743xx.o(.text) refers to startup_stm32h743xx.o(HEAP) for Heap_Mem
    startup_stm32h743xx.o(.text) refers to startup_stm32h743xx.o(STACK) for Stack_Mem
    main.o(.text.main) refers to stm32h7xx_hal.o(.text.HAL_Init) for HAL_Init
    main.o(.text.main) refers to main.o(.text.SystemClock_Config) for SystemClock_Config
    main.o(.text.main) refers to gpio.o(.text.MX_GPIO_Init) for MX_GPIO_Init
    main.o(.text.main) refers to dma.o(.text.MX_DMA_Init) for MX_DMA_Init
    main.o(.text.main) refers to usart.o(.text.MX_UART4_Init) for MX_UART4_Init
    main.o(.text.main) refers to usart.o(.text.MX_UART5_Init) for MX_UART5_Init
    main.o(.text.main) refers to usart.o(.text.MX_UART7_Init) for MX_UART7_Init
    main.o(.text.main) refers to i2c.o(.text.MX_I2C4_Init) for MX_I2C4_Init
    main.o(.text.main) refers to usart.o(.text.MX_UART8_Init) for MX_UART8_Init
    main.o(.text.main) refers to usermain.o(.text.UserInit) for UserInit
    main.o(.text.main) refers to usermain.o(.text.UserLoop) for UserLoop
    main.o(.ARM.exidx.text.main) refers to main.o(.text.main) for [Anonymous Symbol]
    main.o(.text.SystemClock_Config) refers to rt_memclr_w.o(.text) for __aeabi_memclr4
    main.o(.text.SystemClock_Config) refers to stm32h7xx_hal_pwr_ex.o(.text.HAL_PWREx_ConfigSupply) for HAL_PWREx_ConfigSupply
    main.o(.text.SystemClock_Config) refers to stm32h7xx_hal_rcc.o(.text.HAL_RCC_OscConfig) for HAL_RCC_OscConfig
    main.o(.text.SystemClock_Config) refers to stm32h7xx_hal_rcc.o(.text.HAL_RCC_ClockConfig) for HAL_RCC_ClockConfig
    main.o(.text.SystemClock_Config) refers to stm32h7xx_hal_rcc.o(.text.HAL_RCC_EnableCSS) for HAL_RCC_EnableCSS
    main.o(.text.SystemClock_Config) refers to main.o(.text.Error_Handler) for Error_Handler
    main.o(.ARM.exidx.text.SystemClock_Config) refers to main.o(.text.SystemClock_Config) for [Anonymous Symbol]
    main.o(.ARM.exidx.text.Error_Handler) refers to main.o(.text.Error_Handler) for [Anonymous Symbol]
    gpio.o(.text.MX_GPIO_Init) refers to stm32h7xx_hal_gpio.o(.text.HAL_GPIO_WritePin) for HAL_GPIO_WritePin
    gpio.o(.text.MX_GPIO_Init) refers to stm32h7xx_hal_gpio.o(.text.HAL_GPIO_Init) for HAL_GPIO_Init
    gpio.o(.ARM.exidx.text.MX_GPIO_Init) refers to gpio.o(.text.MX_GPIO_Init) for [Anonymous Symbol]
    dma.o(.text.MX_DMA_Init) refers to stm32h7xx_hal_cortex.o(.text.HAL_NVIC_SetPriority) for HAL_NVIC_SetPriority
    dma.o(.text.MX_DMA_Init) refers to stm32h7xx_hal_cortex.o(.text.HAL_NVIC_EnableIRQ) for HAL_NVIC_EnableIRQ
    dma.o(.ARM.exidx.text.MX_DMA_Init) refers to dma.o(.text.MX_DMA_Init) for [Anonymous Symbol]
    i2c.o(.text.MX_I2C4_Init) refers to i2c.o(.bss.hi2c4) for hi2c4
[...]
    [Anonymous Symbol]                       0x08007090   Section        0  usermain.o(.text.UserLoop)
    __NVIC_EnableIRQ                         0x080070d1   Thumb Code    32  stm32h7xx_hal_cortex.o(.text.__NVIC_EnableIRQ)
    [Anonymous Symbol]                       0x080070d0   Section        0  stm32h7xx_hal_cortex.o(.text.__NVIC_EnableIRQ)
    __NVIC_GetPriorityGrouping               0x080070f1   Thumb Code    16  stm32h7xx_hal_cortex.o(.text.__NVIC_GetPriorityGrouping)
    [Anonymous Symbol]                       0x080070f0   Section        0  stm32h7xx_hal_cortex.o(.text.__NVIC_GetPriorityGrouping)
    __NVIC_SetPriority                       0x08007101   Thumb Code    34  stm32h7xx_hal_cortex.o(.text.__NVIC_SetPriority)
    [Anonymous Symbol]                       0x08007100   Section        0  stm32h7xx_hal_cortex.o(.text.__NVIC_SetPriority)
    __NVIC_SetPriorityGrouping               0x08007129   Thumb Code    32  stm32h7xx_hal_cortex.o(.text.__NVIC_SetPriorityGrouping)
    [Anonymous Symbol]                       0x08007128   Section        0  stm32h7xx_hal_cortex.o(.text.__NVIC_SetPriorityGrouping)
    [Anonymous Symbol]                       0x08007148   Section        0  miscellaneous.o(.text.fputc)
    [Anonymous Symbol]                       0x08007168   Section        0  main.o(.text.main)
    $v0                                      0x08007222   Number         0  fpinit.o(x$fpl$fpinit)
    x$fpl$fpinit                             0x08007222   Section       26  fpinit.o(x$fpl$fpinit)
    .constdata                               0x0800723c   Section        4  sys_io_names.o(.constdata)
    .constdata                               0x08007240   Section        4  sys_io_names.o(.constdata)
    .constdata                               0x08007244   Section        4  sys_io_names.o(.constdata)
    UARTEx_SetNbDataToProcess.numerator      0x08007270   Data           8  stm32h7xx_hal_uart_ex.o(.rodata.cst8)
    UARTEx_SetNbDataToProcess.denominator    0x08007278   Data           8  stm32h7xx_hal_uart_ex.o(.rodata.cst8)
    .data                                    0x24000000   Section        4  stdio_streams.o(.data)
    .data                                    0x24000004   Section        4  stdio_streams.o(.data)
    .data                                    0x24000008   Section        4  stdio_streams.o(.data)
    GraySensorGetFifteenAnalogValue          0x2400000c   Data           2  graysensor.o(.data.GraySensorGetFifteenAnalogValue)
    [Anonymous Symbol]                       0x2400000c   Section        0  graysensor.o(.data.GraySensorGetFifteenAnalogValue)
    GraySensorTestConfiguration              0x2400000e   Data           2  graysensor.o(.data.GraySensorTestConfiguration)
    [Anonymous Symbol]                       0x2400000e   Section        0  graysensor.o(.data.GraySensorTestConfiguration)
    .bss                                     0x24000020   Section       84  stdio_streams.o(.bss)
    .bss                                     0x24000074   Section       84  stdio_streams.o(.bss)
    .bss                                     0x240000c8   Section       84  stdio_streams.o(.bss)
    .bss                                     0x2400011c   Section       96  libspace.o(.bss)
    PitchAngle                               0x240001a0   Data           8  gyro.o(.bss.PitchAngle)
    [Anonymous Symbol]                       0x240001a0   Section        0  gyro.o(.bss.PitchAngle)
    RollAngle                                0x240001a8   Data           8  gyro.o(.bss.RollAngle)
    [Anonymous Symbol]                       0x240001a8   Section        0  gyro.o(.bss.RollAngle)
    YawAngle                                 0x240001b0   Data           8  gyro.o(.bss.YawAngle)
    [Anonymous Symbol]                       0x240001b0   Section        0  gyro.o(.bss.YawAngle)
    Heap_Mem                                 0x24000548   Data         512  startup_stm32h743xx.o(HEAP)
    HEAP                                     0x24000548   Section      512  startup_stm32h743xx.o(HEAP)
    Stack_Mem                                0x24000748   Data        1024  startup_stm32h743xx.o(STACK)
    STACK                                    0x24000748   Section     1024  startup_stm32h743xx.o(STACK)
    __initial_sp                             0x24000b48   Data           0  startup_stm32h743xx.o(STACK)

    Global Symbols

    Symbol Name                              Value     Ov Type        Size  Object(Section)

    BuildAttributes$$THM_ISAv4$E$P$D$K$B$S$7EM$VFPv5_D16$PE$PLD8$A:L22UL41UL21$X:L11$S22US41US21$IEEE1$IW$~IW$USESV6$~STKCKD$USESV7$WCHAR32$ENUMINT$~SHL$OTIME$ROPI$EBA8$UX$STANDARDLIB$REQ8$PRES8$EABIv2 0x00000000   Number         0  anon$$obj.o ABSOLUTE
    __ARM_exceptions_init                     - Undefined Weak Reference
    __alloca_initialize                       - Undefined Weak Reference
    __arm_preinit_                            - Undefined Weak Reference
    __cpp_initialize__aeabi_                  - Undefined Weak Reference
    __cxa_finalize                            - Undefined Weak Reference
    __rt_locale                               - Undefined Weak Reference
    __sigvec_lookup                           - Undefined Weak Reference
    __user_heap_extent                        - Undefined Weak Reference
    _atexit_init                              - Undefined Weak Reference
    _call_atexit_fns                          - Undefined Weak Reference
    _clock_init                               - Undefined Weak Reference
    _fp_trap_init                             - Undefined Weak Reference
    _fp_trap_shutdown                         - Undefined Weak Reference
    _get_lc_collate                           - Undefined Weak Reference
    _get_lc_ctype                             - Undefined Weak Reference
    _get_lc_monetary                          - Undefined Weak Reference
    _get_lc_numeric                           - Undefined Weak Reference
    _get_lc_time                              - Undefined Weak Reference
    _getenv_init                              - Undefined Weak Reference
    _handle_redirection                       - Undefined Weak Reference
    _mutex_acquire                            - Undefined Weak Reference
    _mutex_free                               - Undefined Weak Reference
    _mutex_release                            - Undefined Weak Reference
    _printf_post_padding                      - Undefined Weak Reference
    _printf_pre_padding                       - Undefined Weak Reference
    _printf_truncate_signed                   - Undefined Weak Reference
    _printf_truncate_unsigned                 - Undefined Weak Reference
    _rand_init                                - Undefined Weak Reference
    _signal_finish                            - Undefined Weak Reference
    _signal_init                              - Undefined Weak Reference
    __Vectors_Size                           0x00000298   Number         0  startup_stm32h743xx.o ABSOLUTE
    __Vectors                                0x08000000   Data           4  startup_stm32h743xx.o(RESET)
    __Vectors_End                            0x08000298   Data           0  startup_stm32h743xx.o(RESET)
    __main                                   0x08000299   Thumb Code     8  __main.o(!!!main)
    __scatterload                            0x080002a1   Thumb Code     0  __scatter.o(!!!scatter)
    __scatterload_rt2                        0x080002a1   Thumb Code    44  __scatter.o(!!!scatter)
    __scatterload_rt2_thumb_only             0x080002a1   Thumb Code     0  __scatter.o(!!!scatter)
    __scatterload_null                       0x080002af   Thumb Code     0  __scatter.o(!!!scatter)
    __scatterload_copy                       0x080002d5   Thumb Code    26  __scatter_copy.o(!!handler_copy)
    __scatterload_zeroinit                   0x080002f1   Thumb Code    28  __scatter_zi.o(!!handler_zi)
    _printf_d                                0x0800030d   Thumb Code     0  _printf_d.o(.ARM.Collect$$_printf_percent$$00000009)
    _printf_percent                          0x0800030d   Thumb Code     0  _printf_percent.o(.ARM.Collect$$_printf_percent$$00000000)
    _printf_percent_end                      0x08000313   Thumb Code     0  _printf_percent_end.o(.ARM.Collect$$_printf_percent$$00000017)
    __rt_lib_init                            0x08000317   Thumb Code     0  libinit.o(.ARM.Collect$$libinit$$00000000)
    __rt_lib_init_fp_1                       0x08000319   Thumb Code     0  libinit2.o(.ARM.Collect$$libinit$$00000001)
    __rt_lib_init_heap_2                     0x0800031d   Thumb Code     0  libinit2.o(.ARM.Collect$$libinit$$00000005)
    __rt_lib_init_preinit_1                  0x0800031d   Thumb Code     0  libinit2.o(.ARM.Collect$$libinit$$00000004)
    __rt_lib_init_atexit_1                   0x08000325   Thumb Code     0  libinit2.o(.ARM.Collect$$libinit$$0000001B)
    __rt_lib_init_clock_1                    0x08000325   Thumb Code     0  libinit2.o(.ARM.Collect$$libinit$$00000021)
    __rt_lib_init_fp_trap_1                  0x08000325   Thumb Code     0  libinit2.o(.ARM.Collect$$libinit$$0000001F)
    __rt_lib_init_getenv_1                   0x08000325   Thumb Code     0  libinit2.o(.ARM.Collect$$libinit$$00000023)
    __rt_lib_init_heap_1                     0x08000325   Thumb Code     0  libinit2.o(.ARM.Collect$$libinit$$0000000A)
    __rt_lib_init_lc_collate_1               0x08000325   Thumb Code     0  libinit2.o(.ARM.Collect$$libinit$$00000011)
    __rt_lib_init_lc_ctype_1                 0x08000325   Thumb Code     0  libinit2.o(.ARM.Collect$$libinit$$00000013)
    __rt_lib_init_lc_monetary_1              0x08000325   Thumb Code     0  libinit2.o(.ARM.Collect$$libinit$$00000015)
    __rt_lib_init_lc_numeric_1               0x08000325   Thumb Code     0  libinit2.o(.ARM.Collect$$libinit$$00000017)
    __rt_lib_init_lc_time_1                  0x08000325   Thumb Code     0  libinit2.o(.ARM.Collect$$libinit$$00000019)
    __rt_lib_init_rand_1                     0x08000325   Thumb Code     0  libinit2.o(.ARM.Collect$$libinit$$0000000E)
    __rt_lib_init_signal_1                   0x08000325   Thumb Code     0  libinit2.o(.ARM.Collect$$libinit$$0000001D)
    __rt_lib_init_stdio_2                    0x08000325   Thumb Code     0  libinit2.o(.ARM.Collect$$libinit$$00000024)
    __rt_lib_init_user_alloc_1               0x08000325   Thumb Code     0  libinit2.o(.ARM.Collect$$libinit$$0000000C)
    __rt_lib_init_alloca_1                   0x08000329   Thumb Code     0  libinit2.o(.ARM.Collect$$libinit$$0000002E)
    __rt_lib_init_argv_1                     0x08000329   Thumb Code     0  libinit2.o(.ARM.Collect$$libinit$$0000002C)
    __rt_lib_init_cpp_1                      0x08000329   Thumb Code     0  libinit2.o(.ARM.Collect$$libinit$$00000032)
    __rt_lib_init_exceptions_1               0x08000329   Thumb Code     0  libinit2.o(.ARM.Collect$$libinit$$00000030)
    __rt_lib_init_return                     0x08000329   Thumb Code     0  libinit2.o(.ARM.Collect$$libinit$$00000033)
    __rt_lib_init_stdio_1                    0x08000329   Thumb Code     0  libinit2.o(.ARM.Collect$$libinit$$00000025)
    __rt_lib_shutdown                        0x0800032b   Thumb Code     0  libshutdown.o(.ARM.Collect$$libshutdown$$00000000)
    __rt_lib_shutdown_cpp_1                  0x0800032d   Thumb Code     0  libshutdown2.o(.ARM.Collect$$libshutdown$$00000002)
    __rt_lib_shutdown_stdio_2                0x0800032d   Thumb Code     0  libshutdown2.o(.ARM.Collect$$libshutdown$$00000003)
    __rt_lib_shutdown_fp_trap_1              0x08000331   Thumb Code     0  libshutdown2.o(.ARM.Collect$$libshutdown$$00000007)
    __rt_lib_shutdown_heap_1                 0x08000331   Thumb Code     0  libshutdown2.o(.ARM.Collect$$libshutdown$$0000000F)
    __rt_lib_shutdown_return                 0x08000331   Thumb Code     0  libshutdown2.o(.ARM.Collect$$libshutdown$$00000010)
    __rt_lib_shutdown_signal_1               0x08000331   Thumb Code     0  libshutdown2.o(.ARM.Collect$$libshutdown$$0000000A)
    __rt_lib_shutdown_stdio_1                0x08000331   Thumb Code     0  libshutdown2.o(.ARM.Collect$$libshutdown$$00000004)
    __rt_lib_shutdown_user_alloc_1           0x08000331   Thumb Code     0  libshutdown2.o(.ARM.Collect$$libshutdown$$0000000C)
    __rt_entry                               0x08000333   Thumb Code     0  __rtentry.o(.ARM.Collect$$rtentry$$00000000)
    __rt_entry_presh_1                       0x08000333   Thumb Code     0  __rtentry2.o(.ARM.Collect$$rtentry$$00000002)
    __rt_entry_sh                            0x08000333   Thumb Code     0  __rtentry4.o(.ARM.Collect$$rtentry$$00000004)
    __rt_entry_li                            0x08000339   Thumb Code     0  __rtentry2.o(.ARM.Collect$$rtentry$$0000000A)
    __rt_entry_postsh_1                      0x08000339   Thumb Code     0  __rtentry2.o(.ARM.Collect$$rtentry$$00000009)
    __rt_entry_main                          0x0800033d   Thumb Code     0  __rtentry2.o(.ARM.Collect$$rtentry$$0000000D)
    __rt_entry_postli_1                      0x0800033d   Thumb Code     0  __rtentry2.o(.ARM.Collect$$rtentry$$0000000C)
    __rt_exit                                0x08000345   Thumb Code     0  rtexit.o(.ARM.Collect$$rtexit$$00000000)
    __rt_exit_ls                             0x08000347   Thumb Code     0  rtexit2.o(.ARM.Collect$$rtexit$$00000003)
    __rt_exit_prels_1                        0x08000347   Thumb Code     0  rtexit2.o(.ARM.Collect$$rtexit$$00000002)
    __rt_exit_exit                           0x0800034b   Thumb Code     0  rtexit2.o(.ARM.Collect$$rtexit$$00000004)
    Reset_Handler                            0x08000351   Thumb Code     8  startup_stm32h743xx.o(.text)
    ADC3_IRQHandler                          0x0800036b   Thumb Code     0  startup_stm32h743xx.o(.text)
    ADC_IRQHandler                           0x0800036b   Thumb Code     0  startup_stm32h743xx.o(.text)
    BDMA_Channel0_IRQHandler                 0x0800036b   Thumb Code     0  startup_stm32h743xx.o(.text)
    BDMA_Channel1_IRQHandler                 0x0800036b   Thumb Code     0  startup_stm32h743xx.o(.text)
    BDMA_Channel2_IRQHandler                 0x0800036b   Thumb Code     0  startup_stm32h743xx.o(.text)
    BDMA_Channel3_IRQHandler                 0x0800036b   Thumb Code     0  startup_stm32h743xx.o(.text)
    BDMA_Channel4_IRQHandler                 0x0800036b   Thumb Code     0  startup_stm32h743xx.o(.text)
    BDMA_Channel5_IRQHandler                 0x0800036b   Thumb Code     0  startup_stm32h743xx.o(.text)
    BDMA_Channel6_IRQHandler                 0x0800036b   Thumb Code     0  startup_stm32h743xx.o(.text)
    BDMA_Channel7_IRQHandler                 0x0800036b   Thumb Code     0  startup_stm32h743xx.o(.text)
    CEC_IRQHandler                           0x0800036b   Thumb Code     0  startup_stm32h743xx.o(.text)
    COMP1_IRQHandler                         0x0800036b   Thumb Code     0  startup_stm32h743xx.o(.text)
    CRS_IRQHandler                           0x0800036b   Thumb Code     0  startup_stm32h743xx.o(.text)
    DCMI_IRQHandler                          0x0800036b   Thumb Code     0  startup_stm32h743xx.o(.text)
    DFSDM1_FLT0_IRQHandler                   0x0800036b   Thumb Code     0  startup_stm32h743xx.o(.text)
    DFSDM1_FLT1_IRQHandler                   0x0800036b   Thumb Code     0  startup_stm32h743xx.o(.text)
    DFSDM1_FLT2_IRQHandler                   0x0800036b   Thumb Code     0  startup_stm32h743xx.o(.text)
    DFSDM1_FLT3_IRQHandler                   0x0800036b   Thumb Code     0  startup_stm32h743xx.o(.text)
    DMA1_Stream2_IRQHandler                  0x0800036b   Thumb Code     0  startup_stm32h743xx.o(.text)
    DMA1_Stream3_IRQHandler                  0x0800036b   Thumb Code     0  startup_stm32h743xx.o(.text)
    DMA1_Stream4_IRQHandler                  0x0800036b   Thumb Code     0  startup_stm32h743xx.o(.text)
    DMA1_Stream5_IRQHandler                  0x0800036b   Thumb Code     0  startup_stm32h743xx.o(.text)
    DMA1_Stream6_IRQHandler                  0x0800036b   Thumb Code     0  startup_stm32h743xx.o(.text)
    DMA1_Stream7_IRQHandler                  0x0800036b   Thumb Code     0  startup_stm32h743xx.o(.text)
    DMA2D_IRQHandler                         0x0800036b   Thumb Code     0  startup_stm32h743xx.o(.text)
    DMA2_Stream0_IRQHandler                  0x0800036b   Thumb Code     0  startup_stm32h743xx.o(.text)
    DMA2_Stream1_IRQHandler                  0x0800036b   Thumb Code     0  startup_stm32h743xx.o(.text)
    DMA2_Stream2_IRQHandler                  0x0800036b   Thumb Code     0  startup_stm32h743xx.o(.text)
    DMA2_Stream3_IRQHandler                  0x0800036b   Thumb Code     0  startup_stm32h743xx.o(.text)
    DMA2_Stream4_IRQHandler                  0x0800036b   Thumb Code     0  startup_stm32h743xx.o(.text)
    DMA2_Stream5_IRQHandler                  0x0800036b   Thumb Code     0  startup_stm32h743xx.o(.text)
    DMA2_Stream6_IRQHandler                  0x0800036b   Thumb Code     0  startup_stm32h743xx.o(.text)
    DMA2_Stream7_IRQHandler                  0x0800036b   Thumb Code     0  startup_stm32h743xx.o(.text)
    DMAMUX1_OVR_IRQHandler                   0x0800036b   Thumb Code     0  startup_stm32h743xx.o(.text)
    DMAMUX2_OVR_IRQHandler                   0x0800036b   Thumb Code     0  startup_stm32h743xx.o(.text)
    ECC_IRQHandler                           0x0800036b   Thumb Code     0  startup_stm32h743xx.o(.text)
    ETH_IRQHandler                           0x0800036b   Thumb Code     0  startup_stm32h743xx.o(.text)
    ETH_WKUP_IRQHandler                      0x0800036b   Thumb Code     0  startup_stm32h743xx.o(.text)
    EXTI0_IRQHandler                         0x0800036b   Thumb Code     0  startup_stm32h743xx.o(.text)
    EXTI15_10_IRQHandler                     0x0800036b   Thumb Code     0  startup_stm32h743xx.o(.text)
    EXTI1_IRQHandler                         0x0800036b   Thumb Code     0  startup_stm32h743xx.o(.text)
    EXTI2_IRQHandler                         0x0800036b   Thumb Code     0  startup_stm32h743xx.o(.text)
    EXTI3_IRQHandler                         0x0800036b   Thumb Code     0  startup_stm32h743xx.o(.text)
    EXTI4_IRQHandler                         0x0800036b   Thumb Code     0  startup_stm32h743xx.o(.text)
    EXTI9_5_IRQHandler                       0x0800036b   Thumb Code     0  startup_stm32h743xx.o(.text)
    FDCAN1_IT0_IRQHandler                    0x0800036b   Thumb Code     0  startup_stm32h743xx.o(.text)
    FDCAN1_IT1_IRQHandler                    0x0800036b   Thumb Code     0  startup_stm32h743xx.o(.text)
    FDCAN2_IT0_IRQHandler                    0x0800036b   Thumb Code     0  startup_stm32h743xx.o(.text)
    FDCAN2_IT1_IRQHandler                    0x0800036b   Thumb Code     0  startup_stm32h743xx.o(.text)
    FDCAN_CAL_IRQHandler                     0x0800036b   Thumb Code     0  startup_stm32h743xx.o(.text)
    FLASH_IRQHandler                         0x0800036b   Thumb Code     0  startup_stm32h743xx.o(.text)
    FMC_IRQHandler                           0x0800036b   Thumb Code     0  startup_stm32h743xx.o(.text)
    FPU_IRQHandler                           0x0800036b   Thumb Code     0  startup_stm32h743xx.o(.text)
    HRTIM1_FLT_IRQHandler                    0x0800036b   Thumb Code     0  startup_stm32h743xx.o(.text)
    HRTIM1_Master_IRQHandler                 0x0800036b   Thumb Code     0  startup_stm32h743xx.o(.text)
    HRTIM1_TIMA_IRQHandler                   0x0800036b   Thumb Code     0  startup_stm32h743xx.o(.text)
    HRTIM1_TIMB_IRQHandler                   0x0800036b   Thumb Code     0  startup_stm32h743xx.o(.text)
    HRTIM1_TIMC_IRQHandler                   0x0800036b   Thumb Code     0  startup_stm32h743xx.o(.text)
    HRTIM1_TIMD_IRQHandler                   0x0800036b   Thumb Code     0  startup_stm32h743xx.o(.text)
    HRTIM1_TIME_IRQHandler                   0x0800036b   Thumb Code     0  startup_stm32h743xx.o(.text)
    HSEM1_IRQHandler                         0x0800036b   Thumb Code     0  startup_stm32h743xx.o(.text)
    I2C1_ER_IRQHandler                       0x0800036b   Thumb Code     0  startup_stm32h743xx.o(.text)
    I2C1_EV_IRQHandler                       0x0800036b   Thumb Code     0  startup_stm32h743xx.o(.text)
    I2C2_ER_IRQHandler                       0x0800036b   Thumb Code     0  startup_stm32h743xx.o(.text)
    I2C2_EV_IRQHandler                       0x0800036b   Thumb Code     0  startup_stm32h743xx.o(.text)
    I2C3_ER_IRQHandler                       0x0800036b   Thumb Code     0  startup_stm32h743xx.o(.text)
    I2C3_EV_IRQHandler                       0x0800036b   Thumb Code     0  startup_stm32h743xx.o(.text)
    I2C4_ER_IRQHandler                       0x0800036b   Thumb Code     0  startup_stm32h743xx.o(.text)
    I2C4_EV_IRQHandler                       0x0800036b   Thumb Code     0  startup_stm32h743xx.o(.text)
    JPEG_IRQHandler                          0x0800036b   Thumb Code     0  startup_stm32h743xx.o(.text)
    LPTIM1_IRQHandler                        0x0800036b   Thumb Code     0  startup_stm32h743xx.o(.text)
    LPTIM2_IRQHandler                        0x0800036b   Thumb Code     0  startup_stm32h743xx.o(.text)
    LPTIM3_IRQHandler                        0x0800036b   Thumb Code     0  startup_stm32h743xx.o(.text)
    LPTIM4_IRQHandler                        0x0800036b   Thumb Code     0  startup_stm32h743xx.o(.text)
    LPTIM5_IRQHandler                        0x0800036b   Thumb Code     0  startup_stm32h743xx.o(.text)
    LPUART1_IRQHandler                       0x0800036b   Thumb Code     0  startup_stm32h743xx.o(.text)
    LTDC_ER_IRQHandler                       0x0800036b   Thumb Code     0  startup_stm32h743xx.o(.text)
    LTDC_IRQHandler                          0x0800036b   Thumb Code     0  startup_stm32h743xx.o(.text)
    MDIOS_IRQHandler                         0x0800036b   Thumb Code     0  startup_stm32h743xx.o(.text)
    MDIOS_WKUP_IRQHandler                    0x0800036b   Thumb Code     0  startup_stm32h743xx.o(.text)
    MDMA_IRQHandler                          0x0800036b   Thumb Code     0  startup_stm32h743xx.o(.text)
    OTG_FS_EP1_IN_IRQHandler                 0x0800036b   Thumb Code     0  startup_stm32h743xx.o(.text)
    OTG_FS_EP1_OUT_IRQHandler                0x0800036b   Thumb Code     0  startup_stm32h743xx.o(.text)
    OTG_FS_IRQHandler                        0x0800036b   Thumb Code     0  startup_stm32h743xx.o(.text)
    OTG_FS_WKUP_IRQHandler                   0x0800036b   Thumb Code     0  startup_stm32h743xx.o(.text)
    OTG_HS_EP1_IN_IRQHandler                 0x0800036b   Thumb Code     0  startup_stm32h743xx.o(.text)
    OTG_HS_EP1_OUT_IRQHandler                0x0800036b   Thumb Code     0  startup_stm32h743xx.o(.text)
    OTG_HS_IRQHandler                        0x0800036b   Thumb Code     0  startup_stm32h743xx.o(.text)
    OTG_HS_WKUP_IRQHandler                   0x0800036b   Thumb Code     0  startup_stm32h743xx.o(.text)
    PVD_AVD_IRQHandler                       0x0800036b   Thumb Code     0  startup_stm32h743xx.o(.text)
    QUADSPI_IRQHandler                       0x0800036b   Thumb Code     0  startup_stm32h743xx.o(.text)
    RCC_IRQHandler                           0x0800036b   Thumb Code     0  startup_stm32h743xx.o(.text)
    RNG_IRQHandler                           0x0800036b   Thumb Code     0  startup_stm32h743xx.o(.text)
    RTC_Alarm_IRQHandler                     0x0800036b   Thumb Code     0  startup_stm32h743xx.o(.text)
    RTC_WKUP_IRQHandler                      0x0800036b   Thumb Code     0  startup_stm32h743xx.o(.text)
    SAI1_IRQHandler                          0x0800036b   Thumb Code     0  startup_stm32h743xx.o(.text)
    SAI2_IRQHandler                          0x0800036b   Thumb Code     0  startup_stm32h743xx.o(.text)
    SAI3_IRQHandler                          0x0800036b   Thumb Code     0  startup_stm32h743xx.o(.text)
    SAI4_IRQHandler                          0x0800036b   Thumb Code     0  startup_stm32h743xx.o(.text)
    SDMMC1_IRQHandler                        0x0800036b   Thumb Code     0  startup_stm32h743xx.o(.text)
    SDMMC2_IRQHandler                        0x0800036b   Thumb Code     0  startup_stm32h743xx.o(.text)
    SPDIF_RX_IRQHandler                      0x0800036b   Thumb Code     0  startup_stm32h743xx.o(.text)
    SPI1_IRQHandler                          0x0800036b   Thumb Code     0  startup_stm32h743xx.o(.text)
    SPI2_IRQHandler                          0x0800036b   Thumb Code     0  startup_stm32h743xx.o(.text)
    SPI3_IRQHandler                          0x0800036b   Thumb Code     0  startup_stm32h743xx.o(.text)
    SPI4_IRQHandler                          0x0800036b   Thumb Code     0  startup_stm32h743xx.o(.text)
    SPI5_IRQHandler                          0x0800036b   Thumb Code     0  startup_stm32h743xx.o(.text)
    SPI6_IRQHandler                          0x0800036b   Thumb Code     0  startup_stm32h743xx.o(.text)
    SWPMI1_IRQHandler                        0x0800036b   Thumb Code     0  startup_stm32h743xx.o(.text)
    TAMP_STAMP_IRQHandler                    0x0800036b   Thumb Code     0  startup_stm32h743xx.o(.text)
    TIM15_IRQHandler                         0x0800036b   Thumb Code     0  startup_stm32h743xx.o(.text)
    TIM16_IRQHandler                         0x0800036b   Thumb Code     0  startup_stm32h743xx.o(.text)
    TIM17_IRQHandler                         0x0800036b   Thumb Code     0  startup_stm32h743xx.o(.text)
    TIM1_BRK_IRQHandler                      0x0800036b   Thumb Code     0  startup_stm32h743xx.o(.text)
    TIM1_CC_IRQHandler                       0x0800036b   Thumb Code     0  startup_stm32h743xx.o(.text)
    TIM1_TRG_COM_IRQHandler                  0x0800036b   Thumb Code     0  startup_stm32h743xx.o(.text)
    TIM1_UP_IRQHandler                       0x0800036b   Thumb Code     0  startup_stm32h743xx.o(.text)
    TIM2_IRQHandler                          0x0800036b   Thumb Code     0  startup_stm32h743xx.o(.text)
    TIM3_IRQHandler                          0x0800036b   Thumb Code     0  startup_stm32h743xx.o(.text)
    TIM4_IRQHandler                          0x0800036b   Thumb Code     0  startup_stm32h743xx.o(.text)
    TIM5_IRQHandler                          0x0800036b   Thumb Code     0  startup_stm32h743xx.o(.text)
    TIM6_DAC_IRQHandler                      0x0800036b   Thumb Code     0  startup_stm32h743xx.o(.text)
    TIM7_IRQHandler                          0x0800036b   Thumb Code     0  startup_stm32h743xx.o(.text)
    TIM8_BRK_TIM12_IRQHandler                0x0800036b   Thumb Code     0  startup_stm32h743xx.o(.text)
    TIM8_CC_IRQHandler                       0x0800036b   Thumb Code     0  startup_stm32h743xx.o(.text)
    TIM8_TRG_COM_TIM14_IRQHandler            0x0800036b   Thumb Code     0  startup_stm32h743xx.o(.text)
    TIM8_UP_TIM13_IRQHandler                 0x0800036b   Thumb Code     0  startup_stm32h743xx.o(.text)
    UART7_IRQHandler                         0x0800036b   Thumb Code     0  startup_stm32h743xx.o(.text)
    UART8_IRQHandler                         0x0800036b   Thumb Code     0  startup_stm32h743xx.o(.text)
    USART1_IRQHandler                        0x0800036b   Thumb Code     0  startup_stm32h743xx.o(.text)
    USART2_IRQHandler                        0x0800036b   Thumb Code     0  startup_stm32h743xx.o(.text)
    USART3_IRQHandler                        0x0800036b   Thumb Code     0  startup_stm32h743xx.o(.text)
    USART6_IRQHandler                        0x0800036b   Thumb Code     0  startup_stm32h743xx.o(.text)
    WAKEUP_PIN_IRQHandler                    0x0800036b   Thumb Code     0  startup_stm32h743xx.o(.text)
    WWDG_IRQHandler                          0x0800036b   Thumb Code     0  startup_stm32h743xx.o(.text)
    __user_initial_stackheap                 0x0800036d   Thumb Code     0  startup_stm32h743xx.o(.text)
    __aeabi_uldivmod                         0x08000391   Thumb Code     0  lludivv7m.o(.text)
    _ll_udiv                                 0x08000391   Thumb Code   240  lludivv7m.o(.text)
    __2printf                                0x08000481   Thumb Code    20  noretval__2printf.o(.text)
    __printf                                 0x08000499   Thumb Code   104  __printf.o(.text)
    _printf_int_dec                          0x08000501   Thumb Code   104  _printf_dec.o(.text)
    puts                                     0x08000579   Thumb Code    40  puts.o(.text)
    __aeabi_memclr4                          0x080005a5   Thumb Code     0  rt_memclr_w.o(.text)
    __aeabi_memclr8                          0x080005a5   Thumb Code     0  rt_memclr_w.o(.text)
    __rt_memclr_w                            0x080005a5   Thumb Code    78  rt_memclr_w.o(.text)
    _memset_w                                0x080005a9   Thumb Code     0  rt_memclr_w.o(.text)
    __use_two_region_memory                  0x080005f3   Thumb Code     2  heapauxi.o(.text)
    __rt_heap_escrow                         0x080005f5   Thumb Code     2  heapauxi.o(.text)
    __rt_heap_expand                         0x080005f7   Thumb Code     2  heapauxi.o(.text)
    _printf_int_common                       0x080005f9   Thumb Code   178  _printf_intcommon.o(.text)
    _printf_char_file                        0x080006ad   Thumb Code    32  _printf_char_file.o(.text)
    _printf_char_common                      0x080006db   Thumb Code    32  _printf_char_common.o(.text)
    ferror                                   0x08000701   Thumb Code     8  ferror.o(.text)
    _initio                                  0x08000709   Thumb Code   210  initio.o(.text)
    _terminateio                             0x080007db   Thumb Code    56  initio.o(.text)
    __user_setup_stackheap                   0x08000841   Thumb Code    74  sys_stackheap_outer.o(.text)
    free                                     0x0800088b   Thumb Code    78  h1_free.o(.text)
    setvbuf                                  0x080008d9   Thumb Code    70  setvbuf.o(.text)
    freopen                                  0x08000921   Thumb Code   160  fopen.o(.text)
    fopen                                    0x080009c1   Thumb Code    74  fopen.o(.text)
    _fclose_internal                         0x08000a11   Thumb Code    76  fclose.o(.text)
    fclose                                   0x08000a11   Thumb Code     0  fclose.o(.text)
    exit                                     0x08000a5d   Thumb Code    18  exit.o(.text)
    __rt_SIGRTRED                            0x08000a6f   Thumb Code    14  defsig_rtred_outer.o(.text)
    _sys_open                                0x08000a7d   Thumb Code    20  sys_io.o(.text)
    _sys_close                               0x08000a91   Thumb Code    12  sys_io.o(.text)
    _sys_write                               0x08000a9d   Thumb Code    16  sys_io.o(.text)
    _sys_read                                0x08000aad   Thumb Code    14  sys_io.o(.text)
    _sys_istty                               0x08000abb   Thumb Code    12  sys_io.o(.text)
    _sys_seek                                0x08000ac7   Thumb Code    14  sys_io.o(.text)
    _sys_ensure                              0x08000ad5   Thumb Code     2  sys_io.o(.text)
    _sys_flen                                0x08000ad7   Thumb Code    12  sys_io.o(.text)
    __user_libspace                          0x08000ae5   Thumb Code     8  libspace.o(.text)
    __user_perproc_libspace                  0x08000ae5   Thumb Code     0  libspace.o(.text)
    __user_perthread_libspace                0x08000ae5   Thumb Code     0  libspace.o(.text)
    __rt_heap_descriptor                     0x08000aed   Thumb Code     8  rt_heap_descriptor_intlibspace.o(.text)
    __use_no_heap                            0x08000af5   Thumb Code     2  hguard.o(.text)
    __heap$guard                             0x08000af7   Thumb Code     2  hguard.o(.text)
    _terminate_user_alloc                    0x08000af9   Thumb Code     2  init_alloc.o(.text)
    _init_user_alloc                         0x08000afb   Thumb Code     2  init_alloc.o(.text)
    __Heap_Full                              0x08000afd   Thumb Code    34  init_alloc.o(.text)
    __Heap_Broken                            0x08000b1f   Thumb Code     6  init_alloc.o(.text)
    _init_alloc                              0x08000b25   Thumb Code    94  init_alloc.o(.text)
    malloc                                   0x08000b83   Thumb Code    94  h1_alloc.o(.text)
    _fseek                                   0x08000be1   Thumb Code   242  fseek.o(.text)
    fseek                                    0x08000be1   Thumb Code     0  fseek.o(.text)
    _seterr                                  0x08000cd9   Thumb Code    20  stdio.o(.text)
    _writebuf                                0x08000ced   Thumb Code    84  stdio.o(.text)
    _fflush                                  0x08000d41   Thumb Code    70  stdio.o(.text)
    _deferredlazyseek                        0x08000d87   Thumb Code    60  stdio.o(.text)
    __sig_exit                               0x08000dc9   Thumb Code    10  defsig_exit.o(.text)
    __rt_SIGRTRED_inner                      0x08000dd5   Thumb Code    14  defsig_rtred_inner.o(.text)
    _sys_exit                                0x08000e09   Thumb Code     8  sys_exit.o(.text)
    __I$use$semihosting                      0x08000e15   Thumb Code     0  use_no_semi.o(.text)
    __use_no_semihosting_swi                 0x08000e15   Thumb Code     2  use_no_semi.o(.text)
    __Heap_Initialize                        0x08000e17   Thumb Code    10  h1_init.o(.text)
    __semihosting_library_function           0x08000e17   Thumb Code     0  indicate_semi.o(.text)
    _maybe_terminate_alloc                   0x08000e17   Thumb Code     0  maybetermalloc1.o(.text)
    __Heap_DescSize                          0x08000e21   Thumb Code     4  h1_init.o(.text)
    __Heap_ProvideMemory                     0x08000e25   Thumb Code    52  h1_extend.o(.text)
    _ftell_internal                          0x08000e59   Thumb Code    66  ftell.o(.text)
    ftell                                    0x08000e59   Thumb Code     0  ftell.o(.text)
    __default_signal_display                 0x08000e9b   Thumb Code    50  defsig_general.o(.text)
    __rt_SIGRTMEM                            0x08000ecd   Thumb Code    14  defsig_rtmem_outer.o(.text)
    strlen                                   0x08000edb   Thumb Code    62  strlen.o(.text)
    _ttywrch                                 0x08000f19   Thumb Code    14  sys_wrch.o(.text)
    __aeabi_errno_addr                       0x08000f29   Thumb Code     8  rt_errno_addr_intlibspace.o(.text)
    __errno$intlibspace                      0x08000f29   Thumb Code     0  rt_errno_addr_intlibspace.o(.text)
    __rt_errno_addr$intlibspace              0x08000f29   Thumb Code     0  rt_errno_addr_intlibspace.o(.text)
    __rt_SIGRTMEM_inner                      0x08000f31   Thumb Code    22  defsig_rtmem_inner.o(.text)
    BusFault_Handler                         0x08000f81   Thumb Code     2  stm32h7xx_it.o(.text.BusFault_Handler)
    Char2Short                               0x08000f89   Thumb Code     6  gyro.o(.text.Char2Short)
    DMA1_Stream0_IRQHandler                  0x08000f91   Thumb Code    16  stm32h7xx_it.o(.text.DMA1_Stream0_IRQHandler)
    DMA1_Stream1_IRQHandler                  0x08000fa1   Thumb Code    16  stm32h7xx_it.o(.text.DMA1_Stream1_IRQHandler)
    DebugMon_Handler                         0x080015b1   Thumb Code     2  stm32h7xx_it.o(.text.DebugMon_Handler)
    Error_Handler                            0x080015b9   Thumb Code    10  main.o(.text.Error_Handler)
    GetGraySensorFifteenValue                0x080015c9   Thumb Code    10  graysensor.o(.text.GetGraySensorFifteenValue)
    GraySensorConfigTest                     0x080015d9   Thumb Code    88  graysensor.o(.text.GraySensorConfigTest)
    GraySensorFifteenAnalogValueGet          0x08001631   Thumb Code    88  graysensor.o(.text.GraySensorFifteenAnalogValueGet)
    GraySensorInit                           0x08001689   Thumb Code     8  graysensor.o(.text.GraySensorInit)
    GraySensorManualConfigLight              0x08001691   Thumb Code    98  graysensor.o(.text.GraySensorManualConfigLight)
    GyroCheckSumJudge                        0x080016f9   Thumb Code    42  gyro.o(.text.GyroCheckSumJudge)
    GyroEulerAnglesProcess                   0x08001729   Thumb Code    48  gyro.o(.text.GyroEulerAnglesProcess)
    GyroGetAllAngles                         0x08001759   Thumb Code    66  gyro.o(.text.GyroGetAllAngles)
    HAL_DMA_Abort                            0x080017a1   Thumb Code  1472  stm32h7xx_hal_dma.o(.text.HAL_DMA_Abort)
    HAL_DMA_Abort_IT                         0x08001d61   Thumb Code   678  stm32h7xx_hal_dma.o(.text.HAL_DMA_Abort_IT)
    HAL_DMA_IRQHandler                       0x08002009   Thumb Code  2952  stm32h7xx_hal_dma.o(.text.HAL_DMA_IRQHandler)
    HAL_DMA_Init                             0x08002b91   Thumb Code  1358  stm32h7xx_hal_dma.o(.text.HAL_DMA_Init)
    HAL_DMA_Start_IT                         0x080030e1   Thumb Code  1110  stm32h7xx_hal_dma.o(.text.HAL_DMA_Start_IT)
    HAL_Delay                                0x08003539   Thumb Code    40  stm32h7xx_hal.o(.text.HAL_Delay)
    HAL_GPIO_Init                            0x08003561   Thumb Code   422  stm32h7xx_hal_gpio.o(.text.HAL_GPIO_Init)
    HAL_GPIO_WritePin                        0x08003709   Thumb Code    10  stm32h7xx_hal_gpio.o(.text.HAL_GPIO_WritePin)
    HAL_GetREVID                             0x08003719   Thumb Code    14  stm32h7xx_hal.o(.text.HAL_GetREVID)
    HAL_GetTick                              0x08003729   Thumb Code    12  stm32h7xx_hal.o(.text.HAL_GetTick)
    HAL_I2CEx_ConfigAnalogFilter             0x08003739   Thumb Code    64  stm32h7xx_hal_i2c_ex.o(.text.HAL_I2CEx_ConfigAnalogFilter)
    HAL_I2CEx_ConfigDigitalFilter            0x08003779   Thumb Code    62  stm32h7xx_hal_i2c_ex.o(.text.HAL_I2CEx_ConfigDigitalFilter)
    HAL_I2C_Init                             0x080037b9   Thumb Code   152  stm32h7xx_hal_i2c.o(.text.HAL_I2C_Init)
    HAL_I2C_MspInit                          0x08003851   Thumb Code   140  i2c.o(.text.HAL_I2C_MspInit)
    HAL_IncTick                              0x080038e1   Thumb Code    26  stm32h7xx_hal.o(.text.HAL_IncTick)
    HAL_Init                                 0x08003901   Thumb Code   100  stm32h7xx_hal.o(.text.HAL_Init)
    HAL_InitTick                             0x08003969   Thumb Code    84  stm32h7xx_hal.o(.text.HAL_InitTick)
    HAL_MspInit                              0x080039c1   Thumb Code    40  stm32h7xx_hal_msp.o(.text.HAL_MspInit)
    HAL_NVIC_EnableIRQ                       0x080039e9   Thumb Code     8  stm32h7xx_hal_cortex.o(.text.HAL_NVIC_EnableIRQ)
    HAL_NVIC_SetPriority                     0x080039f1   Thumb Code    30  stm32h7xx_hal_cortex.o(.text.HAL_NVIC_SetPriority)
    HAL_NVIC_SetPriorityGrouping             0x08003a11   Thumb Code     8  stm32h7xx_hal_cortex.o(.text.HAL_NVIC_SetPriorityGrouping)
    HAL_PWREx_ConfigSupply                   0x08003a19   Thumb Code    72  stm32h7xx_hal_pwr_ex.o(.text.HAL_PWREx_ConfigSupply)
    HAL_RCCEx_GetD3PCLK1Freq                 0x08003a61   Thumb Code    38  stm32h7xx_hal_rcc_ex.o(.text.HAL_RCCEx_GetD3PCLK1Freq)
    HAL_RCCEx_GetPLL2ClockFreq               0x08003a89   Thumb Code   292  stm32h7xx_hal_rcc_ex.o(.text.HAL_RCCEx_GetPLL2ClockFreq)
    HAL_RCCEx_GetPLL3ClockFreq               0x08003bb1   Thumb Code   292  stm32h7xx_hal_rcc_ex.o(.text.HAL_RCCEx_GetPLL3ClockFreq)
    HAL_RCCEx_PeriphCLKConfig                0x08003cd9   Thumb Code  2252  stm32h7xx_hal_rcc_ex.o(.text.HAL_RCCEx_PeriphCLKConfig)
    HAL_RCC_CSSCallback                      0x080045a9   Thumb Code     2  stm32h7xx_hal_rcc.o(.text.HAL_RCC_CSSCallback)
    HAL_RCC_ClockConfig                      0x080045b1   Thumb Code   596  stm32h7xx_hal_rcc.o(.text.HAL_RCC_ClockConfig)
    HAL_RCC_EnableCSS                        0x08004809   Thumb Code    18  stm32h7xx_hal_rcc.o(.text.HAL_RCC_EnableCSS)
    HAL_RCC_GetHCLKFreq                      0x08004821   Thumb Code    76  stm32h7xx_hal_rcc.o(.text.HAL_RCC_GetHCLKFreq)
    HAL_RCC_GetPCLK1Freq                     0x08004871   Thumb Code    38  stm32h7xx_hal_rcc.o(.text.HAL_RCC_GetPCLK1Freq)
    HAL_RCC_GetPCLK2Freq                     0x08004899   Thumb Code    38  stm32h7xx_hal_rcc.o(.text.HAL_RCC_GetPCLK2Freq)
    HAL_RCC_GetSysClockFreq                  0x080048c1   Thumb Code   264  stm32h7xx_hal_rcc.o(.text.HAL_RCC_GetSysClockFreq)
    HAL_RCC_NMI_IRQHandler                   0x080049c9   Thumb Code    30  stm32h7xx_hal_rcc.o(.text.HAL_RCC_NMI_IRQHandler)
    HAL_RCC_OscConfig                        0x080049e9   Thumb Code  1520  stm32h7xx_hal_rcc.o(.text.HAL_RCC_OscConfig)
    HAL_SYSTICK_Config                       0x08004fd9   Thumb Code     8  stm32h7xx_hal_cortex.o(.text.HAL_SYSTICK_Config)
    HAL_UARTEx_DisableFifoMode               0x08004fe1   Thumb Code    54  stm32h7xx_hal_uart_ex.o(.text.HAL_UARTEx_DisableFifoMode)
    HAL_UARTEx_RxEventCallback               0x08005019   Thumb Code     2  stm32h7xx_hal_uart.o(.text.HAL_UARTEx_RxEventCallback)
    HAL_UARTEx_RxFifoFullCallback            0x08005021   Thumb Code     2  stm32h7xx_hal_uart_ex.o(.text.HAL_UARTEx_RxFifoFullCallback)
    HAL_UARTEx_SetRxFifoThreshold            0x08005029   Thumb Code    74  stm32h7xx_hal_uart_ex.o(.text.HAL_UARTEx_SetRxFifoThreshold)
    HAL_UARTEx_SetTxFifoThreshold            0x08005079   Thumb Code    74  stm32h7xx_hal_uart_ex.o(.text.HAL_UARTEx_SetTxFifoThreshold)
    HAL_UARTEx_TxFifoEmptyCallback           0x080050c9   Thumb Code     2  stm32h7xx_hal_uart_ex.o(.text.HAL_UARTEx_TxFifoEmptyCallback)
    HAL_UARTEx_WakeupCallback                0x080050d1   Thumb Code     2  stm32h7xx_hal_uart_ex.o(.text.HAL_UARTEx_WakeupCallback)
    HAL_UART_ErrorCallback                   0x080050d9   Thumb Code     2  stm32h7xx_hal_uart.o(.text.HAL_UART_ErrorCallback)
    HAL_UART_GetState                        0x080050e1   Thumb Code    12  stm32h7xx_hal_uart.o(.text.HAL_UART_GetState)
    HAL_UART_IRQHandler                      0x080050f1   Thumb Code   866  stm32h7xx_hal_uart.o(.text.HAL_UART_IRQHandler)
    HAL_UART_Init                            0x08005459   Thumb Code    98  stm32h7xx_hal_uart.o(.text.HAL_UART_Init)
    HAL_UART_MspInit                         0x080054c1   Thumb Code   624  usart.o(.text.HAL_UART_MspInit)
    HAL_UART_Receive_DMA                     0x08005731   Thumb Code    92  stm32h7xx_hal_uart.o(.text.HAL_UART_Receive_DMA)
    HAL_UART_Receive_IT                      0x08005791   Thumb Code    92  stm32h7xx_hal_uart.o(.text.HAL_UART_Receive_IT)
    HAL_UART_RxCpltCallback                  0x080057f1   Thumb Code   108  callbackaction.o(.text.HAL_UART_RxCpltCallback)
    HAL_UART_RxHalfCpltCallback              0x08005861   Thumb Code     2  stm32h7xx_hal_uart.o(.text.HAL_UART_RxHalfCpltCallback)
    HAL_UART_Transmit                        0x08005869   Thumb Code   218  stm32h7xx_hal_uart.o(.text.HAL_UART_Transmit)
    HAL_UART_Transmit_DMA                    0x08005949   Thumb Code   154  stm32h7xx_hal_uart.o(.text.HAL_UART_Transmit_DMA)
    HAL_UART_TxCpltCallback                  0x080059e9   Thumb Code     2  stm32h7xx_hal_uart.o(.text.HAL_UART_TxCpltCallback)
    HAL_UART_TxHalfCpltCallback              0x080059f1   Thumb Code     2  stm32h7xx_hal_uart.o(.text.HAL_UART_TxHalfCpltCallback)
    HardFault_Handler                        0x080059f9   Thumb Code     2  stm32h7xx_it.o(.text.HardFault_Handler)
    MX_DMA_Init                              0x08005a01   Thumb Code    66  dma.o(.text.MX_DMA_Init)
    MX_GPIO_Init                             0x08005a49   Thumb Code   196  gpio.o(.text.MX_GPIO_Init)
    MX_I2C4_Init                             0x08005b11   Thumb Code   104  i2c.o(.text.MX_I2C4_Init)
    MX_UART4_Init                            0x08005b79   Thumb Code   122  usart.o(.text.MX_UART4_Init)
    MX_UART5_Init                            0x08005bf9   Thumb Code   122  usart.o(.text.MX_UART5_Init)
    MX_UART7_Init                            0x08005c79   Thumb Code   122  usart.o(.text.MX_UART7_Init)
    MX_UART8_Init                            0x08005cf9   Thumb Code   122  usart.o(.text.MX_UART8_Init)
    MemManage_Handler                        0x08005d79   Thumb Code     2  stm32h7xx_it.o(.text.MemManage_Handler)
    NMI_Handler                              0x08005d81   Thumb Code     6  stm32h7xx_it.o(.text.NMI_Handler)
    PendSV_Handler                           0x08005db9   Thumb Code     2  stm32h7xx_it.o(.text.PendSV_Handler)
    SVC_Handler                              0x08006001   Thumb Code     2  stm32h7xx_it.o(.text.SVC_Handler)
    SysTick_Handler                          0x08006039   Thumb Code     8  stm32h7xx_it.o(.text.SysTick_Handler)
    SystemClock_Config                       0x08006041   Thumb Code   190  main.o(.text.SystemClock_Config)
    SystemInit                               0x08006101   Thumb Code   218  system_stm32h7xx.o(.text.SystemInit)
    UART4_IRQHandler                         0x080061e1   Thumb Code    16  stm32h7xx_it.o(.text.UART4_IRQHandler)
    UART5_IRQHandler                         0x080061f1   Thumb Code    16  stm32h7xx_it.o(.text.UART5_IRQHandler)
    UART_AdvFeatureConfig                    0x08006259   Thumb Code   224  stm32h7xx_hal_uart.o(.text.UART_AdvFeatureConfig)
    UART_CheckIdleState                      0x08006339   Thumb Code   106  stm32h7xx_hal_uart.o(.text.UART_CheckIdleState)
    UART_SetConfig                           0x080068f9   Thumb Code  1392  stm32h7xx_hal_uart.o(.text.UART_SetConfig)
    UART_Start_Receive_DMA                   0x08006e69   Thumb Code   128  stm32h7xx_hal_uart.o(.text.UART_Start_Receive_DMA)
    UART_Start_Receive_IT                    0x08006ee9   Thumb Code   224  stm32h7xx_hal_uart.o(.text.UART_Start_Receive_IT)
    UART_WaitOnFlagUntilTimeout              0x08006fc9   Thumb Code   184  stm32h7xx_hal_uart.o(.text.UART_WaitOnFlagUntilTimeout)
    UsageFault_Handler                       0x08007081   Thumb Code     2  stm32h7xx_it.o(.text.UsageFault_Handler)
    UserInit                                 0x08007089   Thumb Code     8  usermain.o(.text.UserInit)
    UserLoop                                 0x08007091   Thumb Code    64  usermain.o(.text.UserLoop)
    fputc                                    0x08007149   Thumb Code    32  miscellaneous.o(.text.fputc)
    main                                     0x08007169   Thumb Code   186  main.o(.text.main)
    _fp_init                                 0x08007223   Thumb Code    26  fpinit.o(x$fpl$fpinit)
    __fplib_config_fpu_vfp                   0x0800723b   Thumb Code     0  fpinit.o(x$fpl$fpinit)
    __fplib_config_pureend_doubles           0x0800723b   Thumb Code     0  fpinit.o(x$fpl$fpinit)
    __stdin_name                             0x0800723c   Data           4  sys_io_names.o(.constdata)
    __stdout_name                            0x08007240   Data           4  sys_io_names.o(.constdata)
    __stderr_name                            0x08007244   Data           4  sys_io_names.o(.constdata)
    D1CorePrescTable                         0x08007248   Data          16  system_stm32h7xx.o(.rodata.D1CorePrescTable)
    UARTPrescTable                           0x08007258   Data          24  stm32h7xx_hal_uart.o(.rodata.UARTPrescTable)
    Region$$Table$$Base                      0x08007280   Number         0  anon$$obj.o(Region$$Table)
    Region$$Table$$Limit                     0x080072a0   Number         0  anon$$obj.o(Region$$Table)
    __aeabi_stdin                            0x24000000   Data           4  stdio_streams.o(.data)
    __aeabi_stdout                           0x24000004   Data           4  stdio_streams.o(.data)
    __aeabi_stderr                           0x24000008   Data           4  stdio_streams.o(.data)
    SystemCoreClock                          0x24000010   Data           4  system_stm32h7xx.o(.data.SystemCoreClock)
    SystemD2Clock                            0x24000014   Data           4  system_stm32h7xx.o(.data.SystemD2Clock)
    uwTickFreq                               0x24000018   Data           4  stm32h7xx_hal.o(.data.uwTickFreq)
    uwTickPrio                               0x2400001c   Data           4  stm32h7xx_hal.o(.data.uwTickPrio)
    __stdin                                  0x24000020   Data          84  stdio_streams.o(.bss)
    __stdout                                 0x24000074   Data          84  stdio_streams.o(.bss)
    __stderr                                 0x240000c8   Data          84  stdio_streams.o(.bss)
    __libspace_start                         0x2400011c   Data          96  libspace.o(.bss)
    GraySensorConfigConfirm                  0x2400017c   Data           2  graysensor.o(.bss.GraySensorConfigConfirm)
    __temporary_stack_top$libspace           0x2400017c   Data           0  libspace.o(.bss)
    GraySensorInstructionNum                 0x2400017e   Data           1  graysensor.o(.bss.GraySensorInstructionNum)
    GraySensorReceiveBuffer                  0x2400017f   Data          18  graysensor.o(.bss.GraySensorReceiveBuffer)
    GyroOpenFlag                             0x24000191   Data           1  gyro.o(.bss.GyroOpenFlag)
    GyroReceiveBuffer                        0x24000192   Data          11  gyro.o(.bss.GyroReceiveBuffer)
    GyroReceiveNum                           0x2400019d   Data           1  gyro.o(.bss.GyroReceiveNum)
    hdma_uart4_rx                            0x240001b8   Data         124  usart.o(.bss.hdma_uart4_rx)
    hdma_uart4_tx                            0x24000234   Data         124  usart.o(.bss.hdma_uart4_tx)
    hi2c4                                    0x240002b0   Data          84  i2c.o(.bss.hi2c4)
    huart4                                   0x24000304   Data         144  usart.o(.bss.huart4)
    huart5                                   0x24000394   Data         144  usart.o(.bss.huart5)
    huart7                                   0x24000424   Data         144  usart.o(.bss.huart7)
    huart8                                   0x240004b4   Data         144  usart.o(.bss.huart8)
    uwTick                                   0x24000544   Data           4  stm32h7xx_hal.o(.bss.uwTick)



==============================================================================

Memory Map of the image

  Image Entry point : 0x08000299

  Load Region LR_IROM1 (Base: 0x08000000, Size: 0x000072c0, Max: 0x00200000, ABSOLUTE)

    Execution Region ER_IROM1 (Exec base: 0x08000000, Load base: 0x08000000, Size: 0x000072a0, Max: 0x00200000, ABSOLUTE)

    Exec Addr    Load Addr    Size         Type   Attr      Idx    E Section Name        Object

    0x08000000   0x08000000   0x00000298   Data   RO            3    RESET               startup_stm32h743xx.o
    0x08000298   0x08000298   0x00000008   Code   RO         1424  * !!!main             c_wu.l(__main.o)
    0x080002a0   0x080002a0   0x00000034   Code   RO         1761    !!!scatter          c_wu.l(__scatter.o)
    0x080002d4   0x080002d4   0x0000001a   Code   RO         1763    !!handler_copy      c_wu.l(__scatter_copy.o)
    0x080002ee   0x080002ee   0x00000002   PAD
    0x080002f0   0x080002f0   0x0000001c   Code   RO         1765    !!handler_zi        c_wu.l(__scatter_zi.o)
    0x0800030c   0x0800030c   0x00000000   Code   RO         1417    .ARM.Collect$$_printf_percent$$00000000  c_wu.l(_printf_percent.o)
    0x0800030c   0x0800030c   0x00000006   Code   RO         1416    .ARM.Collect$$_printf_percent$$00000009  c_wu.l(_printf_d.o)
    0x08000312   0x08000312   0x00000004   Code   RO         1435    .ARM.Collect$$_printf_percent$$00000017  c_wu.l(_printf_percent_end.o)
    0x08000316   0x08000316   0x00000002   Code   RO         1560    .ARM.Collect$$libinit$$00000000  c_wu.l(libinit.o)
    0x08000318   0x08000318   0x00000004   Code   RO         1561    .ARM.Collect$$libinit$$00000001  c_wu.l(libinit2.o)
    0x0800031c   0x0800031c   0x00000000   Code   RO         1564    .ARM.Collect$$libinit$$00000004  c_wu.l(libinit2.o)
    0x0800031c   0x0800031c   0x00000008   Code   RO         1565    .ARM.Collect$$libinit$$00000005  c_wu.l(libinit2.o)
    0x08000324   0x08000324   0x00000000   Code   RO         1567    .ARM.Collect$$libinit$$0000000A  c_wu.l(libinit2.o)
    0x08000324   0x08000324   0x00000000   Code   RO         1569    .ARM.Collect$$libinit$$0000000C  c_wu.l(libinit2.o)
    0x08000324   0x08000324   0x00000000   Code   RO         1571    .ARM.Collect$$libinit$$0000000E  c_wu.l(libinit2.o)
    0x08000324   0x08000324   0x00000000   Code   RO         1574    .ARM.Collect$$libinit$$00000011  c_wu.l(libinit2.o)
    0x08000324   0x08000324   0x00000000   Code   RO         1576    .ARM.Collect$$libinit$$00000013  c_wu.l(libinit2.o)
    0x08000324   0x08000324   0x00000000   Code   RO         1578    .ARM.Collect$$libinit$$00000015  c_wu.l(libinit2.o)
    0x08000324   0x08000324   0x00000000   Code   RO         1580    .ARM.Collect$$libinit$$00000017  c_wu.l(libinit2.o)
    0x08000324   0x08000324   0x00000000   Code   RO         1582    .ARM.Collect$$libinit$$00000019  c_wu.l(libinit2.o)
    0x08000324   0x08000324   0x00000000   Code   RO         1584    .ARM.Collect$$libinit$$0000001B  c_wu.l(libinit2.o)
    0x08000324   0x08000324   0x00000000   Code   RO         1586    .ARM.Collect$$libinit$$0000001D  c_wu.l(libinit2.o)
    0x08000324   0x08000324   0x00000000   Code   RO         1588    .ARM.Collect$$libinit$$0000001F  c_wu.l(libinit2.o)
    0x08000324   0x08000324   0x00000000   Code   RO         1590    .ARM.Collect$$libinit$$00000021  c_wu.l(libinit2.o)
    0x08000324   0x08000324   0x00000000   Code   RO         1592    .ARM.Collect$$libinit$$00000023  c_wu.l(libinit2.o)
    0x08000324   0x08000324   0x00000004   Code   RO         1593    .ARM.Collect$$libinit$$00000024  c_wu.l(libinit2.o)
    0x08000328   0x08000328   0x00000000   Code   RO         1594    .ARM.Collect$$libinit$$00000025  c_wu.l(libinit2.o)
    0x08000328   0x08000328   0x00000000   Code   RO         1598    .ARM.Collect$$libinit$$0000002C  c_wu.l(libinit2.o)
    0x08000328   0x08000328   0x00000000   Code   RO         1600    .ARM.Collect$$libinit$$0000002E  c_wu.l(libinit2.o)
    0x08000328   0x08000328   0x00000000   Code   RO         1602    .ARM.Collect$$libinit$$00000030  c_wu.l(libinit2.o)
    0x08000328   0x08000328   0x00000000   Code   RO         1604    .ARM.Collect$$libinit$$00000032  c_wu.l(libinit2.o)
    0x08000328   0x08000328   0x00000002   Code   RO         1605    .ARM.Collect$$libinit$$00000033  c_wu.l(libinit2.o)
    0x0800032a   0x0800032a   0x00000002   Code   RO         1742    .ARM.Collect$$libshutdown$$00000000  c_wu.l(libshutdown.o)
    0x0800032c   0x0800032c   0x00000000   Code   RO         1607    .ARM.Collect$$libshutdown$$00000002  c_wu.l(libshutdown2.o)
    0x0800032c   0x0800032c   0x00000004   Code   RO         1608    .ARM.Collect$$libshutdown$$00000003  c_wu.l(libshutdown2.o)
    0x08000330   0x08000330   0x00000000   Code   RO         1609    .ARM.Collect$$libshutdown$$00000004  c_wu.l(libshutdown2.o)
    0x08000330   0x08000330   0x00000000   Code   RO         1612    .ARM.Collect$$libshutdown$$00000007  c_wu.l(libshutdown2.o)
    0x08000330   0x08000330   0x00000000   Code   RO         1615    .ARM.Collect$$libshutdown$$0000000A  c_wu.l(libshutdown2.o)
    0x08000330   0x08000330   0x00000000   Code   RO         1617    .ARM.Collect$$libshutdown$$0000000C  c_wu.l(libshutdown2.o)
    0x08000330   0x08000330   0x00000000   Code   RO         1620    .ARM.Collect$$libshutdown$$0000000F  c_wu.l(libshutdown2.o)
    0x08000330   0x08000330   0x00000002   Code   RO         1621    .ARM.Collect$$libshutdown$$00000010  c_wu.l(libshutdown2.o)
    0x08000332   0x08000332   0x00000000   Code   RO         1426    .ARM.Collect$$rtentry$$00000000  c_wu.l(__rtentry.o)
    0x08000332   0x08000332   0x00000000   Code   RO         1443    .ARM.Collect$$rtentry$$00000002  c_wu.l(__rtentry2.o)
    0x08000332   0x08000332   0x00000006   Code   RO         1455    .ARM.Collect$$rtentry$$00000004  c_wu.l(__rtentry4.o)
    0x08000338   0x08000338   0x00000000   Code   RO         1445    .ARM.Collect$$rtentry$$00000009  c_wu.l(__rtentry2.o)
    0x08000338   0x08000338   0x00000004   Code   RO         1446    .ARM.Collect$$rtentry$$0000000A  c_wu.l(__rtentry2.o)
    0x0800033c   0x0800033c   0x00000000   Code   RO         1448    .ARM.Collect$$rtentry$$0000000C  c_wu.l(__rtentry2.o)
    0x0800033c   0x0800033c   0x00000008   Code   RO         1449    .ARM.Collect$$rtentry$$0000000D  c_wu.l(__rtentry2.o)
    0x08000344   0x08000344   0x00000002   Code   RO         1629    .ARM.Collect$$rtexit$$00000000  c_wu.l(rtexit.o)
    0x08000346   0x08000346   0x00000000   Code   RO         1682    .ARM.Collect$$rtexit$$00000002  c_wu.l(rtexit2.o)
    0x08000346   0x08000346   0x00000004   Code   RO         1683    .ARM.Collect$$rtexit$$00000003  c_wu.l(rtexit2.o)
    0x0800034a   0x0800034a   0x00000006   Code   RO         1684    .ARM.Collect$$rtexit$$00000004  c_wu.l(rtexit2.o)
    0x08000350   0x08000350   0x00000040   Code   RO            4    .text               startup_stm32h743xx.o
    0x08000390   0x08000390   0x000000f0   Code   RO         1386    .text               c_wu.l(lludivv7m.o)
    0x08000480   0x08000480   0x00000018   Code   RO         1390    .text               c_wu.l(noretval__2printf.o)
    0x08000498   0x08000498   0x00000068   Code   RO         1392    .text               c_wu.l(__printf.o)
    0x08000500   0x08000500   0x00000078   Code   RO         1394    .text               c_wu.l(_printf_dec.o)
    0x08000578   0x08000578   0x0000002c   Code   RO         1418    .text               c_wu.l(puts.o)
    0x080005a4   0x080005a4   0x0000004e   Code   RO         1420    .text               c_wu.l(rt_memclr_w.o)
    0x080005f2   0x080005f2   0x00000006   Code   RO         1422    .text               c_wu.l(heapauxi.o)
    0x080005f8   0x080005f8   0x000000b2   Code   RO         1431    .text               c_wu.l(_printf_intcommon.o)
    0x080006aa   0x080006aa   0x00000002   PAD
    0x080006ac   0x080006ac   0x00000024   Code   RO         1433    .text               c_wu.l(_printf_char_file.o)
    0x080006d0   0x080006d0   0x00000030   Code   RO         1459    .text               c_wu.l(_printf_char_common.o)
    0x08000700   0x08000700   0x00000008   Code   RO         1461    .text               c_wu.l(ferror.o)
    0x08000708   0x08000708   0x00000138   Code   RO         1463    .text               c_wu.l(initio.o)
    0x08000840   0x08000840   0x0000004a   Code   RO         1474    .text               c_wu.l(sys_stackheap_outer.o)
    0x0800088a   0x0800088a   0x0000004e   Code   RO         1478    .text               c_wu.l(h1_free.o)
    0x080008d8   0x080008d8   0x00000046   Code   RO         1534    .text               c_wu.l(setvbuf.o)
    0x0800091e   0x0800091e   0x00000002   PAD
    0x08000920   0x08000920   0x000000f0   Code   RO         1537    .text               c_wu.l(fopen.o)
    0x08000a10   0x08000a10   0x0000004c   Code   RO         1539    .text               c_wu.l(fclose.o)
    0x08000a5c   0x08000a5c   0x00000012   Code   RO         1545    .text               c_wu.l(exit.o)
    0x08000a6e   0x08000a6e   0x0000000e   Code   RO         1551    .text               c_wu.l(defsig_rtred_outer.o)
    0x08000a7c   0x08000a7c   0x00000066   Code   RO         1622    .text               c_wu.l(sys_io.o)
    0x08000ae2   0x08000ae2   0x00000002   PAD
    0x08000ae4   0x08000ae4   0x00000008   Code   RO         1626    .text               c_wu.l(libspace.o)
    0x08000aec   0x08000aec   0x00000008   Code   RO         1636    .text               c_wu.l(rt_heap_descriptor_intlibspace.o)
    0x08000af4   0x08000af4   0x00000004   Code   RO         1638    .text               c_wu.l(hguard.o)
    0x08000af8   0x08000af8   0x0000008a   Code   RO         1640    .text               c_wu.l(init_alloc.o)
    0x08000b82   0x08000b82   0x0000005e   Code   RO         1646    .text               c_wu.l(h1_alloc.o)
    0x08000be0   0x08000be0   0x000000f8   Code   RO         1658    .text               c_wu.l(fseek.o)
    0x08000cd8   0x08000cd8   0x000000f0   Code   RO         1660    .text               c_wu.l(stdio.o)
    0x08000dc8   0x08000dc8   0x0000000a   Code   RO         1662    .text               c_wu.l(defsig_exit.o)
    0x08000dd2   0x08000dd2   0x00000002   PAD
    0x08000dd4   0x08000dd4   0x00000034   Code   RO         1666    .text               c_wu.l(defsig_rtred_inner.o)
    0x08000e08   0x08000e08   0x0000000c   Code   RO         1674    .text               c_wu.l(sys_exit.o)
    0x08000e14   0x08000e14   0x00000002   Code   RO         1678    .text               c_wu.l(use_no_semi.o)
    0x08000e16   0x08000e16   0x00000000   Code   RO         1680    .text               c_wu.l(indicate_semi.o)
    0x08000e16   0x08000e16   0x00000000   Code   RO         1688    .text               c_wu.l(maybetermalloc1.o)
    0x08000e16   0x08000e16   0x0000000e   Code   RO         1690    .text               c_wu.l(h1_init.o)
    0x08000e24   0x08000e24   0x00000034   Code   RO         1692    .text               c_wu.l(h1_extend.o)
    0x08000e58   0x08000e58   0x00000042   Code   RO         1698    .text               c_wu.l(ftell.o)
    0x08000e9a   0x08000e9a   0x00000032   Code   RO         1702    .text               c_wu.l(defsig_general.o)
    0x08000ecc   0x08000ecc   0x0000000e   Code   RO         1704    .text               c_wu.l(defsig_rtmem_outer.o)
    0x08000eda   0x08000eda   0x0000003e   Code   RO         1708    .text               c_wu.l(strlen.o)
    0x08000f18   0x08000f18   0x0000000e   Code   RO         1719    .text               c_wu.l(sys_wrch.o)
    0x08000f26   0x08000f26   0x00000002   PAD
    0x08000f28   0x08000f28   0x00000008   Code   RO         1730    .text               c_wu.l(rt_errno_addr_intlibspace.o)
    0x08000f30   0x08000f30   0x00000050   Code   RO         1736    .text               c_wu.l(defsig_rtmem_inner.o)
    0x08000f80   0x08000f80   0x00000002   Code   RO           91    .text.BusFault_Handler  stm32h7xx_it.o
    0x08000f82   0x08000f82   0x00000006   PAD
    0x08000f88   0x08000f88   0x00000006   Code   RO         1298    .text.Char2Short    gyro.o
    0x08000f8e   0x08000f8e   0x00000002   PAD
    0x08000f90   0x08000f90   0x00000010   Code   RO          103    .text.DMA1_Stream0_IRQHandler  stm32h7xx_it.o
    0x08000fa0   0x08000fa0   0x00000010   Code   RO          105    .text.DMA1_Stream1_IRQHandler  stm32h7xx_it.o
    0x08000fb0   0x08000fb0   0x0000011c   Code   RO          529    .text.DMA_CalcBaseAndBitshift  stm32h7xx_hal_dma.o
    0x080010cc   0x080010cc   0x00000004   PAD
    0x080010d0   0x080010d0   0x000000ec   Code   RO          531    .text.DMA_CalcDMAMUXChannelBaseAndMask  stm32h7xx_hal_dma.o
    0x080011bc   0x080011bc   0x00000004   PAD
    0x080011c0   0x080011c0   0x000000ae   Code   RO          533    .text.DMA_CalcDMAMUXRequestGenBaseAndMask  stm32h7xx_hal_dma.o
    0x0800126e   0x0800126e   0x00000002   PAD
    0x08001270   0x08001270   0x00000050   Code   RO          527    .text.DMA_CheckFifoParam  stm32h7xx_hal_dma.o
    0x080012c0   0x080012c0   0x000002ee   Code   RO          539    .text.DMA_SetConfig  stm32h7xx_hal_dma.o
    0x080015ae   0x080015ae   0x00000002   PAD
    0x080015b0   0x080015b0   0x00000002   Code   RO           97    .text.DebugMon_Handler  stm32h7xx_it.o
    0x080015b2   0x080015b2   0x00000006   PAD
    0x080015b8   0x080015b8   0x0000000a   Code   RO           15    .text.Error_Handler  main.o
    0x080015c2   0x080015c2   0x00000006   PAD
    0x080015c8   0x080015c8   0x0000000a   Code   RO         1363    .text.GetGraySensorFifteenValue  graysensor.o
    0x080015d2   0x080015d2   0x00000006   PAD
    0x080015d8   0x080015d8   0x00000058   Code   RO         1337    .text.GraySensorConfigTest  graysensor.o
    0x08001630   0x08001630   0x00000058   Code   RO         1355    .text.GraySensorFifteenAnalogValueGet  graysensor.o
    0x08001688   0x08001688   0x00000008   Code   RO         1359    .text.GraySensorInit  graysensor.o
    0x08001690   0x08001690   0x00000062   Code   RO         1343    .text.GraySensorManualConfigLight  graysensor.o
    0x080016f2   0x080016f2   0x00000006   PAD
    0x080016f8   0x080016f8   0x0000002a   Code   RO         1300    .text.GyroCheckSumJudge  gyro.o
    0x08001722   0x08001722   0x00000006   PAD
    0x08001728   0x08001728   0x00000030   Code   RO         1302    .text.GyroEulerAnglesProcess  gyro.o
    0x08001758   0x08001758   0x00000042   Code   RO         1310    .text.GyroGetAllAngles  gyro.o
    0x0800179a   0x0800179a   0x00000006   PAD
    0x080017a0   0x080017a0   0x000005c0   Code   RO          543    .text.HAL_DMA_Abort  stm32h7xx_hal_dma.o
    0x08001d60   0x08001d60   0x000002a6   Code   RO          545    .text.HAL_DMA_Abort_IT  stm32h7xx_hal_dma.o
    0x08002006   0x08002006   0x00000002   PAD
    0x08002008   0x08002008   0x00000b88   Code   RO          549    .text.HAL_DMA_IRQHandler  stm32h7xx_hal_dma.o
    0x08002b90   0x08002b90   0x0000054e   Code   RO          525    .text.HAL_DMA_Init  stm32h7xx_hal_dma.o
    0x080030de   0x080030de   0x00000002   PAD
    0x080030e0   0x080030e0   0x00000456   Code   RO          541    .text.HAL_DMA_Start_IT  stm32h7xx_hal_dma.o
    0x08003536   0x08003536   0x00000002   PAD
    0x08003538   0x08003538   0x00000028   Code   RO          793    .text.HAL_Delay     stm32h7xx_hal.o
    0x08003560   0x08003560   0x000001a6   Code   RO          471    .text.HAL_GPIO_Init  stm32h7xx_hal_gpio.o
    0x08003706   0x08003706   0x00000002   PAD
    0x08003708   0x08003708   0x0000000a   Code   RO          477    .text.HAL_GPIO_WritePin  stm32h7xx_hal_gpio.o
    0x08003712   0x08003712   0x00000006   PAD
    0x08003718   0x08003718   0x0000000e   Code   RO          801    .text.HAL_GetREVID  stm32h7xx_hal.o
    0x08003726   0x08003726   0x00000002   PAD
    0x08003728   0x08003728   0x0000000c   Code   RO          785    .text.HAL_GetTick   stm32h7xx_hal.o
    0x08003734   0x08003734   0x00000004   PAD
    0x08003738   0x08003738   0x00000040   Code   RO         1046    .text.HAL_I2CEx_ConfigAnalogFilter  stm32h7xx_hal_i2c_ex.o
    0x08003778   0x08003778   0x0000003e   Code   RO         1048    .text.HAL_I2CEx_ConfigDigitalFilter  stm32h7xx_hal_i2c_ex.o
    0x080037b6   0x080037b6   0x00000002   PAD
    0x080037b8   0x080037b8   0x00000098   Code   RO          880    .text.HAL_I2C_Init  stm32h7xx_hal_i2c.o
    0x08003850   0x08003850   0x0000008c   Code   RO           46    .text.HAL_I2C_MspInit  i2c.o
    0x080038dc   0x080038dc   0x00000004   PAD
    0x080038e0   0x080038e0   0x0000001a   Code   RO          783    .text.HAL_IncTick   stm32h7xx_hal.o
    0x080038fa   0x080038fa   0x00000006   PAD
    0x08003900   0x08003900   0x00000064   Code   RO          773    .text.HAL_Init      stm32h7xx_hal.o
    0x08003964   0x08003964   0x00000004   PAD
    0x08003968   0x08003968   0x00000054   Code   RO          775    .text.HAL_InitTick  stm32h7xx_hal.o
    0x080039bc   0x080039bc   0x00000004   PAD
    0x080039c0   0x080039c0   0x00000028   Code   RO          118    .text.HAL_MspInit   stm32h7xx_hal_msp.o
    0x080039e8   0x080039e8   0x00000008   Code   RO          208    .text.HAL_NVIC_EnableIRQ  stm32h7xx_hal_cortex.o
    0x080039f0   0x080039f0   0x0000001e   Code   RO          200    .text.HAL_NVIC_SetPriority  stm32h7xx_hal_cortex.o
    0x08003a0e   0x08003a0e   0x00000002   PAD
    0x08003a10   0x08003a10   0x00000008   Code   RO          196    .text.HAL_NVIC_SetPriorityGrouping  stm32h7xx_hal_cortex.o
    0x08003a18   0x08003a18   0x00000048   Code   RO          685    .text.HAL_PWREx_ConfigSupply  stm32h7xx_hal_pwr_ex.o
    0x08003a60   0x08003a60   0x00000026   Code   RO          322    .text.HAL_RCCEx_GetD3PCLK1Freq  stm32h7xx_hal_rcc_ex.o
    0x08003a86   0x08003a86   0x00000002   PAD
    0x08003a88   0x08003a88   0x00000124   Code   RO          318    .text.HAL_RCCEx_GetPLL2ClockFreq  stm32h7xx_hal_rcc_ex.o
    0x08003bac   0x08003bac   0x00000004   PAD
    0x08003bb0   0x08003bb0   0x00000124   Code   RO          320    .text.HAL_RCCEx_GetPLL3ClockFreq  stm32h7xx_hal_rcc_ex.o
    0x08003cd4   0x08003cd4   0x00000004   PAD
    0x08003cd8   0x08003cd8   0x000008cc   Code   RO          306    .text.HAL_RCCEx_PeriphCLKConfig  stm32h7xx_hal_rcc_ex.o
    0x080045a4   0x080045a4   0x00000004   PAD
    0x080045a8   0x080045a8   0x00000002   Code   RO          296    .text.HAL_RCC_CSSCallback  stm32h7xx_hal_rcc.o
    0x080045aa   0x080045aa   0x00000006   PAD
    0x080045b0   0x080045b0   0x00000254   Code   RO          274    .text.HAL_RCC_ClockConfig  stm32h7xx_hal_rcc.o
    0x08004804   0x08004804   0x00000004   PAD
    0x08004808   0x08004808   0x00000012   Code   RO          280    .text.HAL_RCC_EnableCSS  stm32h7xx_hal_rcc.o
    0x0800481a   0x0800481a   0x00000006   PAD
    0x08004820   0x08004820   0x0000004c   Code   RO          284    .text.HAL_RCC_GetHCLKFreq  stm32h7xx_hal_rcc.o
    0x0800486c   0x0800486c   0x00000004   PAD
    0x08004870   0x08004870   0x00000026   Code   RO          286    .text.HAL_RCC_GetPCLK1Freq  stm32h7xx_hal_rcc.o
    0x08004896   0x08004896   0x00000002   PAD
    0x08004898   0x08004898   0x00000026   Code   RO          288    .text.HAL_RCC_GetPCLK2Freq  stm32h7xx_hal_rcc.o
    0x080048be   0x080048be   0x00000002   PAD
    0x080048c0   0x080048c0   0x00000108   Code   RO          276    .text.HAL_RCC_GetSysClockFreq  stm32h7xx_hal_rcc.o
    0x080049c8   0x080049c8   0x0000001e   Code   RO          294    .text.HAL_RCC_NMI_IRQHandler  stm32h7xx_hal_rcc.o
    0x080049e6   0x080049e6   0x00000002   PAD
    0x080049e8   0x080049e8   0x000005f0   Code   RO          272    .text.HAL_RCC_OscConfig  stm32h7xx_hal_rcc.o
    0x08004fd8   0x08004fd8   0x00000008   Code   RO          220    .text.HAL_SYSTICK_Config  stm32h7xx_hal_cortex.o
    0x08004fe0   0x08004fe0   0x00000036   Code   RO         1265    .text.HAL_UARTEx_DisableFifoMode  stm32h7xx_hal_uart_ex.o
    0x08005016   0x08005016   0x00000002   PAD
    0x08005018   0x08005018   0x00000002   Code   RO         1188    .text.HAL_UARTEx_RxEventCallback  stm32h7xx_hal_uart.o
    0x0800501a   0x0800501a   0x00000006   PAD
    0x08005020   0x08005020   0x00000002   Code   RO         1247    .text.HAL_UARTEx_RxFifoFullCallback  stm32h7xx_hal_uart_ex.o
    0x08005022   0x08005022   0x00000006   PAD
    0x08005028   0x08005028   0x0000004a   Code   RO         1269    .text.HAL_UARTEx_SetRxFifoThreshold  stm32h7xx_hal_uart_ex.o
    0x08005072   0x08005072   0x00000006   PAD
    0x08005078   0x08005078   0x0000004a   Code   RO         1267    .text.HAL_UARTEx_SetTxFifoThreshold  stm32h7xx_hal_uart_ex.o
    0x080050c2   0x080050c2   0x00000006   PAD
    0x080050c8   0x080050c8   0x00000002   Code   RO         1249    .text.HAL_UARTEx_TxFifoEmptyCallback  stm32h7xx_hal_uart_ex.o
    0x080050ca   0x080050ca   0x00000006   PAD
    0x080050d0   0x080050d0   0x00000002   Code   RO         1245    .text.HAL_UARTEx_WakeupCallback  stm32h7xx_hal_uart_ex.o
    0x080050d2   0x080050d2   0x00000006   PAD
    0x080050d8   0x080050d8   0x00000002   Code   RO         1186    .text.HAL_UART_ErrorCallback  stm32h7xx_hal_uart.o
    0x080050da   0x080050da   0x00000006   PAD
    0x080050e0   0x080050e0   0x0000000c   Code   RO         1218    .text.HAL_UART_GetState  stm32h7xx_hal_uart.o
    0x080050ec   0x080050ec   0x00000004   PAD
    0x080050f0   0x080050f0   0x00000362   Code   RO         1182    .text.HAL_UART_IRQHandler  stm32h7xx_hal_uart.o
    0x08005452   0x08005452   0x00000006   PAD
    0x08005458   0x08005458   0x00000062   Code   RO         1094    .text.HAL_UART_Init  stm32h7xx_hal_uart.o
    0x080054ba   0x080054ba   0x00000006   PAD
    0x080054c0   0x080054c0   0x00000270   Code   RO           67    .text.HAL_UART_MspInit  usart.o
    0x08005730   0x08005730   0x0000005c   Code   RO         1142    .text.HAL_UART_Receive_DMA  stm32h7xx_hal_uart.o
    0x0800578c   0x0800578c   0x00000004   PAD
    0x08005790   0x08005790   0x0000005c   Code   RO         1130    .text.HAL_UART_Receive_IT  stm32h7xx_hal_uart.o
    0x080057ec   0x080057ec   0x00000004   PAD
    0x080057f0   0x080057f0   0x0000006c   Code   RO         1287    .text.HAL_UART_RxCpltCallback  callbackaction.o
    0x0800585c   0x0800585c   0x00000004   PAD
    0x08005860   0x08005860   0x00000002   Code   RO         1198    .text.HAL_UART_RxHalfCpltCallback  stm32h7xx_hal_uart.o
    0x08005862   0x08005862   0x00000006   PAD
    0x08005868   0x08005868   0x000000da   Code   RO         1114    .text.HAL_UART_Transmit  stm32h7xx_hal_uart.o
    0x08005942   0x08005942   0x00000006   PAD
    0x08005948   0x08005948   0x0000009a   Code   RO         1134    .text.HAL_UART_Transmit_DMA  stm32h7xx_hal_uart.o
    0x080059e2   0x080059e2   0x00000006   PAD
    0x080059e8   0x080059e8   0x00000002   Code   RO         1192    .text.HAL_UART_TxCpltCallback  stm32h7xx_hal_uart.o
    0x080059ea   0x080059ea   0x00000006   PAD
    0x080059f0   0x080059f0   0x00000002   Code   RO         1194    .text.HAL_UART_TxHalfCpltCallback  stm32h7xx_hal_uart.o
    0x080059f2   0x080059f2   0x00000006   PAD
    0x080059f8   0x080059f8   0x00000002   Code   RO           87    .text.HardFault_Handler  stm32h7xx_it.o
    0x080059fa   0x080059fa   0x00000006   PAD
    0x08005a00   0x08005a00   0x00000042   Code   RO           35    .text.MX_DMA_Init   dma.o
    0x08005a42   0x08005a42   0x00000006   PAD
    0x08005a48   0x08005a48   0x000000c4   Code   RO           26    .text.MX_GPIO_Init  gpio.o
    0x08005b0c   0x08005b0c   0x00000004   PAD
    0x08005b10   0x08005b10   0x00000068   Code   RO           44    .text.MX_I2C4_Init  i2c.o
    0x08005b78   0x08005b78   0x0000007a   Code   RO           59    .text.MX_UART4_Init  usart.o
    0x08005bf2   0x08005bf2   0x00000006   PAD
    0x08005bf8   0x08005bf8   0x0000007a   Code   RO           61    .text.MX_UART5_Init  usart.o
    0x08005c72   0x08005c72   0x00000006   PAD
    0x08005c78   0x08005c78   0x0000007a   Code   RO           63    .text.MX_UART7_Init  usart.o
    0x08005cf2   0x08005cf2   0x00000006   PAD
    0x08005cf8   0x08005cf8   0x0000007a   Code   RO           65    .text.MX_UART8_Init  usart.o
    0x08005d72   0x08005d72   0x00000006   PAD
    0x08005d78   0x08005d78   0x00000002   Code   RO           89    .text.MemManage_Handler  stm32h7xx_it.o
    0x08005d7a   0x08005d7a   0x00000006   PAD
    0x08005d80   0x08005d80   0x00000006   Code   RO           85    .text.NMI_Handler   stm32h7xx_it.o
    0x08005d86   0x08005d86   0x00000002   PAD
    0x08005d88   0x08005d88   0x0000002e   Code   RO          206    .text.NVIC_EncodePriority  stm32h7xx_hal_cortex.o
    0x08005db6   0x08005db6   0x00000002   PAD
    0x08005db8   0x08005db8   0x00000002   Code   RO           99    .text.PendSV_Handler  stm32h7xx_it.o
    0x08005dba   0x08005dba   0x00000006   PAD
    0x08005dc0   0x08005dc0   0x0000011e   Code   RO          308    .text.RCCEx_PLL2_Config  stm32h7xx_hal_rcc_ex.o
    0x08005ede   0x08005ede   0x00000002   PAD
    0x08005ee0   0x08005ee0   0x0000011e   Code   RO          310    .text.RCCEx_PLL3_Config  stm32h7xx_hal_rcc_ex.o
    0x08005ffe   0x08005ffe   0x00000002   PAD
    0x08006000   0x08006000   0x00000002   Code   RO           95    .text.SVC_Handler   stm32h7xx_it.o
    0x08006002   0x08006002   0x00000006   PAD
    0x08006008   0x08006008   0x0000002e   Code   RO          222    .text.SysTick_Config  stm32h7xx_hal_cortex.o
    0x08006036   0x08006036   0x00000002   PAD
    0x08006038   0x08006038   0x00000008   Code   RO          101    .text.SysTick_Handler  stm32h7xx_it.o
    0x08006040   0x08006040   0x000000be   Code   RO           13    .text.SystemClock_Config  main.o
    0x080060fe   0x080060fe   0x00000002   PAD
    0x08006100   0x08006100   0x000000da   Code   RO          181    .text.SystemInit    system_stm32h7xx.o
    0x080061da   0x080061da   0x00000006   PAD
    0x080061e0   0x080061e0   0x00000010   Code   RO          107    .text.UART4_IRQHandler  stm32h7xx_it.o
    0x080061f0   0x080061f0   0x00000010   Code   RO          109    .text.UART5_IRQHandler  stm32h7xx_it.o
    0x08006200   0x08006200   0x00000054   Code   RO         1263    .text.UARTEx_SetNbDataToProcess  stm32h7xx_hal_uart_ex.o
    0x08006254   0x08006254   0x00000004   PAD
    0x08006258   0x08006258   0x000000e0   Code   RO         1100    .text.UART_AdvFeatureConfig  stm32h7xx_hal_uart.o
    0x08006338   0x08006338   0x0000006a   Code   RO         1102    .text.UART_CheckIdleState  stm32h7xx_hal_uart.o
    0x080063a2   0x080063a2   0x00000006   PAD
    0x080063a8   0x080063a8   0x00000014   Code   RO         1184    .text.UART_DMAAbortOnError  stm32h7xx_hal_uart.o
    0x080063bc   0x080063bc   0x00000004   PAD
    0x080063c0   0x080063c0   0x00000054   Code   RO         1140    .text.UART_DMAError  stm32h7xx_hal_uart.o
    0x08006414   0x08006414   0x00000004   PAD
    0x08006418   0x08006418   0x00000056   Code   RO         1230    .text.UART_DMAReceiveCplt  stm32h7xx_hal_uart.o
    0x0800646e   0x0800646e   0x00000002   PAD
    0x08006470   0x08006470   0x0000001c   Code   RO         1232    .text.UART_DMARxHalfCplt  stm32h7xx_hal_uart.o
    0x0800648c   0x0800648c   0x00000004   PAD
    0x08006490   0x08006490   0x0000002c   Code   RO         1136    .text.UART_DMATransmitCplt  stm32h7xx_hal_uart.o
    0x080064bc   0x080064bc   0x00000004   PAD
    0x080064c0   0x080064c0   0x0000000a   Code   RO         1138    .text.UART_DMATxHalfCplt  stm32h7xx_hal_uart.o
    0x080064ca   0x080064ca   0x00000006   PAD
    0x080064d0   0x080064d0   0x00000034   Code   RO         1154    .text.UART_EndRxTransfer  stm32h7xx_hal_uart.o
    0x08006504   0x08006504   0x00000004   PAD
    0x08006508   0x08006508   0x0000001c   Code   RO         1190    .text.UART_EndTransmit_IT  stm32h7xx_hal_uart.o
    0x08006524   0x08006524   0x00000004   PAD
    0x08006528   0x08006528   0x0000001a   Code   RO         1152    .text.UART_EndTxTransfer  stm32h7xx_hal_uart.o
    0x08006542   0x08006542   0x00000006   PAD
    0x08006548   0x08006548   0x0000007c   Code   RO         1226    .text.UART_RxISR_16BIT  stm32h7xx_hal_uart.o
    0x080065c4   0x080065c4   0x00000004   PAD
    0x080065c8   0x080065c8   0x00000152   Code   RO         1222    .text.UART_RxISR_16BIT_FIFOEN  stm32h7xx_hal_uart.o
    0x0800671a   0x0800671a   0x00000006   PAD
    0x08006720   0x08006720   0x00000080   Code   RO         1228    .text.UART_RxISR_8BIT  stm32h7xx_hal_uart.o
    0x080067a0   0x080067a0   0x00000156   Code   RO         1224    .text.UART_RxISR_8BIT_FIFOEN  stm32h7xx_hal_uart.o
    0x080068f6   0x080068f6   0x00000002   PAD
    0x080068f8   0x080068f8   0x00000570   Code   RO         1098    .text.UART_SetConfig  stm32h7xx_hal_uart.o
    0x08006e68   0x08006e68   0x00000080   Code   RO         1144    .text.UART_Start_Receive_DMA  stm32h7xx_hal_uart.o
    0x08006ee8   0x08006ee8   0x000000e0   Code   RO         1132    .text.UART_Start_Receive_IT  stm32h7xx_hal_uart.o
    0x08006fc8   0x08006fc8   0x000000b8   Code   RO         1116    .text.UART_WaitOnFlagUntilTimeout  stm32h7xx_hal_uart.o
    0x08007080   0x08007080   0x00000002   Code   RO           93    .text.UsageFault_Handler  stm32h7xx_it.o
    0x08007082   0x08007082   0x00000006   PAD
    0x08007088   0x08007088   0x00000008   Code   RO          135    .text.UserInit      usermain.o
    0x08007090   0x08007090   0x00000040   Code   RO          137    .text.UserLoop      usermain.o
    0x080070d0   0x080070d0   0x00000020   Code   RO          210    .text.__NVIC_EnableIRQ  stm32h7xx_hal_cortex.o
    0x080070f0   0x080070f0   0x00000010   Code   RO          202    .text.__NVIC_GetPriorityGrouping  stm32h7xx_hal_cortex.o
    0x08007100   0x08007100   0x00000022   Code   RO          204    .text.__NVIC_SetPriority  stm32h7xx_hal_cortex.o
    0x08007122   0x08007122   0x00000006   PAD
    0x08007128   0x08007128   0x00000020   Code   RO          198    .text.__NVIC_SetPriorityGrouping  stm32h7xx_hal_cortex.o
    0x08007148   0x08007148   0x00000020   Code   RO          126    .text.fputc         miscellaneous.o
    0x08007168   0x08007168   0x000000ba   Code   RO           11    .text.main          main.o
    0x08007222   0x08007222   0x0000001a   Code   RO         1672    x$fpl$fpinit        fz_wv.l(fpinit.o)
    0x0800723c   0x0800723c   0x00000004   Data   RO         1469    .constdata          c_wu.l(sys_io_names.o)
    0x08007240   0x08007240   0x00000004   Data   RO         1470    .constdata          c_wu.l(sys_io_names.o)
    0x08007244   0x08007244   0x00000004   Data   RO         1471    .constdata          c_wu.l(sys_io_names.o)
    0x08007248   0x08007248   0x00000010   Data   RO          187    .rodata.D1CorePrescTable  system_stm32h7xx.o
    0x08007258   0x08007258   0x00000018   Data   RO         1234    .rodata.UARTPrescTable  stm32h7xx_hal_uart.o
    0x08007270   0x08007270   0x00000010   Data   RO         1277    .rodata.cst8        stm32h7xx_hal_uart_ex.o
    0x08007280   0x08007280   0x00000020   Data   RO         1760    Region$$Table       anon$$obj.o


    Execution Region RW_IRAM1 (Exec base: 0x20000000, Load base: 0x080072a0, Size: 0x00000000, Max: 0x00020000, ABSOLUTE)

    **** No section assigned to this execution region ****


    Execution Region RW_IRAM2 (Exec base: 0x24000000, Load base: 0x080072a0, Size: 0x00000b48, Max: 0x00080000, ABSOLUTE)

    Exec Addr    Load Addr    Size         Type   Attr      Idx    E Section Name        Object

    0x24000000   0x080072a0   0x00000004   Data   RW         1439    .data               c_wu.l(stdio_streams.o)
    0x24000004   0x080072a4   0x00000004   Data   RW         1440    .data               c_wu.l(stdio_streams.o)
    0x24000008   0x080072a8   0x00000004   Data   RW         1441    .data               c_wu.l(stdio_streams.o)
    0x2400000c   0x080072ac   0x00000002   Data   RW         1375    .data.GraySensorGetFifteenAnalogValue  graysensor.o
    0x2400000e   0x080072ae   0x00000002   Data   RW         1366    .data.GraySensorTestConfiguration  graysensor.o
    0x24000010   0x080072b0   0x00000004   Data   RW          185    .data.SystemCoreClock  system_stm32h7xx.o
    0x24000014   0x080072b4   0x00000004   Data   RW          186    .data.SystemD2Clock  system_stm32h7xx.o
    0x24000018   0x080072b8   0x00000004   Data   RW          870    .data.uwTickFreq    stm32h7xx_hal.o
    0x2400001c   0x080072bc   0x00000004   Data   RW          869    .data.uwTickPrio    stm32h7xx_hal.o
    0x24000020        -       0x00000054   Zero   RW         1436    .bss                c_wu.l(stdio_streams.o)
    0x24000074        -       0x00000054   Zero   RW         1437    .bss                c_wu.l(stdio_streams.o)
    0x240000c8        -       0x00000054   Zero   RW         1438    .bss                c_wu.l(stdio_streams.o)
    0x2400011c        -       0x00000060   Zero   RW         1627    .bss                c_wu.l(libspace.o)
    0x2400017c        -       0x00000002   Zero   RW         1367    .bss.GraySensorConfigConfirm  graysensor.o
    0x2400017e        -       0x00000001   Zero   RW         1365    .bss.GraySensorInstructionNum  graysensor.o
    0x2400017f        -       0x00000012   Zero   RW         1373    .bss.GraySensorReceiveBuffer  graysensor.o
    0x24000191        -       0x00000001   Zero   RW         1324    .bss.GyroOpenFlag   gyro.o
    0x24000192        -       0x0000000b   Zero   RW         1320    .bss.GyroReceiveBuffer  gyro.o
    0x2400019d        -       0x00000001   Zero   RW         1328    .bss.GyroReceiveNum  gyro.o
    0x2400019e   0x080072c0   0x00000002   PAD
    0x240001a0        -       0x00000008   Zero   RW         1325    .bss.PitchAngle     gyro.o
    0x240001a8        -       0x00000008   Zero   RW         1326    .bss.RollAngle      gyro.o
    0x240001b0        -       0x00000008   Zero   RW         1327    .bss.YawAngle       gyro.o
    0x240001b8        -       0x0000007c   Zero   RW           76    .bss.hdma_uart4_rx  usart.o
    0x24000234        -       0x0000007c   Zero   RW           75    .bss.hdma_uart4_tx  usart.o
    0x240002b0        -       0x00000054   Zero   RW           50    .bss.hi2c4          i2c.o
    0x24000304        -       0x00000090   Zero   RW           71    .bss.huart4         usart.o
    0x24000394        -       0x00000090   Zero   RW           72    .bss.huart5         usart.o
    0x24000424        -       0x00000090   Zero   RW           73    .bss.huart7         usart.o
    0x240004b4        -       0x00000090   Zero   RW           74    .bss.huart8         usart.o
    0x24000544        -       0x00000004   Zero   RW          871    .bss.uwTick         stm32h7xx_hal.o
    0x24000548        -       0x00000200   Zero   RW            2    HEAP                startup_stm32h743xx.o
    0x24000748        -       0x00000400   Zero   RW            1    STACK               startup_stm32h743xx.o


==============================================================================

Image component sizes


      Code (inc. data)   RO Data    RW Data    ZI Data      Debug   Object Name

       108          0          0          0          0       4017   callbackaction.o
        66          0          0          0          0       5335   dma.o
       196          0          0          0          0       3038   gpio.o
       292          0          0          4         21       3380   graysensor.o
       162         16          0          0         37       2616   gyro.o
       244          0          0          0         84       7978   i2c.o
       386          0          0          0          0       4649   main.o
        32          0          0          0          0       1012   miscellaneous.o
        64         26        664          0       1536        864   startup_stm32h743xx.o
       276          0          0          8          4      14960   stm32h7xx_hal.o
       260          0          0          0          0      12697   stm32h7xx_hal_cortex.o
      9094         12          0          0          0      17952   stm32h7xx_hal_dma.o
       432          0          0          0          0       6957   stm32h7xx_hal_gpio.o
       152          0          0          0          0      39915   stm32h7xx_hal_i2c.o
       126          0          0          0          0       7611   stm32h7xx_hal_i2c_ex.o
        40          0          0          0          0       2258   stm32h7xx_hal_msp.o
        72          0          0          0          0      10655   stm32h7xx_hal_pwr_ex.o
      2582         16          0          0          0      11386   stm32h7xx_hal_rcc.o
      3446        122          0          0          0      17811   stm32h7xx_hal_rcc_ex.o
      5110        382         24          0          0      29501   stm32h7xx_hal_uart.o
       292          0         16          0          0       9925   stm32h7xx_hal_uart_ex.o
        92          0          0          0          0       1432   stm32h7xx_it.o
       218          0         16          8          0       5928   system_stm32h7xx.o
      1112          0          0          0        824      12545   usart.o
        72         12          0          0          0        808   usermain.o

    ----------------------------------------------------------------------
     25314        598        752         20       2508     235230   Object Totals
         0          0         32          0          0          0   (incl. Generated)
       388         12          0          0          2          0   (incl. Padding)

    ----------------------------------------------------------------------

      Code (inc. data)   RO Data    RW Data    ZI Data      Debug   Library Member Name

         8          0          0          0          0         68   __main.o
       104          0          0          0          0         84   __printf.o
         0          0          0          0          0          0   __rtentry.o
        12          0          0          0          0          0   __rtentry2.o
         6          0          0          0          0          0   __rtentry4.o
        52          8          0          0          0          0   __scatter.o
        26          0          0          0          0          0   __scatter_copy.o
        28          0          0          0          0          0   __scatter_zi.o
        48          6          0          0          0         96   _printf_char_common.o
        36          4          0          0          0         80   _printf_char_file.o
         6          0          0          0          0          0   _printf_d.o
       120         16          0          0          0         92   _printf_dec.o
       178          0          0          0          0         88   _printf_intcommon.o
         0          0          0          0          0          0   _printf_percent.o
         4          0          0          0          0          0   _printf_percent_end.o
        10          0          0          0          0         68   defsig_exit.o
        50          0          0          0          0         88   defsig_general.o
        80         58          0          0          0         76   defsig_rtmem_inner.o
        14          0          0          0          0         80   defsig_rtmem_outer.o
        52         38          0          0          0         76   defsig_rtred_inner.o
        14          0          0          0          0         80   defsig_rtred_outer.o
        18          0          0          0          0         80   exit.o
        76          0          0          0          0         88   fclose.o
         8          0          0          0          0         68   ferror.o
       240          6          0          0          0        128   fopen.o
       248          6          0          0          0         84   fseek.o
        66          0          0          0          0         76   ftell.o
        94          0          0          0          0         80   h1_alloc.o
        52          0          0          0          0         68   h1_extend.o
        78          0          0          0          0         80   h1_free.o
        14          0          0          0          0         84   h1_init.o
         6          0          0          0          0        152   heapauxi.o
         4          0          0          0          0        136   hguard.o
         0          0          0          0          0          0   indicate_semi.o
       138          0          0          0          0        168   init_alloc.o
       312         46          0          0          0        112   initio.o
         2          0          0          0          0          0   libinit.o
        18          0          0          0          0          0   libinit2.o
         2          0          0          0          0          0   libshutdown.o
         6          0          0          0          0          0   libshutdown2.o
         8          4          0          0         96         68   libspace.o
       240          0          0          0          0        100   lludivv7m.o
         0          0          0          0          0          0   maybetermalloc1.o
        24          4          0          0          0         84   noretval__2printf.o
        44          4          0          0          0         84   puts.o
         8          4          0          0          0         68   rt_errno_addr_intlibspace.o
         8          4          0          0          0         68   rt_heap_descriptor_intlibspace.o
        78          0          0          0          0         80   rt_memclr_w.o
         2          0          0          0          0          0   rtexit.o
        10          0          0          0          0          0   rtexit2.o
        70          0          0          0          0         80   setvbuf.o
       240          6          0          0          0        156   stdio.o
         0          0          0         12        252          0   stdio_streams.o
        62          0          0          0          0         76   strlen.o
        12          4          0          0          0         68   sys_exit.o
       102          0          0          0          0        240   sys_io.o
         0          0         12          0          0          0   sys_io_names.o
        74          0          0          0          0         80   sys_stackheap_outer.o
        14          0          0          0          0         76   sys_wrch.o
         2          0          0          0          0         68   use_no_semi.o
        26          0          0          0          0        116   fpinit.o

    ----------------------------------------------------------------------
      3266        218         12         12        348       3892   Library Totals
        12          0          0          0          0          0   (incl. Padding)

    ----------------------------------------------------------------------

      Code (inc. data)   RO Data    RW Data    ZI Data      Debug   Library Name

      3228        218         12         12        348       3776   c_wu.l
        26          0          0          0          0        116   fz_wv.l

    ----------------------------------------------------------------------
      3266        218         12         12        348       3892   Library Totals

    ----------------------------------------------------------------------

==============================================================================


      Code (inc. data)   RO Data    RW Data    ZI Data      Debug   

     28580        816        764         32       2856     236778   Grand Totals
     28580        816        764         32       2856     236778   ELF Image Totals
     28580        816        764         32          0          0   ROM Totals

==============================================================================

    Total RO  Size (Code + RO Data)                29344 (  28.66kB)
    Total RW  Size (RW Data + ZI Data)              2888 (   2.82kB)
    Total ROM Size (Code + RO Data + RW Data)      29376 (  28.69kB)

==============================================================================

